
 DEV  v1.6.1 /home/ubuntu/code/war-games

stdout | src/tests/server_v2/sse_integration.test.ts > SSE Event Stream Integration (Reproduction)
Database initialized with tables
📡 Sim Engine: Using remote terrain worker at LOCAL_ONLY

{"level":30,"time":1778543020925,"pid":546817,"hostname":"ubuntu-Surface-Laptop-Go","msg":"Server listening at http://127.0.0.1:3006"}
stdout | src/tests/server_v2/sse_integration.test.ts > SSE Event Stream Integration (Reproduction)
[Server] Registering route: POST /api/v2/agents (agent_create)
[Server] Registering route: GET /api/v2/agents (agent_list)
[Server] Registering route: DELETE /api/v2/agents/:agentId (agent_delete)
[Server] Registering route: POST /api/v2/agents/seed (agent_seed)
[Server] Registering route: POST /api/v2/agents/:agentId/threads (agent_thread_create)
[Server] Registering route: GET /api/v2/threads/:threadId/history (agent_thread_history)
[Server] Registering route: PATCH /api/v2/agents/:agentId (agent_update)
[Server] Registering route: GET /api/v2/threads (agent_thread_list)
[Server] Registering route: PATCH /api/v2/threads/:threadId (agent_thread_update)
[Server] Registering route: DELETE /api/v2/threads/:threadId (agent_thread_delete)
[Server] Registering route: PATCH /api/v2/messages/:messageId (agent_message_update)
[Server] Registering route: DELETE /api/v2/messages/:messageId (agent_message_delete)
[Server] Registering route: POST /api/v2/threads/:threadId/run (agent_run_stream)
[Server] Registering route: GET /api/v2/matches/:matchId/automation/events (automation_list_events)
[Server] Registering route: POST /api/v2/matches/:matchId/automation/events/:eventId/trigger (automation_trigger_event)
[Server] Registering route: GET /api/v2/matches/:matchId/automation/assertions (automation_get_results)
[Server] Registering route: GET /api/v2/bugs (bug_list)
[Server] Registering route: POST /api/v2/bugs (bug_create)
[Server] Registering route: GET /api/v2/bugs/:id (bug_get)
[Server] Registering route: PATCH /api/v2/bugs/:id (bug_update)
[Server] Registering route: POST /api/v2/bugs/:bugId/comments (bug_add_comment)
[Server] Registering route: GET /api/v2/matches/:matchId/entities/:entityId/combat (combat_get)
[Server] Registering route: POST /api/v2/matches/:matchId/entities/:entityId/combat/fire (combat_fire)
[Server] Registering route: POST /api/v2/matches/:matchId/entities/:entityId/combat/salvo (combat_fire_salvo)
[Server] Registering route: GET /api/v2/matches/:matchId/entities/:entityId/combat/mounts (combat_list_mounts)
[Server] Registering route: GET /api/v2/matches/:matchId/entities/:entityId/combat/wra (combat_get_wra)
[Server] Registering route: PATCH /api/v2/matches/:matchId/entities/:entityId/combat/wra (combat_update_wra)
[Server] Registering route: PATCH /api/v2/matches/:matchId/entities/:entityId/combat/roe (combat_update_roe)
[Server] Registering route: GET /api/v2/matches/:matchId/entities/:entityId/datalink (datalink_get)
[Server] Registering route: PATCH /api/v2/matches/:matchId/entities/:entityId/datalink/network (datalink_update_network)
[Server] Registering route: PATCH /api/v2/matches/:matchId/entities/:entityId/datalink/emissions (datalink_set_emissions)
[Server] Registering route: GET /api/v2/db/profiles (db_profile_list)
[Server] Registering route: GET /api/v2/db/profiles/:id (db_profile_get)
[Server] Registering route: POST /api/v2/db/profiles (db_profile_create)
[Server] Registering route: GET /api/v2/db/weapons (db_weapon_list)
[Server] Registering route: GET /api/v2/db/weapons/:id (db_weapon_get)
[Server] Registering route: GET /api/v2/db/scenarios (db_scenario_list)
[Server] Registering route: GET /api/v2/db/scenarios/:id (db_scenario_get)
[Server] Registering route: POST /api/v2/db/seed (db_seed)
[Server] Registering route: GET /api/v2/matches/:matchId/entities (entity_list)
[Server] Registering route: GET /api/v2/matches/:matchId/entities/:entityId (entity_get)
[Server] Registering route: POST /api/v2/matches/:matchId/entities (entity_create)
[Server] Registering route: DELETE /api/v2/matches/:matchId/entities/:entityId (entity_delete)
[Server] Registering route: GET /api/v2/matches/:matchId/entities/:entityId/status (entity_get_status)
[Server] Registering route: GET /api/v2/matches/:matchId/environment (env_get)
[Server] Registering route: PATCH /api/v2/matches/:matchId/environment (env_update)
[Server] Registering route: GET /api/v2/matches/:matchId/environment/terrain (env_sample_terrain)
[Server] Registering route: GET /api/v2/matches/:matchId/environment/ocean (env_sample_ocean)
[Server] Registering route: GET /api/v2/matches/:matchId/environment/borders (env_get_borders)
[Server] Registering route: PUT /api/v2/matches/:matchId/environment/time (env_set_time)
[Server] Registering route: POST /api/v2/matches/:matchId/environment/terrain/prefetch (env_prefetch_terrain)
[Server] Registering route: GET /api/v2/env/terrain/cache (env_get_cache_stats)
[Server] Registering route: GET /api/v2/env/terrain/tile (env_get_terrain_tile)
[Server] Registering route: GET /api/v2/matches/:matchId/entities/:entityId/ew/jammer (ew_get_jammer)
[Server] Registering route: PATCH /api/v2/matches/:matchId/entities/:entityId/ew/jammer/state (ew_set_jammer_state)
[Server] Registering route: PUT /api/v2/matches/:matchId/entities/:entityId/ew/jammer/target (ew_assign_jammer_target)
[Server] Registering route: GET /api/v2/matches/:matchId/entities/:entityId/ew/sigint (ew_get_sigint)
[Server] Registering route: GET /api/v2/matches/:matchId/groups (group_list)
[Server] Registering route: GET /api/v2/matches/:matchId/groups/:groupId (group_get)
[Server] Registering route: POST /api/v2/matches/:matchId/groups (group_create)
[Server] Registering route: PUT /api/v2/matches/:matchId/groups/:groupId/leader (group_set_leader)
[Server] Registering route: PATCH /api/v2/matches/:matchId/groups/:groupId/parameters (group_set_parameters)
[Server] Registering route: GET /api/v2/matches/:matchId/entities/:entityId/guidance (guidance_get)
[Server] Registering route: PATCH /api/v2/matches/:matchId/entities/:entityId/guidance (guidance_update)
[Server] Registering route: PUT /api/v2/matches/:matchId/entities/:entityId/guidance/target (guidance_set_target)
[Server] Registering route: GET /api/v2/history/:batchId/telemetry/:entityId (history_list_telemetry)
[Server] Registering route: GET /api/v2/history/:batchId/heatmap (history_get_heatmap)
[Server] Registering route: GET /api/v2/history/:batchId/events (history_list_events)
[Server] Registering route: GET /api/v2/history/:batchId/losses (history_get_losses)
[Server] Registering route: GET /api/v2/history/:batchId/metrics (history_aggregate_metrics)
[Server] Registering route: GET /api/v2/history/:batchId/telemetry/:entityId/samples (history_get_entity_samples)
[Server] Registering route: GET /api/v2/matches/:matchId/entities/:entityId/kinematics (kinematics_get)
[Server] Registering route: PATCH /api/v2/matches/:matchId/entities/:entityId/kinematics (kinematics_update)
[Server] Registering route: PUT /api/v2/matches/:matchId/entities/:entityId/kinematics/position (kinematics_set_position)
[Server] Registering route: POST /api/v2/matches/:matchId/entities/:entityId/kinematics/force (kinematics_apply_force)
[Server] Registering route: GET /api/v2/matches/:matchId/entities/:entityId/logistics (logistics_get)
[Server] Registering route: PATCH /api/v2/matches/:matchId/entities/:entityId/logistics/state (logistics_update_state)
[Server] Registering route: POST /api/v2/matches/:matchId/logistics/transfer (logistics_transfer)
[Server] Registering route: POST /api/v2/matches/:matchId/entities/:entityId/logistics/damage (logistics_apply_damage)
[Server] Registering route: POST /api/v2/matches/:matchId/entities/:entityId/logistics/land (logistics_land)
[Server] Registering route: POST /api/v2/matches/:matchId/entities/:entityId/logistics/launch (logistics_launch)
[Server] Registering route: GET /api/v2/map/regions (map_list_regions)
[Server] Registering route: GET /api/v2/map/overlays/:overlayId (map_get_overlay)
[Server] Registering route: GET /api/v2/matches/:matchId/map/los (map_get_los)
[Server] Registering route: GET /api/v2/map/distance (map_calculate_distance)
[Server] Registering route: GET /api/v2/matches/:matchId/map/zones (map_list_zones)
[Server] Registering route: PATCH /api/v2/matches/:matchId/map/zones/:zoneId (map_update_zone)
[Server] Registering route: POST /api/v2/matches/:matchId/map/zones (map_create_zone)
[Server] Registering route: GET /api/v2/matches/:matchId/map/elevation-profile (map_get_elevation_profile)
[Server] Registering route: POST /api/v2/map/convert (map_convert)
[Server] Registering route: GET /api/v2/matches (match_list)
[Server] Registering route: POST /api/v2/matches (match_create)
[Server] Registering route: GET /api/v2/matches/:matchId (match_get)
[Server] Registering route: PATCH /api/v2/matches/:matchId (match_update)
[Server] Registering route: DELETE /api/v2/matches/:matchId (match_delete)
[Server] Registering route: GET /api/v2/matches/:matchId/win-state (match_get_win_state)
[Server] Registering route: GET /api/v2/matches/:matchId/ministries/:side/evaluation (ministry_get_evaluation)
[Server] Registering route: PATCH /api/v2/matches/:matchId/ministries/:side/doctrine (ministry_update_doctrine)
[Server] Registering route: GET /api/v2/matches/:matchId/entities/:entityId/missions (mission_list)
[Server] Registering route: POST /api/v2/matches/:matchId/entities/:entityId/missions (mission_create)
[Server] Registering route: GET /api/v2/matches/:matchId/entities/:entityId/tasks (mission_get_tasks)
[Server] Registering route: GET /api/v2/matches/:matchId/entities/:entityId/navigation (nav_get)
[Server] Registering route: PATCH /api/v2/matches/:matchId/entities/:entityId/navigation (nav_update)
[Server] Registering route: GET /api/v2/matches/:matchId/entities/:entityId/navigation/waypoints (nav_list_waypoints)
[Server] Registering route: POST /api/v2/matches/:matchId/entities/:entityId/navigation/waypoints (nav_add_waypoint)
[Server] Registering route: DELETE /api/v2/matches/:matchId/entities/:entityId/navigation/waypoints (nav_clear_waypoints)
[Server] Registering route: POST /api/v2/matches/:matchId/entities/:entityId/navigation/formation (nav_join_formation)
[Server] Registering route: DELETE /api/v2/matches/:matchId/entities/:entityId/navigation/formation (nav_break_formation)
[Server] Registering route: GET /api/v2/matches/:matchId/entities/:entityId/orbital (orbital_get_elements)
[Server] Registering route: PATCH /api/v2/matches/:matchId/entities/:entityId/orbital (orbital_update_elements)
[Server] Registering route: GET /api/v2/matches/:matchId/entities/:entityId/orbital/passes (orbital_predict_pass)
[Server] Registering route: GET /api/v2/matches/:matchId/entities/:entityId/propulsion (propulsion_get)
[Server] Registering route: PATCH /api/v2/matches/:matchId/entities/:entityId/propulsion (propulsion_update)
[Server] Registering route: PUT /api/v2/matches/:matchId/entities/:entityId/propulsion/state (propulsion_set_state)
[Server] Registering route: POST /api/v2/matches/:matchId/simulation/step (sim_step)
[Server] Registering route: POST /api/v2/matches/:matchId/entities/:entityId/detections (sensor_add_detection)
[Server] Registering route: POST /api/v2/qa/test-weapon (qa_test_weapon)
[Server] Registering route: GET /api/v2/matches/:matchId/entities/:entityId/sensors (sensor_list)
[Server] Registering route: PATCH /api/v2/matches/:matchId/entities/:entityId/sensors/:index (sensor_update)
[Server] Registering route: PATCH /api/v2/matches/:matchId/entities/:entityId/sensors/emcon (sensor_set_emcon)
[Server] Registering route: GET /api/v2/matches/:matchId/sides/:side/roe (side_get_roe)
[Server] Registering route: PATCH /api/v2/matches/:matchId/sides/:side/roe (side_update_roe)
[Server] Registering route: GET /api/v2/matches/:matchId/entities/:entityId/signature (signature_get)
[Server] Registering route: PATCH /api/v2/matches/:matchId/entities/:entityId/signature (signature_update)
[Server] Registering route: POST /api/v2/matches/:matchId/entities/:entityId/countermeasures/deploy (cm_deploy)
[Server] Registering route: GET /api/v2/matches/:matchId/entities/:entityId/countermeasures (cm_get_inventory)
[Server] Registering route: GET /api/v2/matches/:matchId/simulation (sim_get)
[Server] Registering route: PATCH /api/v2/matches/:matchId/simulation (sim_update)
[Server] Registering route: POST /api/v2/matches/:matchId/simulation/pause (sim_pause)
[Server] Registering route: POST /api/v2/matches/:matchId/simulation/resume (sim_resume)
[Server] Registering route: POST /api/v2/matches/:matchId/simulation/speed (sim_set_speed)
[Server] Registering route: GET /api/v2/simulation/metrics (sim_get_metrics)
[Server] Registering route: GET /api/v2/matches/:matchId/simulation/stream (sim_get_stream)
[Server] Registering route: GET /api/v2/matches/:matchId/tracks (track_list)
[Server] Registering route: GET /api/v2/matches/:matchId/tracks/:trackId (track_get)
[Server] Registering route: PATCH /api/v2/matches/:matchId/tracks/:trackId (track_update)
[Server] Registering route: DELETE /api/v2/matches/:matchId/tracks/:trackId (track_delete)

{"level":30,"time":1778543020949,"pid":546817,"hostname":"ubuntu-Surface-Laptop-Go","reqId":"req-1","req":{"method":"POST","url":"/api/v2/db/seed","host":"127.0.0.1:3006","remoteAddress":"127.0.0.1","remotePort":56500},"msg":"incoming request"}
{"level":30,"time":1778543021789,"pid":546817,"hostname":"ubuntu-Surface-Laptop-Go","reqId":"req-1","res":{"statusCode":200},"responseTime":839.7864120006561,"msg":"request completed"}
{"level":30,"time":1778543021797,"pid":546817,"hostname":"ubuntu-Surface-Laptop-Go","reqId":"req-2","req":{"method":"GET","url":"/api/v2/db/scenarios?page=1&pageSize=10","host":"127.0.0.1:3006","remoteAddress":"127.0.0.1","remotePort":56504},"msg":"incoming request"}
{"level":30,"time":1778543021800,"pid":546817,"hostname":"ubuntu-Surface-Laptop-Go","reqId":"req-2","res":{"statusCode":200},"responseTime":3.169301986694336,"msg":"request completed"}
{"level":30,"time":1778543021803,"pid":546817,"hostname":"ubuntu-Surface-Laptop-Go","reqId":"req-3","req":{"method":"POST","url":"/api/v2/matches","host":"127.0.0.1:3006","remoteAddress":"127.0.0.1","remotePort":56500},"msg":"incoming request"}
{"level":30,"time":1778543021851,"pid":546817,"hostname":"ubuntu-Surface-Laptop-Go","reqId":"req-3","res":{"statusCode":200},"responseTime":47.10304695367813,"msg":"request completed"}
stdout | src/tests/server_v2/sse_integration.test.ts > SSE Event Stream Integration (Reproduction)
Loading Scenario: CAP Training
[2026-05-11T23:43:41.814Z] [ENGINE] [INFO] Automation Setup: 0 events, 0 assertions
--- STARTING TERRAIN PREFETCH ---
--- TERRAIN PREFETCH COMPLETE ---

{"level":30,"time":1778543021855,"pid":546817,"hostname":"ubuntu-Surface-Laptop-Go","reqId":"req-4","req":{"method":"GET","url":"/api/v2/matches/8f85fe83-6348-4e1c-9876-1b231638aa3b/simulation/stream?matchId=8f85fe83-6348-4e1c-9876-1b231638aa3b","host":"127.0.0.1:3006","remoteAddress":"127.0.0.1","remotePort":56504},"msg":"incoming request"}
stdout | src/tests/server_v2/sse_integration.test.ts > SSE Event Stream Integration (Reproduction) > SHOULD receive EntitySpawned and Detection events via SDK stream
[sim_get_stream] Streaming world j0drxk

stdout | src/tests/server_v2/sse_integration.test.ts > SSE Event Stream Integration (Reproduction) > SHOULD receive EntitySpawned and Detection events via SDK stream
[World] Recording event: ViewStateUpdated
[SSE Handler] Received event: ViewStateUpdated
[World] Recording event: ViewStateUpdated
[SSE Handler] Received event: ViewStateUpdated
[World] Recording event: ViewStateUpdated
[SSE Handler] Received event: ViewStateUpdated
[SSE Handler] Received event: TickCompleted
[Test Client] Received event: ViewStateUpdated
[Test Client] Received event: ViewStateUpdated
[Test Client] Received event: ViewStateUpdated
[Test Client] Received event: TickCompleted

stdout | src/tests/server_v2/sse_integration.test.ts > SSE Event Stream Integration (Reproduction) > SHOULD receive EntitySpawned and Detection events via SDK stream
[SSE Handler] Received event: TickCompleted
[Test Client] Received event: TickCompleted

stdout | src/tests/server_v2/sse_integration.test.ts > SSE Event Stream Integration (Reproduction) > SHOULD receive EntitySpawned and Detection events via SDK stream
[World] Recording event: ViewStateUpdated
[SSE Handler] Received event: ViewStateUpdated
[World] Recording event: ViewStateUpdated
[SSE Handler] Received event: ViewStateUpdated
[World] Recording event: ViewStateUpdated
[SSE Handler] Received event: ViewStateUpdated
[SSE Handler] Received event: TickCompleted
[Test Client] Received event: ViewStateUpdated
[Test Client] Received event: ViewStateUpdated
[Test Client] Received event: ViewStateUpdated
[Test Client] Received event: TickCompleted

stdout | src/tests/server_v2/sse_integration.test.ts > SSE Event Stream Integration (Reproduction) > SHOULD receive EntitySpawned and Detection events via SDK stream
[World] Recording event: ViewStateUpdated
[SSE Handler] Received event: ViewStateUpdated
[World] Recording event: ViewStateUpdated
[SSE Handler] Received event: ViewStateUpdated
[World] Recording event: ViewStateUpdated
[SSE Handler] Received event: ViewStateUpdated
[SSE Handler] Received event: TickCompleted
[Test Client] Received event: ViewStateUpdated
[Test Client] Received event: ViewStateUpdated
[Test Client] Received event: ViewStateUpdated
[Test Client] Received event: TickCompleted

stdout | src/tests/server_v2/sse_integration.test.ts > SSE Event Stream Integration (Reproduction) > SHOULD receive EntitySpawned and Detection events via SDK stream
[World] Recording event: ViewStateUpdated
[SSE Handler] Received event: ViewStateUpdated
[World] Recording event: ViewStateUpdated
[SSE Handler] Received event: ViewStateUpdated
[World] Recording event: ViewStateUpdated
[SSE Handler] Received event: ViewStateUpdated
[SSE Handler] Received event: TickCompleted
[Test Client] Received event: ViewStateUpdated
[Test Client] Received event: ViewStateUpdated
[Test Client] Received event: ViewStateUpdated
[Test Client] Received event: TickCompleted

stdout | src/tests/server_v2/sse_integration.test.ts > SSE Event Stream Integration (Reproduction) > SHOULD receive EntitySpawned and Detection events via SDK stream
[World] Recording event: ViewStateUpdated
[SSE Handler] Received event: ViewStateUpdated
[World] Recording event: ViewStateUpdated
[SSE Handler] Received event: ViewStateUpdated
[World] Recording event: ViewStateUpdated
[SSE Handler] Received event: ViewStateUpdated
[SSE Handler] Received event: TickCompleted
[Test Client] Received event: ViewStateUpdated
[Test Client] Received event: ViewStateUpdated
[Test Client] Received event: ViewStateUpdated
[Test Client] Received event: TickCompleted

stdout | src/tests/server_v2/sse_integration.test.ts > SSE Event Stream Integration (Reproduction) > SHOULD receive EntitySpawned and Detection events via SDK stream
[World] Recording event: ViewStateUpdated
[SSE Handler] Received event: ViewStateUpdated
[World] Recording event: ViewStateUpdated
[SSE Handler] Received event: ViewStateUpdated
[World] Recording event: ViewStateUpdated
[SSE Handler] Received event: ViewStateUpdated
[SSE Handler] Received event: TickCompleted
[Test Client] Received event: ViewStateUpdated
[Test Client] Received event: ViewStateUpdated
[Test Client] Received event: ViewStateUpdated
[Test Client] Received event: TickCompleted

stdout | src/tests/server_v2/sse_integration.test.ts > SSE Event Stream Integration (Reproduction) > SHOULD receive EntitySpawned and Detection events via SDK stream
[SSE Handler] Received event: TickCompleted
[Test Client] Received event: TickCompleted

stdout | src/tests/server_v2/sse_integration.test.ts > SSE Event Stream Integration (Reproduction) > SHOULD receive EntitySpawned and Detection events via SDK stream
[World] Recording event: ViewStateUpdated
[SSE Handler] Received event: ViewStateUpdated
[World] Recording event: ViewStateUpdated
[SSE Handler] Received event: ViewStateUpdated
[World] Recording event: ViewStateUpdated
[SSE Handler] Received event: ViewStateUpdated
[SSE Handler] Received event: TickCompleted
[Test Client] Received event: ViewStateUpdated
[Test Client] Received event: ViewStateUpdated
[Test Client] Received event: ViewStateUpdated
[Test Client] Received event: TickCompleted

stdout | src/tests/server_v2/sse_integration.test.ts > SSE Event Stream Integration (Reproduction) > SHOULD receive EntitySpawned and Detection events via SDK stream
[World] Recording event: ViewStateUpdated
[SSE Handler] Received event: ViewStateUpdated
[World] Recording event: ViewStateUpdated
[SSE Handler] Received event: ViewStateUpdated
[World] Recording event: ViewStateUpdated
[SSE Handler] Received event: ViewStateUpdated
[SSE Handler] Received event: TickCompleted
[Test Client] Received event: ViewStateUpdated
[Test Client] Received event: ViewStateUpdated
[Test Client] Received event: ViewStateUpdated
[Test Client] Received event: TickCompleted

stdout | src/tests/server_v2/sse_integration.test.ts > SSE Event Stream Integration (Reproduction) > SHOULD receive EntitySpawned and Detection events via SDK stream
[SSE Handler] Received event: TickCompleted
[Test Client] Received event: TickCompleted

stdout | src/tests/server_v2/sse_integration.test.ts > SSE Event Stream Integration (Reproduction) > SHOULD receive EntitySpawned and Detection events via SDK stream
[World] Recording event: ViewStateUpdated
[SSE Handler] Received event: ViewStateUpdated
[World] Recording event: ViewStateUpdated
[SSE Handler] Received event: ViewStateUpdated
[World] Recording event: ViewStateUpdated
[SSE Handler] Received event: ViewStateUpdated
[SSE Handler] Received event: TickCompleted
[Test Client] Received event: ViewStateUpdated
[Test Client] Received event: ViewStateUpdated
[Test Client] Received event: ViewStateUpdated
[Test Client] Received event: TickCompleted

stdout | src/tests/server_v2/sse_integration.test.ts > SSE Event Stream Integration (Reproduction) > SHOULD receive EntitySpawned and Detection events via SDK stream
[World] Recording event: ViewStateUpdated
[SSE Handler] Received event: ViewStateUpdated
[World] Recording event: ViewStateUpdated
[SSE Handler] Received event: ViewStateUpdated
[World] Recording event: ViewStateUpdated
[SSE Handler] Received event: ViewStateUpdated
[SSE Handler] Received event: TickCompleted
[Test Client] Received event: ViewStateUpdated
[Test Client] Received event: ViewStateUpdated
[Test Client] Received event: ViewStateUpdated
[Test Client] Received event: TickCompleted

stdout | src/tests/server_v2/sse_integration.test.ts > SSE Event Stream Integration (Reproduction) > SHOULD receive EntitySpawned and Detection events via SDK stream
[SSE Handler] Received event: TickCompleted
[Test Client] Received event: TickCompleted

stdout | src/tests/server_v2/sse_integration.test.ts > SSE Event Stream Integration (Reproduction) > SHOULD receive EntitySpawned and Detection events via SDK stream
[World] Recording event: ViewStateUpdated
[SSE Handler] Received event: ViewStateUpdated
[World] Recording event: ViewStateUpdated
[SSE Handler] Received event: ViewStateUpdated
[World] Recording event: ViewStateUpdated
[SSE Handler] Received event: ViewStateUpdated
[SSE Handler] Received event: TickCompleted
[Test Client] Received event: ViewStateUpdated
[Test Client] Received event: ViewStateUpdated
[Test Client] Received event: ViewStateUpdated
[Test Client] Received event: TickCompleted

stdout | src/tests/server_v2/sse_integration.test.ts > SSE Event Stream Integration (Reproduction) > SHOULD receive EntitySpawned and Detection events via SDK stream
[World] Recording event: ViewStateUpdated
[SSE Handler] Received event: ViewStateUpdated
[World] Recording event: ViewStateUpdated
[SSE Handler] Received event: ViewStateUpdated
[World] Recording event: ViewStateUpdated
[SSE Handler] Received event: ViewStateUpdated
[SSE Handler] Received event: TickCompleted
[Test Client] Received event: ViewStateUpdated
[Test Client] Received event: ViewStateUpdated
[Test Client] Received event: ViewStateUpdated
[Test Client] Received event: TickCompleted

stdout | src/tests/server_v2/sse_integration.test.ts > SSE Event Stream Integration (Reproduction) > SHOULD receive EntitySpawned and Detection events via SDK stream
[World] Recording event: ViewStateUpdated
[SSE Handler] Received event: ViewStateUpdated
[World] Recording event: ViewStateUpdated
[SSE Handler] Received event: ViewStateUpdated
[World] Recording event: ViewStateUpdated
[SSE Handler] Received event: ViewStateUpdated
[SSE Handler] Received event: TickCompleted
[Test Client] Received event: ViewStateUpdated
[Test Client] Received event: ViewStateUpdated
[Test Client] Received event: ViewStateUpdated
[Test Client] Received event: TickCompleted

stdout | src/tests/server_v2/sse_integration.test.ts > SSE Event Stream Integration (Reproduction) > SHOULD receive EntitySpawned and Detection events via SDK stream
[World] Recording event: ViewStateUpdated
[SSE Handler] Received event: ViewStateUpdated
[World] Recording event: ViewStateUpdated
[SSE Handler] Received event: ViewStateUpdated
[World] Recording event: ViewStateUpdated
[SSE Handler] Received event: ViewStateUpdated
[SSE Handler] Received event: TickCompleted
[Test Client] Received event: ViewStateUpdated
[Test Client] Received event: ViewStateUpdated
[Test Client] Received event: ViewStateUpdated
[Test Client] Received event: TickCompleted

stdout | src/tests/server_v2/sse_integration.test.ts > SSE Event Stream Integration (Reproduction) > SHOULD receive EntitySpawned and Detection events via SDK stream
[World] Recording event: ViewStateUpdated
[SSE Handler] Received event: ViewStateUpdated
[World] Recording event: ViewStateUpdated
[SSE Handler] Received event: ViewStateUpdated
[World] Recording event: ViewStateUpdated
[SSE Handler] Received event: ViewStateUpdated
[SSE Handler] Received event: TickCompleted
[Test Client] Received event: ViewStateUpdated
[Test Client] Received event: ViewStateUpdated
[Test Client] Received event: ViewStateUpdated
[Test Client] Received event: TickCompleted

stdout | src/tests/server_v2/sse_integration.test.ts > SSE Event Stream Integration (Reproduction) > SHOULD receive EntitySpawned and Detection events via SDK stream
[World] Recording event: ViewStateUpdated
[SSE Handler] Received event: ViewStateUpdated
[World] Recording event: ViewStateUpdated
[SSE Handler] Received event: ViewStateUpdated
[World] Recording event: ViewStateUpdated
[SSE Handler] Received event: ViewStateUpdated
[SSE Handler] Received event: TickCompleted
[Test Client] Received event: ViewStateUpdated
[Test Client] Received event: ViewStateUpdated
[Test Client] Received event: ViewStateUpdated
[Test Client] Received event: TickCompleted

{"level":30,"time":1778543023857,"pid":546817,"hostname":"ubuntu-Surface-Laptop-Go","reqId":"req-5","req":{"method":"GET","url":"/api/v2/db/profiles?type=Aircraft&page=1&pageSize=10","host":"127.0.0.1:3006","remoteAddress":"127.0.0.1","remotePort":56500},"msg":"incoming request"}
{"level":30,"time":1778543023862,"pid":546817,"hostname":"ubuntu-Surface-Laptop-Go","reqId":"req-5","res":{"statusCode":200},"responseTime":4.416378021240234,"msg":"request completed"}
{"level":30,"time":1778543023867,"pid":546817,"hostname":"ubuntu-Surface-Laptop-Go","reqId":"req-6","req":{"method":"POST","url":"/api/v2/matches/8f85fe83-6348-4e1c-9876-1b231638aa3b/entities","host":"127.0.0.1:3006","remoteAddress":"127.0.0.1","remotePort":56514},"msg":"incoming request"}
{"level":30,"time":1778543023874,"pid":546817,"hostname":"ubuntu-Surface-Laptop-Go","reqId":"req-6","res":{"statusCode":200},"responseTime":6.541107952594757,"msg":"request completed"}
stdout | src/tests/server_v2/sse_integration.test.ts > SSE Event Stream Integration (Reproduction) > SHOULD receive EntitySpawned and Detection events via SDK stream
[entity_create] Creating entity f-16c for match 8f85fe83-6348-4e1c-9876-1b231638aa3b
[entity_create] Calling entityMgr.spawn for f-16c
[EntityManager] Spawning entity-4434b462 in world j0drxk
[World] Adding entity: entity-4434b462
[World] Recording event: EntitySpawned
[SSE Handler] Received event: EntitySpawned
[2026-05-11T23:43:43.872Z] [ENGINE] [INFO] Entity added: entity-4434b462 | {"side":"Blue"}
[entity_create] Spawn successful for entity-4434b462

{"level":30,"time":1778543023879,"pid":546817,"hostname":"ubuntu-Surface-Laptop-Go","reqId":"req-7","req":{"method":"POST","url":"/api/v2/matches/8f85fe83-6348-4e1c-9876-1b231638aa3b/entities","host":"127.0.0.1:3006","remoteAddress":"127.0.0.1","remotePort":56500},"msg":"incoming request"}
{"level":30,"time":1778543023881,"pid":546817,"hostname":"ubuntu-Surface-Laptop-Go","reqId":"req-7","res":{"statusCode":200},"responseTime":1.9185029864311218,"msg":"request completed"}
stdout | src/tests/server_v2/sse_integration.test.ts > SSE Event Stream Integration (Reproduction) > SHOULD receive EntitySpawned and Detection events via SDK stream
[Test Client] Received event: EntitySpawned
[entity_create] Creating entity f-16c for match 8f85fe83-6348-4e1c-9876-1b231638aa3b
[entity_create] Calling entityMgr.spawn for f-16c
[EntityManager] Spawning entity-159c37 in world j0drxk
[World] Adding entity: entity-159c37
[World] Recording event: EntitySpawned
[SSE Handler] Received event: EntitySpawned
[2026-05-11T23:43:43.881Z] [ENGINE] [INFO] Entity added: entity-159c37 | {"side":"Red"}
[entity_create] Spawn successful for entity-159c37

{"level":30,"time":1778543023886,"pid":546817,"hostname":"ubuntu-Surface-Laptop-Go","reqId":"req-8","req":{"method":"POST","url":"/api/v2/matches/8f85fe83-6348-4e1c-9876-1b231638aa3b/entities/entity-4434b462/detections","host":"127.0.0.1:3006","remoteAddress":"127.0.0.1","remotePort":56514},"msg":"incoming request"}
{"level":30,"time":1778543023888,"pid":546817,"hostname":"ubuntu-Surface-Laptop-Go","reqId":"req-8","res":{"statusCode":200},"responseTime":1.87397301197052,"msg":"request completed"}
{"level":30,"time":1778543023892,"pid":546817,"hostname":"ubuntu-Surface-Laptop-Go","reqId":"req-9","req":{"method":"POST","url":"/api/v2/matches/8f85fe83-6348-4e1c-9876-1b231638aa3b/simulation/step","host":"127.0.0.1:3006","remoteAddress":"127.0.0.1","remotePort":56500},"msg":"incoming request"}
stdout | src/tests/server_v2/sse_integration.test.ts > SSE Event Stream Integration (Reproduction) > SHOULD receive EntitySpawned and Detection events via SDK stream
[Test Client] Received event: EntitySpawned

[TERRAIN-WORKER] Successfully downloaded tile: https://s3.amazonaws.com/elevation-tiles-prod/skadi/N00/N00E000.hgt.gz
{"level":30,"time":1778543071591,"pid":546817,"hostname":"ubuntu-Surface-Laptop-Go","reqId":"req-9","res":{"statusCode":200},"responseTime":47696.744001984596,"msg":"request completed"}
stdout | src/tests/server_v2/sse_integration.test.ts > SSE Event Stream Integration (Reproduction)
[World] Recording event: ViewStateUpdated
[SSE Handler] Received event: ViewStateUpdated
[World] Recording event: ViewStateUpdated
[SSE Handler] Received event: ViewStateUpdated
[World] Recording event: ViewStateUpdated
[SSE Handler] Received event: ViewStateUpdated
[SSE Handler] Received event: TickCompleted
[SSE Handler] Received event: TickCompleted
[SSE Handler] Received event: TickCompleted
[SSE Handler] Received event: TickCompleted
[SSE Handler] Received event: TickCompleted
[SSE Handler] Received event: TickCompleted
[SSE Handler] Received event: TickCompleted
[SSE Handler] Received event: TickCompleted
[SSE Handler] Received event: TickCompleted
[SSE Handler] Received event: TickCompleted
[SSE Handler] Received event: TickCompleted
[SSE Handler] Received event: TickCompleted
[SSE Handler] Received event: TickCompleted
[SSE Handler] Received event: TickCompleted
[SSE Handler] Received event: TickCompleted
[SSE Handler] Received event: TickCompleted
[SSE Handler] Received event: TickCompleted
[SSE Handler] Received event: TickCompleted
[SSE Handler] Received event: TickCompleted
[SSE Handler] Received event: TickCompleted
[SSE Handler] Received event: TickCompleted
[SSE Handler] Received event: TickCompleted
[SSE Handler] Received event: TickCompleted
[SSE Handler] Received event: TickCompleted
[SSE Handler] Received event: TickCompleted
[SSE Handler] Received event: TickCompleted
[SSE Handler] Received event: TickCompleted
[SSE Handler] Received event: TickCompleted
[SSE Handler] Received event: TickCompleted
[SSE Handler] Received event: TickCompleted
[SSE Handler] Received event: TickCompleted
[SSE Handler] Received event: TickCompleted
[SSE Handler] Received event: TickCompleted
[SSE Handler] Received event: TickCompleted
[SSE Handler] Received event: TickCompleted
[World] Recording event: ViewStateUpdated
[SSE Handler] Received event: ViewStateUpdated
[World] Recording event: ViewStateUpdated
[SSE Handler] Received event: ViewStateUpdated
[World] Recording event: ViewStateUpdated
[SSE Handler] Received event: ViewStateUpdated
[SSE Handler] Received event: TickCompleted
[SSE Handler] Received event: TickCompleted
[SSE Handler] Received event: TickCompleted
[SSE Handler] Received event: TickCompleted
[SSE Handler] Received event: TickCompleted
[SSE Handler] Received event: TickCompleted
[SSE Handler] Received event: TickCompleted
[SSE Handler] Received event: TickCompleted
[SSE Handler] Received event: TickCompleted
[SSE Handler] Received event: TickCompleted
[SSE Handler] Received event: TickCompleted
[SSE Handler] Received event: TickCompleted
[SSE Handler] Received event: TickCompleted
[SSE Handler] Received event: TickCompleted
[SSE Handler] Received event: TickCompleted
[SSE Handler] Received event: TickCompleted
[SSE Handler] Received event: TickCompleted
[SSE Handler] Received event: TickCompleted
[SSE Handler] Received event: TickCompleted
[SSE Handler] Received event: TickCompleted
[SSE Handler] Received event: TickCompleted
[SSE Handler] Received event: TickCompleted
[SSE Handler] Received event: TickCompleted
[SSE Handler] Received event: TickCompleted
[SSE Handler] Received event: TickCompleted
[SSE Handler] Received event: TickCompleted
[SSE Handler] Received event: TickCompleted
[SSE Handler] Received event: TickCompleted
[SSE Handler] Received event: TickCompleted
[SSE Handler] Received event: TickCompleted
[SSE Handler] Received event: TickCompleted
[SSE Handler] Received event: TickCompleted
[SSE Handler] Received event: TickCompleted
[SSE Handler] Received event: TickCompleted
[SSE Handler] Received event: TickCompleted
[SSE Handler] Received event: TickCompleted
[SSE Handler] Received event: TickCompleted
[SSE Handler] Received event: TickCompleted
[SSE Handler] Received event: TickCompleted
[SSE Handler] Received event: TickCompleted
[SSE Handler] Received event: TickCompleted
[SSE Handler] Received event: TickCompleted
[SSE Handler] Received event: TickCompleted
[World] Recording event: ViewStateUpdated
[SSE Handler] Received event: ViewStateUpdated
[World] Recording event: ViewStateUpdated
[SSE Handler] Received event: ViewStateUpdated
[World] Recording event: ViewStateUpdated
[SSE Handler] Received event: ViewStateUpdated
[SSE Handler] Received event: TickCompleted
[SSE Handler] Received event: TickCompleted
[SSE Handler] Received event: TickCompleted
[SSE Handler] Received event: TickCompleted
[SSE Handler] Received event: TickCompleted
[SSE Handler] Received event: TickCompleted
[SSE Handler] Received event: TickCompleted
[SSE Handler] Received event: TickCompleted
[SSE Handler] Received event: TickCompleted
[SSE Handler] Received event: TickCompleted
[SSE Handler] Received event: TickCompleted
[SSE Handler] Received event: TickCompleted
[SSE Handler] Received event: TickCompleted
[SSE Handler] Received event: TickCompleted
[SSE Handler] Received event: TickCompleted
[SSE Handler] Received event: TickCompleted
[SSE Handler] Received event: TickCompleted
[SSE Handler] Received event: TickCompleted
[SSE Handler] Received event: TickCompleted
[SSE Handler] Received event: TickCompleted
[SSE Handler] Received event: TickCompleted
[SSE Handler] Received event: TickCompleted
[SSE Handler] Received event: TickCompleted
[SSE Handler] Received event: TickCompleted
[SSE Handler] Received event: TickCompleted
[SSE Handler] Received event: TickCompleted
[SSE Handler] Received event: TickCompleted
[SSE Handler] Received event: TickCompleted
[SSE Handler] Received event: TickCompleted
[SSE Handler] Received event: TickCompleted
[SSE Handler] Received event: TickCompleted
[SSE Handler] Received event: TickCompleted
[SSE Handler] Received event: TickCompleted
[SSE Handler] Received event: TickCompleted
[SSE Handler] Received event: TickCompleted
[SSE Handler] Received event: TickCompleted
[SSE Handler] Received event: TickCompleted
[SSE Handler] Received event: TickCompleted
[SSE Handler] Received event: TickCompleted
[SSE Handler] Received event: TickCompleted
[SSE Handler] Received event: TickCompleted
[World] Recording event: ViewStateUpdated
[SSE Handler] Received event: ViewStateUpdated
[World] Recording event: ViewStateUpdated
[SSE Handler] Received event: ViewStateUpdated
[World] Recording event: ViewStateUpdated
[SSE Handler] Received event: ViewStateUpdated
[SSE Handler] Received event: TickCompleted
[SSE Handler] Received event: TickCompleted
[SSE Handler] Received event: TickCompleted
[SSE Handler] Received event: TickCompleted
[SSE Handler] Received event: TickCompleted
[SSE Handler] Received event: TickCompleted
[SSE Handler] Received event: TickCompleted

[TERRAIN-WORKER] Successfully downloaded tile: https://s3.amazonaws.com/elevation-tiles-prod/skadi/S01/S01E000.hgt.gz
stdout | src/tests/server_v2/sse_integration.test.ts > SSE Event Stream Integration (Reproduction)
[World] Recording event: ViewStateUpdated
[SSE Handler] Received event: ViewStateUpdated
[World] Recording event: ViewStateUpdated
[SSE Handler] Received event: ViewStateUpdated
[World] Recording event: ViewStateUpdated
[SSE Handler] Received event: ViewStateUpdated
[SSE Handler] Received event: TickCompleted
[World] Recording event: ViewStateUpdated
[SSE Handler] Received event: ViewStateUpdated
[World] Recording event: ViewStateUpdated
[SSE Handler] Received event: ViewStateUpdated
[World] Recording event: ViewStateUpdated
[SSE Handler] Received event: ViewStateUpdated
[SSE Handler] Received event: TickCompleted
[World] Recording event: ViewStateUpdated
[SSE Handler] Received event: ViewStateUpdated
[World] Recording event: ViewStateUpdated
[SSE Handler] Received event: ViewStateUpdated
[World] Recording event: ViewStateUpdated
[SSE Handler] Received event: ViewStateUpdated
[SSE Handler] Received event: TickCompleted
[World] Recording event: ViewStateUpdated
[SSE Handler] Received event: ViewStateUpdated
[World] Recording event: ViewStateUpdated
[SSE Handler] Received event: ViewStateUpdated
[World] Recording event: ViewStateUpdated
[SSE Handler] Received event: ViewStateUpdated
[SSE Handler] Received event: TickCompleted
[World] Recording event: ViewStateUpdated
[SSE Handler] Received event: ViewStateUpdated
[World] Recording event: ViewStateUpdated
[SSE Handler] Received event: ViewStateUpdated
[World] Recording event: ViewStateUpdated
[SSE Handler] Received event: ViewStateUpdated
[SSE Handler] Received event: TickCompleted
[World] Recording event: ViewStateUpdated
[SSE Handler] Received event: ViewStateUpdated
[World] Recording event: ViewStateUpdated
[SSE Handler] Received event: ViewStateUpdated
[World] Recording event: ViewStateUpdated
[SSE Handler] Received event: ViewStateUpdated
[SSE Handler] Received event: TickCompleted
[World] Recording event: ViewStateUpdated
[SSE Handler] Received event: ViewStateUpdated
[World] Recording event: ViewStateUpdated
[SSE Handler] Received event: ViewStateUpdated
[World] Recording event: ViewStateUpdated
[SSE Handler] Received event: ViewStateUpdated
[SSE Handler] Received event: TickCompleted
[SSE Handler] Received event: TickCompleted
[World] Recording event: ViewStateUpdated
[SSE Handler] Received event: ViewStateUpdated
[World] Recording event: ViewStateUpdated
[SSE Handler] Received event: ViewStateUpdated
[World] Recording event: ViewStateUpdated
[SSE Handler] Received event: ViewStateUpdated
[SSE Handler] Received event: TickCompleted
[SSE Handler] Received event: TickCompleted
[World] Recording event: ViewStateUpdated
[SSE Handler] Received event: ViewStateUpdated
[World] Recording event: ViewStateUpdated
[SSE Handler] Received event: ViewStateUpdated
[World] Recording event: ViewStateUpdated
[SSE Handler] Received event: ViewStateUpdated
[SSE Handler] Received event: TickCompleted
[SSE Handler] Received event: TickCompleted
[SSE Handler] Received event: TickCompleted
[World] Recording event: ViewStateUpdated
[SSE Handler] Received event: ViewStateUpdated
[World] Recording event: ViewStateUpdated
[SSE Handler] Received event: ViewStateUpdated
[World] Recording event: ViewStateUpdated
[SSE Handler] Received event: ViewStateUpdated
[SSE Handler] Received event: TickCompleted
[Test Client] Received event: ViewStateUpdated
[Test Client] Received event: ViewStateUpdated
[Test Client] Received event: ViewStateUpdated
[Test Client] Received event: TickCompleted
[Test Client] Received event: TickCompleted
[Test Client] Received event: TickCompleted
[Test Client] Received event: TickCompleted
[Test Client] Received event: TickCompleted
[Test Client] Received event: TickCompleted
[Test Client] Received event: TickCompleted
[Test Client] Received event: TickCompleted
[Test Client] Received event: TickCompleted
[Test Client] Received event: TickCompleted
[Test Client] Received event: TickCompleted
[Test Client] Received event: TickCompleted
[Test Client] Received event: TickCompleted
[Test Client] Received event: TickCompleted
[Test Client] Received event: TickCompleted
[Test Client] Received event: TickCompleted
[Test Client] Received event: TickCompleted
[Test Client] Received event: TickCompleted
[Test Client] Received event: TickCompleted
[Test Client] Received event: TickCompleted
[Test Client] Received event: TickCompleted
[Test Client] Received event: TickCompleted
[Test Client] Received event: TickCompleted
[Test Client] Received event: TickCompleted
[Test Client] Received event: TickCompleted
[Test Client] Received event: TickCompleted
[Test Client] Received event: TickCompleted
[Test Client] Received event: TickCompleted
[Test Client] Received event: TickCompleted
[Test Client] Received event: TickCompleted
[Test Client] Received event: TickCompleted
[Test Client] Received event: TickCompleted
[Test Client] Received event: TickCompleted
[Test Client] Received event: TickCompleted
[Test Client] Received event: TickCompleted
[Test Client] Received event: ViewStateUpdated
[Test Client] Received event: ViewStateUpdated
[Test Client] Received event: ViewStateUpdated
[Test Client] Received event: TickCompleted
[Test Client] Received event: TickCompleted
[Test Client] Received event: TickCompleted
[Test Client] Received event: TickCompleted
[Test Client] Received event: TickCompleted
[Test Client] Received event: TickCompleted
[Test Client] Received event: TickCompleted
[Test Client] Received event: TickCompleted
[Test Client] Received event: TickCompleted
[Test Client] Received event: TickCompleted
[Test Client] Received event: TickCompleted
[Test Client] Received event: TickCompleted
[Test Client] Received event: TickCompleted
[Test Client] Received event: TickCompleted
[Test Client] Received event: TickCompleted
[Test Client] Received event: TickCompleted
[Test Client] Received event: TickCompleted
[Test Client] Received event: TickCompleted
[Test Client] Received event: TickCompleted
[Test Client] Received event: TickCompleted
[Test Client] Received event: TickCompleted
[Test Client] Received event: TickCompleted
[Test Client] Received event: TickCompleted
[Test Client] Received event: TickCompleted
[Test Client] Received event: TickCompleted
[Test Client] Received event: TickCompleted
[Test Client] Received event: TickCompleted
[Test Client] Received event: TickCompleted
[Test Client] Received event: TickCompleted
[Test Client] Received event: TickCompleted
[Test Client] Received event: TickCompleted
[Test Client] Received event: TickCompleted
[Test Client] Received event: TickCompleted
[Test Client] Received event: TickCompleted
[Test Client] Received event: TickCompleted
[Test Client] Received event: TickCompleted
[Test Client] Received event: TickCompleted
[Test Client] Received event: TickCompleted
[Test Client] Received event: TickCompleted
[Test Client] Received event: TickCompleted
[Test Client] Received event: TickCompleted
[Test Client] Received event: TickCompleted
[Test Client] Received event: TickCompleted
[Test Client] Received event: ViewStateUpdated
[Test Client] Received event: ViewStateUpdated
[Test Client] Received event: ViewStateUpdated
[Test Client] Received event: TickCompleted
[Test Client] Received event: TickCompleted
[Test Client] Received event: TickCompleted
[Test Client] Received event: TickCompleted
[Test Client] Received event: TickCompleted
[Test Client] Received event: TickCompleted
[Test Client] Received event: TickCompleted
[Test Client] Received event: TickCompleted
[Test Client] Received event: TickCompleted
[Test Client] Received event: TickCompleted
[Test Client] Received event: TickCompleted
[Test Client] Received event: TickCompleted
[Test Client] Received event: TickCompleted
[Test Client] Received event: TickCompleted
[Test Client] Received event: TickCompleted
[Test Client] Received event: TickCompleted
[Test Client] Received event: TickCompleted
[Test Client] Received event: TickCompleted
[Test Client] Received event: TickCompleted
[Test Client] Received event: TickCompleted
[Test Client] Received event: TickCompleted
[Test Client] Received event: TickCompleted
[Test Client] Received event: TickCompleted
[Test Client] Received event: TickCompleted
[Test Client] Received event: TickCompleted
[Test Client] Received event: TickCompleted
[Test Client] Received event: TickCompleted
[Test Client] Received event: TickCompleted
[Test Client] Received event: TickCompleted
[Test Client] Received event: TickCompleted
[Test Client] Received event: TickCompleted
[Test Client] Received event: TickCompleted
[Test Client] Received event: TickCompleted
[Test Client] Received event: TickCompleted
[Test Client] Received event: TickCompleted
[Test Client] Received event: TickCompleted
[Test Client] Received event: TickCompleted
[Test Client] Received event: TickCompleted
[Test Client] Received event: TickCompleted
[Test Client] Received event: TickCompleted
[Test Client] Received event: TickCompleted
[Test Client] Received event: ViewStateUpdated
[Test Client] Received event: ViewStateUpdated
[Test Client] Received event: ViewStateUpdated
[Test Client] Received event: TickCompleted
[Test Client] Received event: TickCompleted
[Test Client] Received event: TickCompleted
[Test Client] Received event: TickCompleted
[Test Client] Received event: TickCompleted
[Test Client] Received event: TickCompleted
[Test Client] Received event: TickCompleted
[Test Client] Received event: ViewStateUpdated
[Test Client] Received event: ViewStateUpdated
[Test Client] Received event: ViewStateUpdated
[Test Client] Received event: TickCompleted
[Test Client] Received event: ViewStateUpdated
[Test Client] Received event: ViewStateUpdated
[Test Client] Received event: ViewStateUpdated
[Test Client] Received event: TickCompleted
[Test Client] Received event: ViewStateUpdated
[Test Client] Received event: ViewStateUpdated
[Test Client] Received event: ViewStateUpdated
[Test Client] Received event: TickCompleted
[Test Client] Received event: ViewStateUpdated
[Test Client] Received event: ViewStateUpdated
[Test Client] Received event: ViewStateUpdated
[Test Client] Received event: TickCompleted
[Test Client] Received event: ViewStateUpdated
[Test Client] Received event: ViewStateUpdated
[Test Client] Received event: ViewStateUpdated
[Test Client] Received event: TickCompleted
[Test Client] Received event: ViewStateUpdated
[Test Client] Received event: ViewStateUpdated
[Test Client] Received event: ViewStateUpdated
[Test Client] Received event: TickCompleted
[Test Client] Received event: ViewStateUpdated
[Test Client] Received event: ViewStateUpdated
[Test Client] Received event: ViewStateUpdated
[Test Client] Received event: TickCompleted
[Test Client] Received event: TickCompleted
[Test Client] Received event: ViewStateUpdated
[Test Client] Received event: ViewStateUpdated
[Test Client] Received event: ViewStateUpdated
[Test Client] Received event: TickCompleted
[Test Client] Received event: TickCompleted
[Test Client] Received event: ViewStateUpdated
[Test Client] Received event: ViewStateUpdated
[Test Client] Received event: ViewStateUpdated
[Test Client] Received event: TickCompleted
[Test Client] Received event: TickCompleted
[Test Client] Received event: TickCompleted
[Test Client] Received event: ViewStateUpdated
[Test Client] Received event: ViewStateUpdated
[Test Client] Received event: ViewStateUpdated
[Test Client] Received event: TickCompleted

stdout | src/tests/server_v2/sse_integration.test.ts > SSE Event Stream Integration (Reproduction)
[World] Recording event: ViewStateUpdated
[SSE Handler] Received event: ViewStateUpdated
[World] Recording event: ViewStateUpdated
[SSE Handler] Received event: ViewStateUpdated
[World] Recording event: ViewStateUpdated
[SSE Handler] Received event: ViewStateUpdated
[SSE Handler] Received event: TickCompleted
[SSE Handler] Received event: TickCompleted

stdout | src/tests/server_v2/sse_integration.test.ts > SSE Event Stream Integration (Reproduction)
[Test Client] Received event: ViewStateUpdated
[Test Client] Received event: ViewStateUpdated
[Test Client] Received event: ViewStateUpdated
[Test Client] Received event: TickCompleted
[Test Client] Received event: TickCompleted

stdout | src/tests/server_v2/sse_integration.test.ts > SSE Event Stream Integration (Reproduction)
[World] Recording event: ViewStateUpdated
[SSE Handler] Received event: ViewStateUpdated
[World] Recording event: ViewStateUpdated
[SSE Handler] Received event: ViewStateUpdated
[World] Recording event: ViewStateUpdated
[SSE Handler] Received event: ViewStateUpdated
[SSE Handler] Received event: TickCompleted
[SSE Handler] Received event: TickCompleted
[SSE Handler] Received event: TickCompleted
[SSE Handler] Received event: TickCompleted
[SSE Handler] Received event: TickCompleted
[SSE Handler] Received event: TickCompleted
[SSE Handler] Received event: TickCompleted
[SSE Handler] Received event: TickCompleted
[SSE Handler] Received event: TickCompleted
[SSE Handler] Received event: TickCompleted
[SSE Handler] Received event: TickCompleted
[SSE Handler] Received event: TickCompleted
[SSE Handler] Received event: TickCompleted
[SSE Handler] Received event: TickCompleted
[SSE Handler] Received event: TickCompleted
[SSE Handler] Received event: TickCompleted
[SSE Handler] Received event: TickCompleted
[SSE Handler] Received event: TickCompleted
[SSE Handler] Received event: TickCompleted
[SSE Handler] Received event: TickCompleted
[SSE Handler] Received event: TickCompleted
[SSE Handler] Received event: TickCompleted
[SSE Handler] Received event: TickCompleted
[SSE Handler] Received event: TickCompleted
[SSE Handler] Received event: TickCompleted
[SSE Handler] Received event: TickCompleted
[SSE Handler] Received event: TickCompleted
[SSE Handler] Received event: TickCompleted
[SSE Handler] Received event: TickCompleted
[SSE Handler] Received event: TickCompleted
[SSE Handler] Received event: TickCompleted
[SSE Handler] Received event: TickCompleted
[SSE Handler] Received event: TickCompleted
[SSE Handler] Received event: TickCompleted
[SSE Handler] Received event: TickCompleted
[SSE Handler] Received event: TickCompleted
[SSE Handler] Received event: TickCompleted
[SSE Handler] Received event: TickCompleted
[SSE Handler] Received event: TickCompleted
[SSE Handler] Received event: TickCompleted
[SSE Handler] Received event: TickCompleted
[SSE Handler] Received event: TickCompleted
[SSE Handler] Received event: TickCompleted
[SSE Handler] Received event: TickCompleted
[SSE Handler] Received event: TickCompleted
[SSE Handler] Received event: TickCompleted
[SSE Handler] Received event: TickCompleted
[SSE Handler] Received event: TickCompleted
[SSE Handler] Received event: TickCompleted
[SSE Handler] Received event: TickCompleted
[SSE Handler] Received event: TickCompleted
[SSE Handler] Received event: TickCompleted
[SSE Handler] Received event: TickCompleted
[World] Recording event: ViewStateUpdated
[SSE Handler] Received event: ViewStateUpdated
[World] Recording event: ViewStateUpdated
[SSE Handler] Received event: ViewStateUpdated
[World] Recording event: ViewStateUpdated
[SSE Handler] Received event: ViewStateUpdated
[SSE Handler] Received event: TickCompleted
[SSE Handler] Received event: TickCompleted
[SSE Handler] Received event: TickCompleted
[SSE Handler] Received event: TickCompleted
[World] Recording event: ViewStateUpdated
[SSE Handler] Received event: ViewStateUpdated
[World] Recording event: ViewStateUpdated
[SSE Handler] Received event: ViewStateUpdated
[World] Recording event: ViewStateUpdated
[SSE Handler] Received event: ViewStateUpdated
[SSE Handler] Received event: TickCompleted
[SSE Handler] Received event: TickCompleted
[Test Client] Received event: ViewStateUpdated
[Test Client] Received event: ViewStateUpdated
[Test Client] Received event: ViewStateUpdated
[Test Client] Received event: TickCompleted
[Test Client] Received event: TickCompleted
[Test Client] Received event: TickCompleted
[Test Client] Received event: TickCompleted
[Test Client] Received event: TickCompleted
[Test Client] Received event: TickCompleted
[Test Client] Received event: TickCompleted
[Test Client] Received event: TickCompleted
[Test Client] Received event: TickCompleted
[Test Client] Received event: TickCompleted
[Test Client] Received event: TickCompleted
[Test Client] Received event: TickCompleted
[Test Client] Received event: TickCompleted
[Test Client] Received event: TickCompleted
[Test Client] Received event: TickCompleted
[Test Client] Received event: TickCompleted
[Test Client] Received event: TickCompleted
[Test Client] Received event: TickCompleted
[Test Client] Received event: TickCompleted
[Test Client] Received event: TickCompleted
[Test Client] Received event: TickCompleted
[Test Client] Received event: TickCompleted
[Test Client] Received event: TickCompleted
[Test Client] Received event: TickCompleted
[Test Client] Received event: TickCompleted
[Test Client] Received event: TickCompleted
[Test Client] Received event: TickCompleted
[Test Client] Received event: TickCompleted
[Test Client] Received event: TickCompleted
[Test Client] Received event: TickCompleted
[Test Client] Received event: TickCompleted
[Test Client] Received event: TickCompleted
[Test Client] Received event: TickCompleted
[Test Client] Received event: TickCompleted
[Test Client] Received event: TickCompleted
[Test Client] Received event: TickCompleted
[Test Client] Received event: TickCompleted
[Test Client] Received event: TickCompleted
[Test Client] Received event: TickCompleted
[Test Client] Received event: TickCompleted
[Test Client] Received event: TickCompleted
[Test Client] Received event: TickCompleted
[Test Client] Received event: TickCompleted
[Test Client] Received event: TickCompleted
[Test Client] Received event: TickCompleted
[Test Client] Received event: TickCompleted
[Test Client] Received event: TickCompleted
[Test Client] Received event: TickCompleted
[Test Client] Received event: TickCompleted
[Test Client] Received event: TickCompleted
[Test Client] Received event: TickCompleted
[Test Client] Received event: TickCompleted
[Test Client] Received event: TickCompleted
[Test Client] Received event: ViewStateUpdated
[Test Client] Received event: ViewStateUpdated
[Test Client] Received event: ViewStateUpdated
[Test Client] Received event: TickCompleted
[Test Client] Received event: TickCompleted
[Test Client] Received event: TickCompleted
[Test Client] Received event: TickCompleted
[Test Client] Received event: ViewStateUpdated
[Test Client] Received event: ViewStateUpdated
[Test Client] Received event: ViewStateUpdated
[Test Client] Received event: TickCompleted
[Test Client] Received event: TickCompleted

stdout | src/tests/server_v2/sse_integration.test.ts > SSE Event Stream Integration (Reproduction)
[World] Recording event: ViewStateUpdated
[SSE Handler] Received event: ViewStateUpdated
[World] Recording event: ViewStateUpdated
[SSE Handler] Received event: ViewStateUpdated
[World] Recording event: ViewStateUpdated
[SSE Handler] Received event: ViewStateUpdated
[SSE Handler] Received event: TickCompleted
[Test Client] Received event: ViewStateUpdated
[Test Client] Received event: ViewStateUpdated
[Test Client] Received event: ViewStateUpdated
[Test Client] Received event: TickCompleted

stdout | src/tests/server_v2/sse_integration.test.ts > SSE Event Stream Integration (Reproduction)
[SSE Handler] Received event: TickCompleted
[Test Client] Received event: TickCompleted

stdout | src/tests/server_v2/sse_integration.test.ts > SSE Event Stream Integration (Reproduction)
[World] Recording event: ViewStateUpdated
[SSE Handler] Received event: ViewStateUpdated
[World] Recording event: ViewStateUpdated
[SSE Handler] Received event: ViewStateUpdated
[World] Recording event: ViewStateUpdated
[SSE Handler] Received event: ViewStateUpdated
[SSE Handler] Received event: TickCompleted
[Test Client] Received event: ViewStateUpdated
[Test Client] Received event: ViewStateUpdated
[Test Client] Received event: ViewStateUpdated
[Test Client] Received event: TickCompleted

stdout | src/tests/server_v2/sse_integration.test.ts > SSE Event Stream Integration (Reproduction)
[SSE Handler] Received event: TickCompleted
[Test Client] Received event: TickCompleted

stdout | src/tests/server_v2/sse_integration.test.ts > SSE Event Stream Integration (Reproduction)
[World] Recording event: ViewStateUpdated
[SSE Handler] Received event: ViewStateUpdated
[World] Recording event: ViewStateUpdated
[SSE Handler] Received event: ViewStateUpdated
[World] Recording event: ViewStateUpdated
[SSE Handler] Received event: ViewStateUpdated
[SSE Handler] Received event: TickCompleted
[Test Client] Received event: ViewStateUpdated
[Test Client] Received event: ViewStateUpdated
[Test Client] Received event: ViewStateUpdated
[Test Client] Received event: TickCompleted

stdout | src/tests/server_v2/sse_integration.test.ts > SSE Event Stream Integration (Reproduction)
[SSE Handler] Received event: TickCompleted
[Test Client] Received event: TickCompleted

stdout | src/tests/server_v2/sse_integration.test.ts > SSE Event Stream Integration (Reproduction)
[World] Recording event: ViewStateUpdated
[SSE Handler] Received event: ViewStateUpdated
[World] Recording event: ViewStateUpdated
[SSE Handler] Received event: ViewStateUpdated
[World] Recording event: ViewStateUpdated
[SSE Handler] Received event: ViewStateUpdated
[SSE Handler] Received event: TickCompleted
[Test Client] Received event: ViewStateUpdated
[Test Client] Received event: ViewStateUpdated
[Test Client] Received event: ViewStateUpdated
[Test Client] Received event: TickCompleted

stdout | src/tests/server_v2/sse_integration.test.ts > SSE Event Stream Integration (Reproduction)
[SSE Handler] Received event: TickCompleted
[Test Client] Received event: TickCompleted

stdout | src/tests/server_v2/sse_integration.test.ts > SSE Event Stream Integration (Reproduction)
[World] Recording event: ViewStateUpdated
[SSE Handler] Received event: ViewStateUpdated
[World] Recording event: ViewStateUpdated
[SSE Handler] Received event: ViewStateUpdated
[World] Recording event: ViewStateUpdated
[SSE Handler] Received event: ViewStateUpdated
[SSE Handler] Received event: TickCompleted
[Test Client] Received event: ViewStateUpdated
[Test Client] Received event: ViewStateUpdated
[Test Client] Received event: ViewStateUpdated
[Test Client] Received event: TickCompleted

stdout | src/tests/server_v2/sse_integration.test.ts > SSE Event Stream Integration (Reproduction)
[World] Recording event: ViewStateUpdated
[SSE Handler] Received event: ViewStateUpdated
[World] Recording event: ViewStateUpdated
[SSE Handler] Received event: ViewStateUpdated
[World] Recording event: ViewStateUpdated
[SSE Handler] Received event: ViewStateUpdated
[SSE Handler] Received event: TickCompleted
[Test Client] Received event: ViewStateUpdated
[Test Client] Received event: ViewStateUpdated
[Test Client] Received event: ViewStateUpdated
[Test Client] Received event: TickCompleted

stdout | src/tests/server_v2/sse_integration.test.ts > SSE Event Stream Integration (Reproduction)
[World] Recording event: ViewStateUpdated
[SSE Handler] Received event: ViewStateUpdated
[World] Recording event: ViewStateUpdated
[SSE Handler] Received event: ViewStateUpdated
[World] Recording event: ViewStateUpdated
[SSE Handler] Received event: ViewStateUpdated
[SSE Handler] Received event: TickCompleted
[Test Client] Received event: ViewStateUpdated
[Test Client] Received event: ViewStateUpdated
[Test Client] Received event: ViewStateUpdated
[Test Client] Received event: TickCompleted

stdout | src/tests/server_v2/sse_integration.test.ts > SSE Event Stream Integration (Reproduction)
[SSE Handler] Received event: TickCompleted
[Test Client] Received event: TickCompleted

stdout | src/tests/server_v2/sse_integration.test.ts > SSE Event Stream Integration (Reproduction)
[World] Recording event: ViewStateUpdated
[SSE Handler] Received event: ViewStateUpdated
[World] Recording event: ViewStateUpdated
[SSE Handler] Received event: ViewStateUpdated
[World] Recording event: ViewStateUpdated
[SSE Handler] Received event: ViewStateUpdated
[SSE Handler] Received event: TickCompleted
[Test Client] Received event: ViewStateUpdated
[Test Client] Received event: ViewStateUpdated
[Test Client] Received event: ViewStateUpdated
[Test Client] Received event: TickCompleted

stdout | src/tests/server_v2/sse_integration.test.ts > SSE Event Stream Integration (Reproduction)
[SSE Handler] Received event: TickCompleted
[Test Client] Received event: TickCompleted

stdout | src/tests/server_v2/sse_integration.test.ts > SSE Event Stream Integration (Reproduction)
[World] Recording event: ViewStateUpdated
[SSE Handler] Received event: ViewStateUpdated
[World] Recording event: ViewStateUpdated
[SSE Handler] Received event: ViewStateUpdated
[World] Recording event: ViewStateUpdated
[SSE Handler] Received event: ViewStateUpdated
[SSE Handler] Received event: TickCompleted
[Test Client] Received event: ViewStateUpdated
[Test Client] Received event: ViewStateUpdated
[Test Client] Received event: ViewStateUpdated
[Test Client] Received event: TickCompleted

stdout | src/tests/server_v2/sse_integration.test.ts > SSE Event Stream Integration (Reproduction)
[World] Recording event: ViewStateUpdated
[SSE Handler] Received event: ViewStateUpdated
[World] Recording event: ViewStateUpdated
[SSE Handler] Received event: ViewStateUpdated
[World] Recording event: ViewStateUpdated
[SSE Handler] Received event: ViewStateUpdated
[SSE Handler] Received event: TickCompleted
[Test Client] Received event: ViewStateUpdated
[Test Client] Received event: ViewStateUpdated
[Test Client] Received event: ViewStateUpdated
[Test Client] Received event: TickCompleted

stdout | src/tests/server_v2/sse_integration.test.ts > SSE Event Stream Integration (Reproduction)
[World] Recording event: ViewStateUpdated
[SSE Handler] Received event: ViewStateUpdated
[World] Recording event: ViewStateUpdated
[SSE Handler] Received event: ViewStateUpdated
[World] Recording event: ViewStateUpdated
[SSE Handler] Received event: ViewStateUpdated
[SSE Handler] Received event: TickCompleted
[Test Client] Received event: ViewStateUpdated
[Test Client] Received event: ViewStateUpdated
[Test Client] Received event: ViewStateUpdated
[Test Client] Received event: TickCompleted

stdout | src/tests/server_v2/sse_integration.test.ts > SSE Event Stream Integration (Reproduction)
[World] Recording event: ViewStateUpdated
[SSE Handler] Received event: ViewStateUpdated
[World] Recording event: ViewStateUpdated
[SSE Handler] Received event: ViewStateUpdated
[World] Recording event: ViewStateUpdated
[SSE Handler] Received event: ViewStateUpdated
[SSE Handler] Received event: TickCompleted
[Test Client] Received event: ViewStateUpdated
[Test Client] Received event: ViewStateUpdated
[Test Client] Received event: ViewStateUpdated
[Test Client] Received event: TickCompleted

stdout | src/tests/server_v2/sse_integration.test.ts > SSE Event Stream Integration (Reproduction)
[SSE Handler] Received event: TickCompleted
[Test Client] Received event: TickCompleted

stdout | src/tests/server_v2/sse_integration.test.ts > SSE Event Stream Integration (Reproduction)
[World] Recording event: ViewStateUpdated
[SSE Handler] Received event: ViewStateUpdated
[World] Recording event: ViewStateUpdated
[SSE Handler] Received event: ViewStateUpdated
[World] Recording event: ViewStateUpdated
[SSE Handler] Received event: ViewStateUpdated
[SSE Handler] Received event: TickCompleted
[Test Client] Received event: ViewStateUpdated
[Test Client] Received event: ViewStateUpdated
[Test Client] Received event: ViewStateUpdated
[Test Client] Received event: TickCompleted

stdout | src/tests/server_v2/sse_integration.test.ts > SSE Event Stream Integration (Reproduction)
[SSE Handler] Received event: TickCompleted
[Test Client] Received event: TickCompleted

stdout | src/tests/server_v2/sse_integration.test.ts > SSE Event Stream Integration (Reproduction)
[World] Recording event: ViewStateUpdated
[SSE Handler] Received event: ViewStateUpdated
[World] Recording event: ViewStateUpdated
[SSE Handler] Received event: ViewStateUpdated
[World] Recording event: ViewStateUpdated
[SSE Handler] Received event: ViewStateUpdated
[SSE Handler] Received event: TickCompleted
[Test Client] Received event: ViewStateUpdated
[Test Client] Received event: ViewStateUpdated
[Test Client] Received event: ViewStateUpdated
[Test Client] Received event: TickCompleted

stdout | src/tests/server_v2/sse_integration.test.ts > SSE Event Stream Integration (Reproduction)
[World] Recording event: ViewStateUpdated
[SSE Handler] Received event: ViewStateUpdated
[World] Recording event: ViewStateUpdated
[SSE Handler] Received event: ViewStateUpdated
[World] Recording event: ViewStateUpdated
[SSE Handler] Received event: ViewStateUpdated
[SSE Handler] Received event: TickCompleted
[Test Client] Received event: ViewStateUpdated
[Test Client] Received event: ViewStateUpdated
[Test Client] Received event: ViewStateUpdated
[Test Client] Received event: TickCompleted
[SSE Handler] Received event: TickCompleted
[Test Client] Received event: TickCompleted

stdout | src/tests/server_v2/sse_integration.test.ts > SSE Event Stream Integration (Reproduction)
[World] Recording event: ViewStateUpdated
[SSE Handler] Received event: ViewStateUpdated
[World] Recording event: ViewStateUpdated
[SSE Handler] Received event: ViewStateUpdated
[World] Recording event: ViewStateUpdated
[SSE Handler] Received event: ViewStateUpdated
[SSE Handler] Received event: TickCompleted
[Test Client] Received event: ViewStateUpdated
[Test Client] Received event: ViewStateUpdated
[Test Client] Received event: ViewStateUpdated
[Test Client] Received event: TickCompleted

stdout | src/tests/server_v2/sse_integration.test.ts > SSE Event Stream Integration (Reproduction)
[SSE Handler] Received event: TickCompleted
[Test Client] Received event: TickCompleted

stdout | src/tests/server_v2/sse_integration.test.ts > SSE Event Stream Integration (Reproduction)
[World] Recording event: ViewStateUpdated
[SSE Handler] Received event: ViewStateUpdated
[World] Recording event: ViewStateUpdated
[SSE Handler] Received event: ViewStateUpdated
[World] Recording event: ViewStateUpdated
[SSE Handler] Received event: ViewStateUpdated
[SSE Handler] Received event: TickCompleted
[Test Client] Received event: ViewStateUpdated
[Test Client] Received event: ViewStateUpdated
[Test Client] Received event: ViewStateUpdated
[Test Client] Received event: TickCompleted

stdout | src/tests/server_v2/sse_integration.test.ts > SSE Event Stream Integration (Reproduction)
[World] Recording event: ViewStateUpdated
[SSE Handler] Received event: ViewStateUpdated
[World] Recording event: ViewStateUpdated
[SSE Handler] Received event: ViewStateUpdated
[World] Recording event: ViewStateUpdated
[SSE Handler] Received event: ViewStateUpdated
[SSE Handler] Received event: TickCompleted
[Test Client] Received event: ViewStateUpdated
[Test Client] Received event: ViewStateUpdated
[Test Client] Received event: ViewStateUpdated
[Test Client] Received event: TickCompleted

stdout | src/tests/server_v2/sse_integration.test.ts > SSE Event Stream Integration (Reproduction)
[World] Recording event: ViewStateUpdated
[SSE Handler] Received event: ViewStateUpdated
[World] Recording event: ViewStateUpdated
[SSE Handler] Received event: ViewStateUpdated
[World] Recording event: ViewStateUpdated
[SSE Handler] Received event: ViewStateUpdated
[SSE Handler] Received event: TickCompleted
[Test Client] Received event: ViewStateUpdated
[Test Client] Received event: ViewStateUpdated
[Test Client] Received event: ViewStateUpdated
[Test Client] Received event: TickCompleted

stdout | src/tests/server_v2/sse_integration.test.ts > SSE Event Stream Integration (Reproduction)
[SSE Handler] Received event: TickCompleted
[Test Client] Received event: TickCompleted

stdout | src/tests/server_v2/sse_integration.test.ts > SSE Event Stream Integration (Reproduction)
[World] Recording event: ViewStateUpdated
[SSE Handler] Received event: ViewStateUpdated
[World] Recording event: ViewStateUpdated
[SSE Handler] Received event: ViewStateUpdated
[World] Recording event: ViewStateUpdated
[SSE Handler] Received event: ViewStateUpdated
[SSE Handler] Received event: TickCompleted
[Test Client] Received event: ViewStateUpdated
[Test Client] Received event: ViewStateUpdated
[Test Client] Received event: ViewStateUpdated
[Test Client] Received event: TickCompleted

stdout | src/tests/server_v2/sse_integration.test.ts > SSE Event Stream Integration (Reproduction)
[World] Recording event: ViewStateUpdated
[SSE Handler] Received event: ViewStateUpdated
[World] Recording event: ViewStateUpdated
[SSE Handler] Received event: ViewStateUpdated
[World] Recording event: ViewStateUpdated
[SSE Handler] Received event: ViewStateUpdated
[SSE Handler] Received event: TickCompleted
[Test Client] Received event: ViewStateUpdated
[Test Client] Received event: ViewStateUpdated
[Test Client] Received event: ViewStateUpdated
[Test Client] Received event: TickCompleted

stdout | src/tests/server_v2/sse_integration.test.ts > SSE Event Stream Integration (Reproduction)
[SSE Handler] Received event: TickCompleted
[Test Client] Received event: TickCompleted

stdout | src/tests/server_v2/sse_integration.test.ts > SSE Event Stream Integration (Reproduction)
[World] Recording event: ViewStateUpdated
[SSE Handler] Received event: ViewStateUpdated
[World] Recording event: ViewStateUpdated
[SSE Handler] Received event: ViewStateUpdated
[World] Recording event: ViewStateUpdated
[SSE Handler] Received event: ViewStateUpdated
[SSE Handler] Received event: TickCompleted
[Test Client] Received event: ViewStateUpdated
[Test Client] Received event: ViewStateUpdated
[Test Client] Received event: ViewStateUpdated
[Test Client] Received event: TickCompleted

stdout | src/tests/server_v2/sse_integration.test.ts > SSE Event Stream Integration (Reproduction)
[World] Recording event: ViewStateUpdated
[SSE Handler] Received event: ViewStateUpdated
[World] Recording event: ViewStateUpdated
[SSE Handler] Received event: ViewStateUpdated
[World] Recording event: ViewStateUpdated
[SSE Handler] Received event: ViewStateUpdated
[SSE Handler] Received event: TickCompleted
[Test Client] Received event: ViewStateUpdated
[Test Client] Received event: ViewStateUpdated
[Test Client] Received event: ViewStateUpdated
[Test Client] Received event: TickCompleted

stdout | src/tests/server_v2/sse_integration.test.ts > SSE Event Stream Integration (Reproduction)
[World] Recording event: ViewStateUpdated
[SSE Handler] Received event: ViewStateUpdated
[World] Recording event: ViewStateUpdated
[SSE Handler] Received event: ViewStateUpdated
[World] Recording event: ViewStateUpdated
[SSE Handler] Received event: ViewStateUpdated
[SSE Handler] Received event: TickCompleted
[Test Client] Received event: ViewStateUpdated
[Test Client] Received event: ViewStateUpdated
[Test Client] Received event: ViewStateUpdated
[Test Client] Received event: TickCompleted

stdout | src/tests/server_v2/sse_integration.test.ts > SSE Event Stream Integration (Reproduction)
[SSE Handler] Received event: TickCompleted
[Test Client] Received event: TickCompleted

stdout | src/tests/server_v2/sse_integration.test.ts > SSE Event Stream Integration (Reproduction)
[World] Recording event: ViewStateUpdated
[SSE Handler] Received event: ViewStateUpdated
[World] Recording event: ViewStateUpdated
[SSE Handler] Received event: ViewStateUpdated
[World] Recording event: ViewStateUpdated
[SSE Handler] Received event: ViewStateUpdated
[SSE Handler] Received event: TickCompleted
[Test Client] Received event: ViewStateUpdated
[Test Client] Received event: ViewStateUpdated
[Test Client] Received event: ViewStateUpdated
[Test Client] Received event: TickCompleted

stdout | src/tests/server_v2/sse_integration.test.ts > SSE Event Stream Integration (Reproduction)
[World] Recording event: ViewStateUpdated
[SSE Handler] Received event: ViewStateUpdated
[World] Recording event: ViewStateUpdated
[SSE Handler] Received event: ViewStateUpdated
[World] Recording event: ViewStateUpdated
[SSE Handler] Received event: ViewStateUpdated
[SSE Handler] Received event: TickCompleted
[Test Client] Received event: ViewStateUpdated
[Test Client] Received event: ViewStateUpdated
[Test Client] Received event: ViewStateUpdated
[Test Client] Received event: TickCompleted

stdout | src/tests/server_v2/sse_integration.test.ts > SSE Event Stream Integration (Reproduction)
[World] Recording event: ViewStateUpdated
[SSE Handler] Received event: ViewStateUpdated
[World] Recording event: ViewStateUpdated
[SSE Handler] Received event: ViewStateUpdated
[World] Recording event: ViewStateUpdated
[SSE Handler] Received event: ViewStateUpdated
[SSE Handler] Received event: TickCompleted
[Test Client] Received event: ViewStateUpdated
[Test Client] Received event: ViewStateUpdated
[Test Client] Received event: ViewStateUpdated
[Test Client] Received event: TickCompleted

stdout | src/tests/server_v2/sse_integration.test.ts > SSE Event Stream Integration (Reproduction)
[SSE Handler] Received event: TickCompleted
[Test Client] Received event: TickCompleted

stdout | src/tests/server_v2/sse_integration.test.ts > SSE Event Stream Integration (Reproduction)
[World] Recording event: ViewStateUpdated
[SSE Handler] Received event: ViewStateUpdated
[World] Recording event: ViewStateUpdated
[SSE Handler] Received event: ViewStateUpdated
[World] Recording event: ViewStateUpdated
[SSE Handler] Received event: ViewStateUpdated
[SSE Handler] Received event: TickCompleted
[Test Client] Received event: ViewStateUpdated
[Test Client] Received event: ViewStateUpdated
[Test Client] Received event: ViewStateUpdated
[Test Client] Received event: TickCompleted

stdout | src/tests/server_v2/sse_integration.test.ts > SSE Event Stream Integration (Reproduction)
[World] Recording event: ViewStateUpdated
[SSE Handler] Received event: ViewStateUpdated
[World] Recording event: ViewStateUpdated
[SSE Handler] Received event: ViewStateUpdated
[World] Recording event: ViewStateUpdated
[SSE Handler] Received event: ViewStateUpdated
[SSE Handler] Received event: TickCompleted
[Test Client] Received event: ViewStateUpdated
[Test Client] Received event: ViewStateUpdated
[Test Client] Received event: ViewStateUpdated
[Test Client] Received event: TickCompleted

stdout | src/tests/server_v2/sse_integration.test.ts > SSE Event Stream Integration (Reproduction)
[World] Recording event: ViewStateUpdated
[SSE Handler] Received event: ViewStateUpdated
[World] Recording event: ViewStateUpdated
[SSE Handler] Received event: ViewStateUpdated
[World] Recording event: ViewStateUpdated
[SSE Handler] Received event: ViewStateUpdated
[SSE Handler] Received event: TickCompleted
[Test Client] Received event: ViewStateUpdated
[Test Client] Received event: ViewStateUpdated
[Test Client] Received event: ViewStateUpdated
[Test Client] Received event: TickCompleted

stdout | src/tests/server_v2/sse_integration.test.ts > SSE Event Stream Integration (Reproduction)
[SSE Handler] Received event: TickCompleted
[Test Client] Received event: TickCompleted

stdout | src/tests/server_v2/sse_integration.test.ts > SSE Event Stream Integration (Reproduction)
[World] Recording event: ViewStateUpdated
[SSE Handler] Received event: ViewStateUpdated
[World] Recording event: ViewStateUpdated
[SSE Handler] Received event: ViewStateUpdated
[World] Recording event: ViewStateUpdated
[SSE Handler] Received event: ViewStateUpdated
[SSE Handler] Received event: TickCompleted
[Test Client] Received event: ViewStateUpdated
[Test Client] Received event: ViewStateUpdated
[Test Client] Received event: ViewStateUpdated
[Test Client] Received event: TickCompleted

stdout | src/tests/server_v2/sse_integration.test.ts > SSE Event Stream Integration (Reproduction)
[SSE Handler] Received event: TickCompleted
[Test Client] Received event: TickCompleted

stdout | src/tests/server_v2/sse_integration.test.ts > SSE Event Stream Integration (Reproduction)
[World] Recording event: ViewStateUpdated
[SSE Handler] Received event: ViewStateUpdated
[World] Recording event: ViewStateUpdated
[SSE Handler] Received event: ViewStateUpdated
[World] Recording event: ViewStateUpdated
[SSE Handler] Received event: ViewStateUpdated
[SSE Handler] Received event: TickCompleted
[Test Client] Received event: ViewStateUpdated
[Test Client] Received event: ViewStateUpdated
[Test Client] Received event: ViewStateUpdated
[Test Client] Received event: TickCompleted

stdout | src/tests/server_v2/sse_integration.test.ts > SSE Event Stream Integration (Reproduction)
[World] Recording event: ViewStateUpdated
[SSE Handler] Received event: ViewStateUpdated
[World] Recording event: ViewStateUpdated
[SSE Handler] Received event: ViewStateUpdated
[World] Recording event: ViewStateUpdated
[SSE Handler] Received event: ViewStateUpdated
[SSE Handler] Received event: TickCompleted
[Test Client] Received event: ViewStateUpdated
[Test Client] Received event: ViewStateUpdated
[Test Client] Received event: ViewStateUpdated
[Test Client] Received event: TickCompleted

stdout | src/tests/server_v2/sse_integration.test.ts > SSE Event Stream Integration (Reproduction)
[World] Recording event: ViewStateUpdated
[SSE Handler] Received event: ViewStateUpdated
[World] Recording event: ViewStateUpdated
[SSE Handler] Received event: ViewStateUpdated
[World] Recording event: ViewStateUpdated
[SSE Handler] Received event: ViewStateUpdated
[SSE Handler] Received event: TickCompleted
[Test Client] Received event: ViewStateUpdated
[Test Client] Received event: ViewStateUpdated
[Test Client] Received event: ViewStateUpdated
[Test Client] Received event: TickCompleted

stdout | src/tests/server_v2/sse_integration.test.ts > SSE Event Stream Integration (Reproduction)
[World] Recording event: ViewStateUpdated
[SSE Handler] Received event: ViewStateUpdated
[World] Recording event: ViewStateUpdated
[SSE Handler] Received event: ViewStateUpdated
[World] Recording event: ViewStateUpdated
[SSE Handler] Received event: ViewStateUpdated
[SSE Handler] Received event: TickCompleted
[Test Client] Received event: ViewStateUpdated
[Test Client] Received event: ViewStateUpdated
[Test Client] Received event: ViewStateUpdated
[Test Client] Received event: TickCompleted

stdout | src/tests/server_v2/sse_integration.test.ts > SSE Event Stream Integration (Reproduction)
[World] Recording event: ViewStateUpdated
[SSE Handler] Received event: ViewStateUpdated
[World] Recording event: ViewStateUpdated
[SSE Handler] Received event: ViewStateUpdated
[World] Recording event: ViewStateUpdated
[SSE Handler] Received event: ViewStateUpdated
[SSE Handler] Received event: TickCompleted
[Test Client] Received event: ViewStateUpdated
[Test Client] Received event: ViewStateUpdated
[Test Client] Received event: ViewStateUpdated
[Test Client] Received event: TickCompleted

stdout | src/tests/server_v2/sse_integration.test.ts > SSE Event Stream Integration (Reproduction)
[SSE Handler] Received event: TickCompleted
[Test Client] Received event: TickCompleted

stdout | src/tests/server_v2/sse_integration.test.ts > SSE Event Stream Integration (Reproduction)
[World] Recording event: ViewStateUpdated
[SSE Handler] Received event: ViewStateUpdated
[World] Recording event: ViewStateUpdated
[SSE Handler] Received event: ViewStateUpdated
[World] Recording event: ViewStateUpdated
[SSE Handler] Received event: ViewStateUpdated
[SSE Handler] Received event: TickCompleted
[Test Client] Received event: ViewStateUpdated
[Test Client] Received event: ViewStateUpdated
[Test Client] Received event: ViewStateUpdated
[Test Client] Received event: TickCompleted

stdout | src/tests/server_v2/sse_integration.test.ts > SSE Event Stream Integration (Reproduction)
[World] Recording event: ViewStateUpdated
[SSE Handler] Received event: ViewStateUpdated
[World] Recording event: ViewStateUpdated
[SSE Handler] Received event: ViewStateUpdated
[World] Recording event: ViewStateUpdated
[SSE Handler] Received event: ViewStateUpdated
[SSE Handler] Received event: TickCompleted
[Test Client] Received event: ViewStateUpdated
[Test Client] Received event: ViewStateUpdated
[Test Client] Received event: ViewStateUpdated
[Test Client] Received event: TickCompleted

stdout | src/tests/server_v2/sse_integration.test.ts > SSE Event Stream Integration (Reproduction)
[SSE Handler] Received event: TickCompleted
[Test Client] Received event: TickCompleted

stdout | src/tests/server_v2/sse_integration.test.ts > SSE Event Stream Integration (Reproduction)
[World] Recording event: ViewStateUpdated
[SSE Handler] Received event: ViewStateUpdated
[World] Recording event: ViewStateUpdated
[SSE Handler] Received event: ViewStateUpdated
[World] Recording event: ViewStateUpdated
[SSE Handler] Received event: ViewStateUpdated
[SSE Handler] Received event: TickCompleted
[Test Client] Received event: ViewStateUpdated
[Test Client] Received event: ViewStateUpdated
[Test Client] Received event: ViewStateUpdated
[Test Client] Received event: TickCompleted

stdout | src/tests/server_v2/sse_integration.test.ts > SSE Event Stream Integration (Reproduction)
[SSE Handler] Received event: TickCompleted
[Test Client] Received event: TickCompleted

stdout | src/tests/server_v2/sse_integration.test.ts > SSE Event Stream Integration (Reproduction)
[World] Recording event: ViewStateUpdated
[SSE Handler] Received event: ViewStateUpdated
[World] Recording event: ViewStateUpdated
[SSE Handler] Received event: ViewStateUpdated
[World] Recording event: ViewStateUpdated
[SSE Handler] Received event: ViewStateUpdated
[SSE Handler] Received event: TickCompleted
[Test Client] Received event: ViewStateUpdated
[Test Client] Received event: ViewStateUpdated
[Test Client] Received event: ViewStateUpdated
[Test Client] Received event: TickCompleted

stdout | src/tests/server_v2/sse_integration.test.ts > SSE Event Stream Integration (Reproduction)
[World] Recording event: ViewStateUpdated
[SSE Handler] Received event: ViewStateUpdated
[World] Recording event: ViewStateUpdated
[SSE Handler] Received event: ViewStateUpdated
[World] Recording event: ViewStateUpdated
[SSE Handler] Received event: ViewStateUpdated
[SSE Handler] Received event: TickCompleted
[Test Client] Received event: ViewStateUpdated
[Test Client] Received event: ViewStateUpdated
[Test Client] Received event: ViewStateUpdated
[Test Client] Received event: TickCompleted

stdout | src/tests/server_v2/sse_integration.test.ts > SSE Event Stream Integration (Reproduction)
[World] Recording event: ViewStateUpdated
[SSE Handler] Received event: ViewStateUpdated
[World] Recording event: ViewStateUpdated
[SSE Handler] Received event: ViewStateUpdated
[World] Recording event: ViewStateUpdated
[SSE Handler] Received event: ViewStateUpdated
[SSE Handler] Received event: TickCompleted
[Test Client] Received event: ViewStateUpdated
[Test Client] Received event: ViewStateUpdated
[Test Client] Received event: ViewStateUpdated
[Test Client] Received event: TickCompleted

stdout | src/tests/server_v2/sse_integration.test.ts > SSE Event Stream Integration (Reproduction)
[SSE Handler] Received event: TickCompleted
[Test Client] Received event: TickCompleted

stdout | src/tests/server_v2/sse_integration.test.ts > SSE Event Stream Integration (Reproduction)
[World] Recording event: ViewStateUpdated
[SSE Handler] Received event: ViewStateUpdated
[World] Recording event: ViewStateUpdated
[SSE Handler] Received event: ViewStateUpdated
[World] Recording event: ViewStateUpdated
[SSE Handler] Received event: ViewStateUpdated
[SSE Handler] Received event: TickCompleted
[Test Client] Received event: ViewStateUpdated
[Test Client] Received event: ViewStateUpdated
[Test Client] Received event: ViewStateUpdated
[Test Client] Received event: TickCompleted

stdout | src/tests/server_v2/sse_integration.test.ts > SSE Event Stream Integration (Reproduction)
[World] Recording event: ViewStateUpdated
[SSE Handler] Received event: ViewStateUpdated
[World] Recording event: ViewStateUpdated
[SSE Handler] Received event: ViewStateUpdated
[World] Recording event: ViewStateUpdated
[SSE Handler] Received event: ViewStateUpdated
[SSE Handler] Received event: TickCompleted
[Test Client] Received event: ViewStateUpdated
[Test Client] Received event: ViewStateUpdated
[Test Client] Received event: ViewStateUpdated
[Test Client] Received event: TickCompleted

stdout | src/tests/server_v2/sse_integration.test.ts > SSE Event Stream Integration (Reproduction)
[SSE Handler] Received event: TickCompleted
[Test Client] Received event: TickCompleted

stdout | src/tests/server_v2/sse_integration.test.ts > SSE Event Stream Integration (Reproduction)
[World] Recording event: ViewStateUpdated
[SSE Handler] Received event: ViewStateUpdated
[World] Recording event: ViewStateUpdated
[SSE Handler] Received event: ViewStateUpdated
[World] Recording event: ViewStateUpdated
[SSE Handler] Received event: ViewStateUpdated
[SSE Handler] Received event: TickCompleted
[Test Client] Received event: ViewStateUpdated
[Test Client] Received event: ViewStateUpdated
[Test Client] Received event: ViewStateUpdated
[Test Client] Received event: TickCompleted

stdout | src/tests/server_v2/sse_integration.test.ts > SSE Event Stream Integration (Reproduction)
[World] Recording event: ViewStateUpdated
[SSE Handler] Received event: ViewStateUpdated
[World] Recording event: ViewStateUpdated
[SSE Handler] Received event: ViewStateUpdated
[World] Recording event: ViewStateUpdated
[SSE Handler] Received event: ViewStateUpdated
[SSE Handler] Received event: TickCompleted
[Test Client] Received event: ViewStateUpdated
[Test Client] Received event: ViewStateUpdated
[Test Client] Received event: ViewStateUpdated
[Test Client] Received event: TickCompleted

stdout | src/tests/server_v2/sse_integration.test.ts > SSE Event Stream Integration (Reproduction)
[World] Recording event: ViewStateUpdated
[SSE Handler] Received event: ViewStateUpdated
[World] Recording event: ViewStateUpdated
[SSE Handler] Received event: ViewStateUpdated
[World] Recording event: ViewStateUpdated
[SSE Handler] Received event: ViewStateUpdated
[SSE Handler] Received event: TickCompleted
[Test Client] Received event: ViewStateUpdated
[Test Client] Received event: ViewStateUpdated
[Test Client] Received event: ViewStateUpdated
[Test Client] Received event: TickCompleted

stdout | src/tests/server_v2/sse_integration.test.ts > SSE Event Stream Integration (Reproduction)
[SSE Handler] Received event: TickCompleted
[Test Client] Received event: TickCompleted

stdout | src/tests/server_v2/sse_integration.test.ts > SSE Event Stream Integration (Reproduction)
[World] Recording event: ViewStateUpdated
[SSE Handler] Received event: ViewStateUpdated
[World] Recording event: ViewStateUpdated
[SSE Handler] Received event: ViewStateUpdated
[World] Recording event: ViewStateUpdated
[SSE Handler] Received event: ViewStateUpdated
[SSE Handler] Received event: TickCompleted
[Test Client] Received event: ViewStateUpdated
[Test Client] Received event: ViewStateUpdated
[Test Client] Received event: ViewStateUpdated
[Test Client] Received event: TickCompleted

stdout | src/tests/server_v2/sse_integration.test.ts > SSE Event Stream Integration (Reproduction)
[World] Recording event: ViewStateUpdated
[SSE Handler] Received event: ViewStateUpdated
[World] Recording event: ViewStateUpdated
[SSE Handler] Received event: ViewStateUpdated
[World] Recording event: ViewStateUpdated
[SSE Handler] Received event: ViewStateUpdated
[SSE Handler] Received event: TickCompleted
[Test Client] Received event: ViewStateUpdated
[Test Client] Received event: ViewStateUpdated
[Test Client] Received event: ViewStateUpdated
[Test Client] Received event: TickCompleted

stdout | src/tests/server_v2/sse_integration.test.ts > SSE Event Stream Integration (Reproduction)
[SSE Handler] Received event: TickCompleted
[Test Client] Received event: TickCompleted

stdout | src/tests/server_v2/sse_integration.test.ts > SSE Event Stream Integration (Reproduction)
[World] Recording event: ViewStateUpdated
[SSE Handler] Received event: ViewStateUpdated
[World] Recording event: ViewStateUpdated
[SSE Handler] Received event: ViewStateUpdated
[World] Recording event: ViewStateUpdated
[SSE Handler] Received event: ViewStateUpdated
[SSE Handler] Received event: TickCompleted
[Test Client] Received event: ViewStateUpdated
[Test Client] Received event: ViewStateUpdated
[Test Client] Received event: ViewStateUpdated
[Test Client] Received event: TickCompleted

stdout | src/tests/server_v2/sse_integration.test.ts > SSE Event Stream Integration (Reproduction)
[World] Recording event: ViewStateUpdated
[SSE Handler] Received event: ViewStateUpdated
[World] Recording event: ViewStateUpdated
[SSE Handler] Received event: ViewStateUpdated
[World] Recording event: ViewStateUpdated
[SSE Handler] Received event: ViewStateUpdated
[SSE Handler] Received event: TickCompleted
[Test Client] Received event: ViewStateUpdated
[Test Client] Received event: ViewStateUpdated
[Test Client] Received event: ViewStateUpdated
[Test Client] Received event: TickCompleted

stdout | src/tests/server_v2/sse_integration.test.ts > SSE Event Stream Integration (Reproduction)
[World] Recording event: ViewStateUpdated
[SSE Handler] Received event: ViewStateUpdated
[World] Recording event: ViewStateUpdated
[SSE Handler] Received event: ViewStateUpdated
[World] Recording event: ViewStateUpdated
[SSE Handler] Received event: ViewStateUpdated
[SSE Handler] Received event: TickCompleted
[Test Client] Received event: ViewStateUpdated
[Test Client] Received event: ViewStateUpdated
[Test Client] Received event: ViewStateUpdated
[Test Client] Received event: TickCompleted

stdout | src/tests/server_v2/sse_integration.test.ts > SSE Event Stream Integration (Reproduction)
[SSE Handler] Received event: TickCompleted
[Test Client] Received event: TickCompleted

stdout | src/tests/server_v2/sse_integration.test.ts > SSE Event Stream Integration (Reproduction)
[World] Recording event: ViewStateUpdated
[SSE Handler] Received event: ViewStateUpdated
[World] Recording event: ViewStateUpdated
[SSE Handler] Received event: ViewStateUpdated
[World] Recording event: ViewStateUpdated
[SSE Handler] Received event: ViewStateUpdated
[SSE Handler] Received event: TickCompleted
[Test Client] Received event: ViewStateUpdated
[Test Client] Received event: ViewStateUpdated
[Test Client] Received event: ViewStateUpdated
[Test Client] Received event: TickCompleted

stdout | src/tests/server_v2/sse_integration.test.ts > SSE Event Stream Integration (Reproduction)
[World] Recording event: ViewStateUpdated
[SSE Handler] Received event: ViewStateUpdated
[World] Recording event: ViewStateUpdated
[SSE Handler] Received event: ViewStateUpdated
[World] Recording event: ViewStateUpdated
[SSE Handler] Received event: ViewStateUpdated
[SSE Handler] Received event: TickCompleted
[Test Client] Received event: ViewStateUpdated
[Test Client] Received event: ViewStateUpdated
[Test Client] Received event: ViewStateUpdated
[Test Client] Received event: TickCompleted

stdout | src/tests/server_v2/sse_integration.test.ts > SSE Event Stream Integration (Reproduction)
[World] Recording event: ViewStateUpdated
[SSE Handler] Received event: ViewStateUpdated
[World] Recording event: ViewStateUpdated
[SSE Handler] Received event: ViewStateUpdated
[World] Recording event: ViewStateUpdated
[SSE Handler] Received event: ViewStateUpdated
[SSE Handler] Received event: TickCompleted
[Test Client] Received event: ViewStateUpdated
[Test Client] Received event: ViewStateUpdated
[Test Client] Received event: ViewStateUpdated
[Test Client] Received event: TickCompleted

stdout | src/tests/server_v2/sse_integration.test.ts > SSE Event Stream Integration (Reproduction)
[World] Recording event: ViewStateUpdated
[SSE Handler] Received event: ViewStateUpdated
[World] Recording event: ViewStateUpdated
[SSE Handler] Received event: ViewStateUpdated
[World] Recording event: ViewStateUpdated
[SSE Handler] Received event: ViewStateUpdated
[SSE Handler] Received event: TickCompleted
[Test Client] Received event: ViewStateUpdated
[Test Client] Received event: ViewStateUpdated
[Test Client] Received event: ViewStateUpdated
[Test Client] Received event: TickCompleted

stdout | src/tests/server_v2/sse_integration.test.ts > SSE Event Stream Integration (Reproduction)
[World] Recording event: ViewStateUpdated
[SSE Handler] Received event: ViewStateUpdated
[World] Recording event: ViewStateUpdated
[SSE Handler] Received event: ViewStateUpdated
[World] Recording event: ViewStateUpdated
[SSE Handler] Received event: ViewStateUpdated
[SSE Handler] Received event: TickCompleted
[Test Client] Received event: ViewStateUpdated
[Test Client] Received event: ViewStateUpdated
[Test Client] Received event: ViewStateUpdated
[Test Client] Received event: TickCompleted

stdout | src/tests/server_v2/sse_integration.test.ts > SSE Event Stream Integration (Reproduction)
[SSE Handler] Received event: TickCompleted
[Test Client] Received event: TickCompleted

stdout | src/tests/server_v2/sse_integration.test.ts > SSE Event Stream Integration (Reproduction)
[World] Recording event: ViewStateUpdated
[SSE Handler] Received event: ViewStateUpdated
[World] Recording event: ViewStateUpdated
[SSE Handler] Received event: ViewStateUpdated
[World] Recording event: ViewStateUpdated
[SSE Handler] Received event: ViewStateUpdated
[SSE Handler] Received event: TickCompleted
[Test Client] Received event: ViewStateUpdated
[Test Client] Received event: ViewStateUpdated
[Test Client] Received event: ViewStateUpdated
[Test Client] Received event: TickCompleted

stdout | src/tests/server_v2/sse_integration.test.ts > SSE Event Stream Integration (Reproduction)
[SSE Handler] Received event: TickCompleted
[Test Client] Received event: TickCompleted

stdout | src/tests/server_v2/sse_integration.test.ts > SSE Event Stream Integration (Reproduction)
[World] Recording event: ViewStateUpdated
[SSE Handler] Received event: ViewStateUpdated
[World] Recording event: ViewStateUpdated
[SSE Handler] Received event: ViewStateUpdated
[World] Recording event: ViewStateUpdated
[SSE Handler] Received event: ViewStateUpdated
[SSE Handler] Received event: TickCompleted
[Test Client] Received event: ViewStateUpdated
[Test Client] Received event: ViewStateUpdated
[Test Client] Received event: ViewStateUpdated
[Test Client] Received event: TickCompleted

stdout | src/tests/server_v2/sse_integration.test.ts > SSE Event Stream Integration (Reproduction)
[World] Recording event: ViewStateUpdated
[SSE Handler] Received event: ViewStateUpdated
[World] Recording event: ViewStateUpdated
[SSE Handler] Received event: ViewStateUpdated
[World] Recording event: ViewStateUpdated
[SSE Handler] Received event: ViewStateUpdated
[SSE Handler] Received event: TickCompleted
[Test Client] Received event: ViewStateUpdated
[Test Client] Received event: ViewStateUpdated
[Test Client] Received event: ViewStateUpdated
[Test Client] Received event: TickCompleted

stdout | src/tests/server_v2/sse_integration.test.ts > SSE Event Stream Integration (Reproduction)
[SSE Handler] Received event: TickCompleted
[Test Client] Received event: TickCompleted

stdout | src/tests/server_v2/sse_integration.test.ts > SSE Event Stream Integration (Reproduction)
[World] Recording event: ViewStateUpdated
[SSE Handler] Received event: ViewStateUpdated
[World] Recording event: ViewStateUpdated
[SSE Handler] Received event: ViewStateUpdated
[World] Recording event: ViewStateUpdated
[SSE Handler] Received event: ViewStateUpdated
[SSE Handler] Received event: TickCompleted
[Test Client] Received event: ViewStateUpdated
[Test Client] Received event: ViewStateUpdated
[Test Client] Received event: ViewStateUpdated
[Test Client] Received event: TickCompleted

stdout | src/tests/server_v2/sse_integration.test.ts > SSE Event Stream Integration (Reproduction)
[SSE Handler] Received event: TickCompleted
[Test Client] Received event: TickCompleted

stdout | src/tests/server_v2/sse_integration.test.ts > SSE Event Stream Integration (Reproduction)
[World] Recording event: ViewStateUpdated
[SSE Handler] Received event: ViewStateUpdated
[World] Recording event: ViewStateUpdated
[SSE Handler] Received event: ViewStateUpdated
[World] Recording event: ViewStateUpdated
[SSE Handler] Received event: ViewStateUpdated
[SSE Handler] Received event: TickCompleted
[Test Client] Received event: ViewStateUpdated
[Test Client] Received event: ViewStateUpdated
[Test Client] Received event: ViewStateUpdated
[Test Client] Received event: TickCompleted

stdout | src/tests/server_v2/sse_integration.test.ts > SSE Event Stream Integration (Reproduction)
[SSE Handler] Received event: TickCompleted
[Test Client] Received event: TickCompleted

stdout | src/tests/server_v2/sse_integration.test.ts > SSE Event Stream Integration (Reproduction)
[World] Recording event: ViewStateUpdated
[SSE Handler] Received event: ViewStateUpdated
[World] Recording event: ViewStateUpdated
[SSE Handler] Received event: ViewStateUpdated
[World] Recording event: ViewStateUpdated
[SSE Handler] Received event: ViewStateUpdated
[SSE Handler] Received event: TickCompleted
[Test Client] Received event: ViewStateUpdated
[Test Client] Received event: ViewStateUpdated
[Test Client] Received event: ViewStateUpdated
[Test Client] Received event: TickCompleted

stdout | src/tests/server_v2/sse_integration.test.ts > SSE Event Stream Integration (Reproduction)
[World] Recording event: ViewStateUpdated
[SSE Handler] Received event: ViewStateUpdated
[World] Recording event: ViewStateUpdated
[SSE Handler] Received event: ViewStateUpdated
[World] Recording event: ViewStateUpdated
[SSE Handler] Received event: ViewStateUpdated
[SSE Handler] Received event: TickCompleted
[Test Client] Received event: ViewStateUpdated
[Test Client] Received event: ViewStateUpdated
[Test Client] Received event: ViewStateUpdated
[Test Client] Received event: TickCompleted

stdout | src/tests/server_v2/sse_integration.test.ts > SSE Event Stream Integration (Reproduction)
[SSE Handler] Received event: TickCompleted
[Test Client] Received event: TickCompleted

stdout | src/tests/server_v2/sse_integration.test.ts > SSE Event Stream Integration (Reproduction)
[World] Recording event: ViewStateUpdated
[SSE Handler] Received event: ViewStateUpdated
[World] Recording event: ViewStateUpdated
[SSE Handler] Received event: ViewStateUpdated
[World] Recording event: ViewStateUpdated
[SSE Handler] Received event: ViewStateUpdated
[SSE Handler] Received event: TickCompleted
[Test Client] Received event: ViewStateUpdated
[Test Client] Received event: ViewStateUpdated
[Test Client] Received event: ViewStateUpdated
[Test Client] Received event: TickCompleted

stdout | src/tests/server_v2/sse_integration.test.ts > SSE Event Stream Integration (Reproduction)
[SSE Handler] Received event: TickCompleted
[Test Client] Received event: TickCompleted

stdout | src/tests/server_v2/sse_integration.test.ts > SSE Event Stream Integration (Reproduction)
[World] Recording event: ViewStateUpdated
[SSE Handler] Received event: ViewStateUpdated
[World] Recording event: ViewStateUpdated
[SSE Handler] Received event: ViewStateUpdated
[World] Recording event: ViewStateUpdated
[SSE Handler] Received event: ViewStateUpdated
[SSE Handler] Received event: TickCompleted
[Test Client] Received event: ViewStateUpdated
[Test Client] Received event: ViewStateUpdated
[Test Client] Received event: ViewStateUpdated
[Test Client] Received event: TickCompleted

stdout | src/tests/server_v2/sse_integration.test.ts > SSE Event Stream Integration (Reproduction)
[World] Recording event: ViewStateUpdated
[SSE Handler] Received event: ViewStateUpdated
[World] Recording event: ViewStateUpdated
[SSE Handler] Received event: ViewStateUpdated
[World] Recording event: ViewStateUpdated
[SSE Handler] Received event: ViewStateUpdated
[SSE Handler] Received event: TickCompleted
[Test Client] Received event: ViewStateUpdated
[Test Client] Received event: ViewStateUpdated
[Test Client] Received event: ViewStateUpdated
[Test Client] Received event: TickCompleted

stdout | src/tests/server_v2/sse_integration.test.ts > SSE Event Stream Integration (Reproduction)
[SSE Handler] Received event: TickCompleted
[Test Client] Received event: TickCompleted

stdout | src/tests/server_v2/sse_integration.test.ts > SSE Event Stream Integration (Reproduction)
[World] Recording event: ViewStateUpdated
[SSE Handler] Received event: ViewStateUpdated
[World] Recording event: ViewStateUpdated
[SSE Handler] Received event: ViewStateUpdated
[World] Recording event: ViewStateUpdated
[SSE Handler] Received event: ViewStateUpdated
[SSE Handler] Received event: TickCompleted
[Test Client] Received event: ViewStateUpdated
[Test Client] Received event: ViewStateUpdated
[Test Client] Received event: ViewStateUpdated
[Test Client] Received event: TickCompleted

stdout | src/tests/server_v2/sse_integration.test.ts > SSE Event Stream Integration (Reproduction)
[World] Recording event: ViewStateUpdated
[SSE Handler] Received event: ViewStateUpdated
[World] Recording event: ViewStateUpdated
[SSE Handler] Received event: ViewStateUpdated
[World] Recording event: ViewStateUpdated
[SSE Handler] Received event: ViewStateUpdated
[SSE Handler] Received event: TickCompleted
[Test Client] Received event: ViewStateUpdated
[Test Client] Received event: ViewStateUpdated
[Test Client] Received event: ViewStateUpdated
[Test Client] Received event: TickCompleted

stdout | src/tests/server_v2/sse_integration.test.ts > SSE Event Stream Integration (Reproduction)
[SSE Handler] Received event: TickCompleted
[Test Client] Received event: TickCompleted

stdout | src/tests/server_v2/sse_integration.test.ts > SSE Event Stream Integration (Reproduction)
[World] Recording event: ViewStateUpdated
[SSE Handler] Received event: ViewStateUpdated
[World] Recording event: ViewStateUpdated
[SSE Handler] Received event: ViewStateUpdated
[World] Recording event: ViewStateUpdated
[SSE Handler] Received event: ViewStateUpdated
[SSE Handler] Received event: TickCompleted
[Test Client] Received event: ViewStateUpdated
[Test Client] Received event: ViewStateUpdated
[Test Client] Received event: ViewStateUpdated
[Test Client] Received event: TickCompleted

stdout | src/tests/server_v2/sse_integration.test.ts > SSE Event Stream Integration (Reproduction)
[SSE Handler] Received event: TickCompleted
[Test Client] Received event: TickCompleted

stdout | src/tests/server_v2/sse_integration.test.ts > SSE Event Stream Integration (Reproduction)
[World] Recording event: ViewStateUpdated
[SSE Handler] Received event: ViewStateUpdated
[World] Recording event: ViewStateUpdated
[SSE Handler] Received event: ViewStateUpdated
[World] Recording event: ViewStateUpdated
[SSE Handler] Received event: ViewStateUpdated
[SSE Handler] Received event: TickCompleted
[Test Client] Received event: ViewStateUpdated
[Test Client] Received event: ViewStateUpdated
[Test Client] Received event: ViewStateUpdated
[Test Client] Received event: TickCompleted

stdout | src/tests/server_v2/sse_integration.test.ts > SSE Event Stream Integration (Reproduction)
[World] Recording event: ViewStateUpdated
[SSE Handler] Received event: ViewStateUpdated
[World] Recording event: ViewStateUpdated
[SSE Handler] Received event: ViewStateUpdated
[World] Recording event: ViewStateUpdated
[SSE Handler] Received event: ViewStateUpdated
[SSE Handler] Received event: TickCompleted
[Test Client] Received event: ViewStateUpdated
[Test Client] Received event: ViewStateUpdated
[Test Client] Received event: ViewStateUpdated
[Test Client] Received event: TickCompleted

stdout | src/tests/server_v2/sse_integration.test.ts > SSE Event Stream Integration (Reproduction)
[SSE Handler] Received event: TickCompleted
[Test Client] Received event: TickCompleted

stdout | src/tests/server_v2/sse_integration.test.ts > SSE Event Stream Integration (Reproduction)
[World] Recording event: ViewStateUpdated
[SSE Handler] Received event: ViewStateUpdated
[World] Recording event: ViewStateUpdated
[SSE Handler] Received event: ViewStateUpdated
[World] Recording event: ViewStateUpdated
[SSE Handler] Received event: ViewStateUpdated
[SSE Handler] Received event: TickCompleted
[Test Client] Received event: ViewStateUpdated
[Test Client] Received event: ViewStateUpdated
[Test Client] Received event: ViewStateUpdated
[Test Client] Received event: TickCompleted

stdout | src/tests/server_v2/sse_integration.test.ts > SSE Event Stream Integration (Reproduction)
[SSE Handler] Received event: TickCompleted
[Test Client] Received event: TickCompleted

stdout | src/tests/server_v2/sse_integration.test.ts > SSE Event Stream Integration (Reproduction)
[World] Recording event: ViewStateUpdated
[SSE Handler] Received event: ViewStateUpdated
[World] Recording event: ViewStateUpdated
[SSE Handler] Received event: ViewStateUpdated
[World] Recording event: ViewStateUpdated
[SSE Handler] Received event: ViewStateUpdated
[SSE Handler] Received event: TickCompleted
[Test Client] Received event: ViewStateUpdated
[Test Client] Received event: ViewStateUpdated
[Test Client] Received event: ViewStateUpdated
[Test Client] Received event: TickCompleted

stdout | src/tests/server_v2/sse_integration.test.ts > SSE Event Stream Integration (Reproduction)
[World] Recording event: ViewStateUpdated
[SSE Handler] Received event: ViewStateUpdated
[World] Recording event: ViewStateUpdated
[SSE Handler] Received event: ViewStateUpdated
[World] Recording event: ViewStateUpdated
[SSE Handler] Received event: ViewStateUpdated
[SSE Handler] Received event: TickCompleted
[Test Client] Received event: ViewStateUpdated
[Test Client] Received event: ViewStateUpdated
[Test Client] Received event: ViewStateUpdated
[Test Client] Received event: TickCompleted

stdout | src/tests/server_v2/sse_integration.test.ts > SSE Event Stream Integration (Reproduction)
[SSE Handler] Received event: TickCompleted
[Test Client] Received event: TickCompleted

stdout | src/tests/server_v2/sse_integration.test.ts > SSE Event Stream Integration (Reproduction)
[World] Recording event: ViewStateUpdated
[SSE Handler] Received event: ViewStateUpdated
[World] Recording event: ViewStateUpdated
[SSE Handler] Received event: ViewStateUpdated
[World] Recording event: ViewStateUpdated
[SSE Handler] Received event: ViewStateUpdated
[SSE Handler] Received event: TickCompleted
[Test Client] Received event: ViewStateUpdated
[Test Client] Received event: ViewStateUpdated
[Test Client] Received event: ViewStateUpdated
[Test Client] Received event: TickCompleted

stdout | src/tests/server_v2/sse_integration.test.ts > SSE Event Stream Integration (Reproduction)
[SSE Handler] Received event: TickCompleted
[Test Client] Received event: TickCompleted

stdout | src/tests/server_v2/sse_integration.test.ts > SSE Event Stream Integration (Reproduction)
[World] Recording event: ViewStateUpdated
[SSE Handler] Received event: ViewStateUpdated
[World] Recording event: ViewStateUpdated
[SSE Handler] Received event: ViewStateUpdated
[World] Recording event: ViewStateUpdated
[SSE Handler] Received event: ViewStateUpdated
[SSE Handler] Received event: TickCompleted
[Test Client] Received event: ViewStateUpdated
[Test Client] Received event: ViewStateUpdated
[Test Client] Received event: ViewStateUpdated
[Test Client] Received event: TickCompleted

stdout | src/tests/server_v2/sse_integration.test.ts > SSE Event Stream Integration (Reproduction)
[World] Recording event: ViewStateUpdated
[SSE Handler] Received event: ViewStateUpdated
[World] Recording event: ViewStateUpdated
[SSE Handler] Received event: ViewStateUpdated
[World] Recording event: ViewStateUpdated
[SSE Handler] Received event: ViewStateUpdated
[SSE Handler] Received event: TickCompleted
[Test Client] Received event: ViewStateUpdated
[Test Client] Received event: ViewStateUpdated
[Test Client] Received event: ViewStateUpdated
[Test Client] Received event: TickCompleted

stdout | src/tests/server_v2/sse_integration.test.ts > SSE Event Stream Integration (Reproduction)
[World] Recording event: ViewStateUpdated
[SSE Handler] Received event: ViewStateUpdated
[World] Recording event: ViewStateUpdated
[SSE Handler] Received event: ViewStateUpdated
[World] Recording event: ViewStateUpdated
[SSE Handler] Received event: ViewStateUpdated
[SSE Handler] Received event: TickCompleted
[Test Client] Received event: ViewStateUpdated
[Test Client] Received event: ViewStateUpdated
[Test Client] Received event: ViewStateUpdated
[Test Client] Received event: TickCompleted
[SSE Handler] Received event: TickCompleted
[Test Client] Received event: TickCompleted

                                                                                                                                                                                                                                                                                                                                                                                                                                                                                                                                                                                                                                                                                                                                                                                                                                                                                                                                                                                                                                                                                                                                                                                                                                                                                                                                                                                                                                                                                                                                                                                                                                                                                                                                                                                                                                                                                                                                                                                                                                                                                                                                                                                                                                                                                                                                                                                                                                                                                                                                                                                                                                                                                                                                                                                                                                                                                                                                                                                                                                                                                                                                                                                                                                                                                                                                                                                                                                                                                                                                                                                                                                                                                                                                                                                                                                                                                                                                                                                                                                                                                                                                                                                                                                                                                                                                                                                                                                                                                                                                                                                                                                                                                                                                                                                                                                                                                                                                                                                                                                                                                                                                                                                                                                                                                                                                                                                                                                                                                                                                                                                                                                                                                                                                                                                                                                                                                                                                                                                                                                                                                                                                                                                                                                                                                                                                                                                                                                                                                                                                                                                                                                                                                                                                                                                                                                                                                                                                                                                                                                                                                                                                                                                                                                                                                                                                                                                                                                                                                                                                                                                                                                                                                                                                                                                                                                                                                                                                                                                                                                                                                                                                                                                                                                                                                                                                                                                                                                                                                                                                                                                                                                                                                                                                                                                                                                                                                                                                                                                                                                                                                                                                                                                                                                                                                                                                                                                                                                                                                                                                                                                                                                                                                                                                                                                                                                                                                                                                                                                                                                                                                                                                                                                                                                                                                                                                                                                                                                                                                                                                                                                                                                                                                                                                                                                                                                                                                                                                                                                                                                                                                                                                                                                                                                                                                                                                                                                                                                                                                                                                                                                                                                                                                                                                                                                                                                                                                                                                                                                                                                                                                                                                                                                                                                                                                                                                                                                                                                                                                                                                                                                                                                                                                                                                                                                                                                                                                                                                                                                                                                                                                                                                                                                                                                                                                                                                                                                                                                                                                                                                                                                                                                                                                                                                                                                                                                                                                                                                                                                                                                                                                                                                                                                                                                                                                                                                                                                                                                                                                                                                                                                                                                                                                                                                                                                                                                                                                                                                                                                                                                                                                                                                                                                                                                                                                                                                                                                                                                                                                                                                                                                                                                                                                                                                                                                                                                                                                                                                                                                                                                                                                                                                                                                                                                                                                                                                                                                                                                                                                                                                                                                                                                                                                                                                                                                                                                                                                                                                                                                                                                                                                                                                                                                                                                                                                                                                                                                                                                                                                                                                                                                                                                                                                                                                                                                                                                                                                                                                                                                                                                                                                                                                                                                                                                                                                                                                                                                                                                                                                                                                                                                                                                                                                                                                                                                                                                                                                                                                                                                                                                                                                                                                                                                                                                                                                                                                                                                                                                                                                                                                                                                                                                                                                                                                                                                                                                                                                                                                                                                                                                                                                                                                                                                                                                                                                                                                                                                                                                                                                                                                                                                                                                                                                                                                                                                                                                                                                                                                                                                                                                                                                                                                                                                                                                                                                                                                                                                                                                                                                                                                                                                                                                                                                                                                                                                                                                                                                                                                                                                                                                                                                                                                                                                                                                                                                                                                                                                                                                                                                                                                                                                                                                                                                                                                                                                                                                                                                                                                                                                                                                                                                                                                                                                                                                                                                                                                                                                                                                                                                                                                                                                                                                                                                                                                                                                                                                                                                                                                                                                                                                                                                                                                                                                                                                                                                                                                                                                                                                                                                                                                                                                                                                                                                                                                                                                                                                                                                                                                                                                                                                                                                                                                                                                                                                                                                                                                                                                                                                                                                                                                                                                                                                                                                                                                                                                                                                                                                                                                                                                                                                                                                                                                                                                                                                                                                                                                                                                                                                                                                                                                                                                                                                                                                                                                                                                                                                                                                                                                                                                                                                                                                                                                                                                                                                                                                                                                                                                                                                                                                                                                                                                                                                                                                                                                                                                                                                                                                                                                                                                                                                                                                                                                                                                                                                                                                                                                                                                                                                                                                                                                                                                                                                                                                                                                                                                                                                                                                                                                                                                                                                                                                                                                                                                                                                                                                                                                                                                                                                                                                                                                                                                                                                                                                                                                                                                                                                                                                                                                                                                                                                                                                                                                                                                                                                                                                                                                                                                                                                                                                                                                                                                                                                                                                                                                                                                                                                                                                                                                                                                                                                                                                                                                                                                                                                                                                                                                                                                                                                                                                                                                                                                                                                                                                                                                                                                                                                                                                                                                                                                                                                                                                                                                                                                                                                                                                                                                                                                                                                                                                                                                                                                                                                                                                                                                                                                                                                                                                                                                                                                                                                                                                                                                                                                                                                                                                                                                                                                                                                                                                                                                                                                                                                                                                                                                                                                                                                                                                                                                                                                                                                                                                                                                                                                                                                                                                                                                                                                                                                                                                                                                                                                                                                                                                                                                                                                                                                                                                                                                                                                                                                                                                                                                                                                                                                                                                                                                                                                                                                                                                                                                                                                                                                                                                                                                                                                                                                                                                                                                                                                                                                                                                                                                                                                                                                                                                                                                                                                                                                                                                                                                                                                                                                                                                                                                                                                                                                                                                                                                                                                                                                                                                                                                                                                                                                                                                                                                                                                                                                                                                                                                                                                                                                                                                                                                                                                                                                                                                                                                                                                                                                                                                                                                                                                                                                                                                                                                                                                                                                                                                                                                                                                                                                                                                                                                                                                                                                                                                                                                                                                                                                                                                                                                                                                                                                                                                                                                                                                                                                                                                                                                                                                                                                                                                                                                                                                                                                                                                                                                                                                                                                                                                                                                                                                                                                                                                                                                                                                                                                                                                                                                                                                                                                                                                                                                                                                                                                                                                                                                                                                                                                                                                                                                                                                                                                                                                                                                                                                                                                                                                                                                                                                                                                                                                                                                                                                                                                                                                                                                                                                                                                                                                                                                                                                                                                                                                                                                                                                                                                                                                                                                                                                                                                                                                                                                                                                                                                                                                                                                                                                                                                                                                                                                                                                                                                                                                                                                                                                                                                                                                                                                                                                                                                                                                                                                                                                                                                                                                                                                                                                                                                                                                                                                                                                                                                                                                                                                                                                                                                                                                                                                                                                                                                                                                                                                                                                                                                                                                                                                                                                                                                                                                                                                                                                                                                                                                                                                                                                                                                                                                                                                                                                                                                                                                                                                                                                                                                                                                                                                                                                                                                                                                                                                                                                                                                                                                                                                                                                                                                                                                                                                                                                                                                                                                                                                                                                                                                                                                                                                                                                                                                                                                                                                                                                                                                                                                                                                                                                                                                                                                                                                                                                                                                                                                                                                                                                                                                                                                                                                                                                                                                                                                                                                                                                                                                                                                                                                                                                                                                                                                                                                                                                                                                                                                                                                                                                                                                                                                                                                                                                                                                                                                                                                                                                                                                                                                                                                                                                                                                                                                                                                                                                                                                                                                                                                                                                                                                                                                                                                                                                                                                                                                                                                                                                                                                                                                                                                                                                                                                                                                                                                                                                                                                                                                                                                                                                                                                                                                                                                                                                                                                                                                                                                                                                                                                                                                                                                                                                                                                                                                                                                                                                                                                                                                                                                                                                                                                                                                                                                                                                                                                                                                                                                                                                                                                                                                                                                                                                                                                                                                                                                                                                                                                                                                                                                                                                                                                                                                                                                                                                                                                                                                                                                                                                                                                                                                                                                                                                                                                                                                                                                                                                                                                                                                                                                                                                                                                                                                                                                                                                                                                                                                                                                                                                                                                                                                                                                                                                                                                                                                                                                                                                                                                                                                                                                                                                                                                                                                                                                                                                                                                                                                                                                                                                                                                                                                                                                                                                                                                                                                                                                                                                                                                                                                                                                                                                                                                                                                                                                                                                                                                                                                                                                                                                                                                                                                                                                                                                                                                                                                                                                                                                                                                                                                                                                                                                                                                                                                                                                                                                                                                                                                                                                                                                                                                                                                                                                                                                                                                                                                                                                                                                                                                                                                                                                                                                                                                                                                                                                                                                                                                                                                                                                                                                                                                                                                                                                                                                                                                                                                                                                                                                                                                                                                                                                                                                                                                                                                                                                                                                                                                                                                                                                                                                                                                                                                                                                                                                                                                                                                                                                                                                                                                                                                                                                                                                                                                                                                                                                                                                                                                                                                                                                                                                                                                                                                                                                                                                                                                                                                                                                                                                                                                                                                                                                                                                                                                                                                                                                                                                                                                                                                                                                                                                                                                                                                                                                                                                                                                                                                                                                                                                                                                                                                                                                                                                                                                                                                                                                                                                                                                                                                                                                                                                                                                                                                                                                                                                                                                                                                                                                                                                                                                                                                                                                                                                                                                                                                                                                                                                                                                                                                                                                                                                                                                                                                                                                                                                                                                                                                                                                                                                                                                                                                                                                                                                                                                                                                                                                                                                                                                                                                                                                                                                                                                                                                                                                                                                                                                                                                                                                                                                                                                                                                                                                                                                                                                                                                                                                                                                                                                                                                                                                                                                                                                                                                                                                                                                                                                                                                                                                                                                                                                                                                                                                                                                                                                                                                                                                                                                                                                                                                                                                                                                                                                                                                                                                                                                                                                                                                                                                                                                                                                                                                                                                                                                                                                                                                                                                                                                                                                                                                                                                                                                                                                                                                                                                                                                                                                                                                                                                                                                                                                                                                                                                                                                                                                                                                                                                                                                                                                                                                                                                                                                                                                                                                                                                                                                                                                                                                                                                                                                                                                                                                                                                                                                                                                                                                                                                                                                                                                                                                                                                                                                                                                                                                                                                                                                                                                                                                                                                                                                                                                                                                                                                                                                                                                                                                                                                                                                                                                                                                                                                                                                                                                                                                                                                                                                                                                                                                                                                                                                                                                                                                                                                                                                                                                                                                                                                                                                                                                                                                                                                                                                                                                                                                                                                                                                                                                                                                                                                                                                                                                                                                                                                                                                                                                                                                                                                                                                                                                                                                                                                                                                                                                                                                                                                                                                                                                                                                                                                                                                                                                                                                                                                                                                                                                                                                                                                                                                                                                                                                                                                                                                                                                                                                                                                                                                                                                                                                                                                                                                                                                                                                                                                                                                                                                                                                                                                                                                                                                                                                                                                                                                                                                                                                                                                                                                                                                                                                                                                                                                                                                                                                                                                                                                                                                                                                                                                                                                                                                                                                                                                                                                                                                                                                                                                                                                                                                                                                                                                                                                                                                                                                                                                                                                                                                                                                                                                                                                                                                                                                                                                                                                                                                                                                                                                                                                                                                                                                                                                                                                                                                                                                                                                                                                                                                                                                                                                                                                                                                                                                                                                                                                                                                                                                                                                                                                                                                                                                                                                                                                                                                                                                                                                                                                                                                                                                                                                                                                                                                                                                                                                                                                                                                                                                                                                                                                                                                                                                                                                                                                                                                                                                                                                                                                                                                                                                                                                                                                                                                                                                                                                                                                                                                                                                                                                                                                                                                                                                                                                                                                                                                                                                                                                                                                                                                                                                                                                                                                                                                                                                                                                                                                                                                                                                                                                                                                                                                                                                                                                                                                                                                                                                                                                                                                                                                                                                                                                                                                                                                                                                                                                                                                                                                                                                                                                                                                                                                                                                                                                                                                                                                                                                                                                                                                                                                                                                                                                                                                                                                                                                                                                                                                                                                                                                                                                                                                                                                                                                                                                                                                                                                                                                                                                                                                                                                                                                                                                                                                                                                                                                                                                                                                                                                                                                                                                                                                                                                                                                                                                                                                                                                                                                                                                                                                                                                                                                                                                                                                                                                                                                                                                                                                                                                                                                                                                                                                                                                                                                                                                                                                                                                                                                                                                                                                                                                                                                                                                                                                                                                                                                                                                                                                                                                                                                                                                                                                                                                                                                                                                                                                                                                                                                                                                                                                                                                                                                                                                                                                                                                                                                                                                                                                                                                                                                                                                                                                                                                                                                                                                                                                                                                                                                                                                                                                                                                                                                                                                                                                                                                                                                                                                                                                                                                                                                                                                                                                                                                                                                                                                                                                                                                                                                                                                                                                                                                                                                                                                                                                                                                                                                                                                                                                                                                                                                                                                                                                                                                                                                                                                                                                                                                                                                                                                                                                                                                                                                                                                                                                                                                                                                                                                                                                                                                                                                                                                                                                                                                                                                                                                                                                                                                                                                                                                                                                                                                                                                                                                                                                                                                                                                                                                                                                                                                                                                                                                                                                                                                                                                                                                                                                                                                                                                                                                                                                                                                                                                                                                                                                                                                                                                                                                                                                                                                                                                                                                                                                                                                                                                                                                                                                                                                                                                                                                                                                                                                                                                                                                                                                                                                                                                                                                                                                                                                                                                                                                                                                                                                                                                                                                                                                                                                                                                                                                                                                                                                                                                                                                                                                                                                                                                                                                                                                                                                                                                                                                                                                                                                                                                                                                                                                                                                                                                                                                                                                                                                                                                                                                                                                                                                                                                                                                                                                                                                                                                                                                                                                                                                                                                                                                                                                                                                                                                                                                                                                                                                                                                                                                                                                                                                                                                                                                                                                                                                                                                                                                                                                                                                                                                                                                                                                                                                                                                                                                                                                                                                                                                                                                                                                                                                                                                                                                                                                                                                                                                                                                                                                                                                                                                                                                                                                                                                                                                                                                                                                                                                                                                                                                                                                                                                                                                                                                                                                                                                                                                                                                                                                                                                                                                                                                                                                                                                                                                                                                                                                                                                                                                                                                                                                                                                                                                                                                                                                                                                                                                                                                                                                                                                                                                                                                                                                                                                                                                                                                                                                                                                                                                                                                                                                                                                                                                                                                                                                                                                                                                                                                                                                                                                                                                                                                                                                                                                                                                                                                                                                                                                                                                                                                                                                                                                                                                                                                                                                                                                                                                                                                                                                                                                                                                                                                                                                                                                                                                                                                                                                                                                                                                                                                                                                                                                                                                                                                                                                                                                                                                                                                                                                                                                                                                                                                                                                                                                                                                                                                                                                                                                                                                                                                                                                                                                                                                                                                                                                                                                                                                                                                                                                                                                                                                                                                                                                                                                                                                                                                                                                                                                                                                                                                                                                                                                                                                                                                                                                                                                                                                                                                                                                                                                                                                                                                                                                                                                                                                                                                                                                                                                                                                                                                                                                                                                                                                                                                                                                                                                                                                                                                                                                                                                                                                                                                                                                                                                                                                                                                                                                                                                                                                                                                                                                                                                                                                                                                                                                                                                                                                                                                                                                                                                                                                                                                                                                                                                                                                                                                                                                                                                                                                                                                                                                                                                                                                                                                                                                                                                                                                                                                                                                                                                                                                                                                                                                                                                                                                                                                                                                                                                                                                                                                                                                                                                                                                                                                                                                                                                                                                                                                                                                                                                                                                                                                                                                                                                                                                                                                                                                                                                                                                                                                                                                                                                                                                                                                                                                                                                                                                                                                                                                                                                                                                                                                                                                                                                                                                                                                                                                                                                                                                                                                                                                                                                                                                                                                                                                                                                                                                                                                                                                                                                                                                                                                                                                                                                                                                                                                                                                                                                                                                                                                                                                                                                                                                                                                                                                                                                                                                                                                                                                                                                                                                                                                                                                                                                                                                                                                                                                                                                                                                                                                                                                                                                                                                                                                                                                                                                                                                                                                                                                                                                                                                                                                                                                                                                                                                                                                                                                                                                                                                                                                                                                                                                                                                                                                                                                                                                                                                                                                                                                                                                                                                                                                                                                                                                                                                                                                                                                                                                                                                                                                                                                                                                                                                                                                                                                                                                                                                                                                                                                                                                                                                                                                                                                                                                                                                                                                                                                                                                                                                                                                                                                                                                                                                                                                                                                                                                                                                                                                                                                                                                                                                                                                                                                                                                                                                                                                                                                                                                                                                                                                                                                                                                                                    stdout | src/tests/server_v2/sse_integration.test.ts > SSE Event Stream Integration (Reproduction)
[SSE Handler] Received event: TickCompleted
[Test Client] Received event: TickCompleted

stdout | src/tests/server_v2/sse_integration.test.ts > SSE Event Stream Integration (Reproduction)
[World] Recording event: ViewStateUpdated
[SSE Handler] Received event: ViewStateUpdated
[World] Recording event: ViewStateUpdated
[SSE Handler] Received event: ViewStateUpdated
[World] Recording event: ViewStateUpdated
[SSE Handler] Received event: ViewStateUpdated
[SSE Handler] Received event: TickCompleted
[Test Client] Received event: ViewStateUpdated
[Test Client] Received event: ViewStateUpdated
[Test Client] Received event: ViewStateUpdated
[Test Client] Received event: TickCompleted

stdout | src/tests/server_v2/sse_integration.test.ts > SSE Event Stream Integration (Reproduction)
[World] Recording event: ViewStateUpdated
[SSE Handler] Received event: ViewStateUpdated
[World] Recording event: ViewStateUpdated
[SSE Handler] Received event: ViewStateUpdated
[World] Recording event: ViewStateUpdated
[SSE Handler] Received event: ViewStateUpdated
[SSE Handler] Received event: TickCompleted
[Test Client] Received event: ViewStateUpdated
[Test Client] Received event: ViewStateUpdated
[Test Client] Received event: ViewStateUpdated
[Test Client] Received event: TickCompleted

stdout | src/tests/server_v2/sse_integration.test.ts > SSE Event Stream Integration (Reproduction)
[World] Recording event: ViewStateUpdated
[SSE Handler] Received event: ViewStateUpdated
[World] Recording event: ViewStateUpdated
[SSE Handler] Received event: ViewStateUpdated
[World] Recording event: ViewStateUpdated
[SSE Handler] Received event: ViewStateUpdated
[SSE Handler] Received event: TickCompleted
[Test Client] Received event: ViewStateUpdated
[Test Client] Received event: ViewStateUpdated
[Test Client] Received event: ViewStateUpdated
[Test Client] Received event: TickCompleted

stdout | src/tests/server_v2/sse_integration.test.ts > SSE Event Stream Integration (Reproduction)
[World] Recording event: ViewStateUpdated
[SSE Handler] Received event: ViewStateUpdated
[World] Recording event: ViewStateUpdated
[SSE Handler] Received event: ViewStateUpdated
[World] Recording event: ViewStateUpdated
[SSE Handler] Received event: ViewStateUpdated
[SSE Handler] Received event: TickCompleted
[Test Client] Received event: ViewStateUpdated
[Test Client] Received event: ViewStateUpdated
[Test Client] Received event: ViewStateUpdated
[Test Client] Received event: TickCompleted

stdout | src/tests/server_v2/sse_integration.test.ts > SSE Event Stream Integration (Reproduction)
[World] Recording event: ViewStateUpdated
[SSE Handler] Received event: ViewStateUpdated
[World] Recording event: ViewStateUpdated
[SSE Handler] Received event: ViewStateUpdated
[World] Recording event: ViewStateUpdated
[SSE Handler] Received event: ViewStateUpdated
[SSE Handler] Received event: TickCompleted
[Test Client] Received event: ViewStateUpdated
[Test Client] Received event: ViewStateUpdated
[Test Client] Received event: ViewStateUpdated
[Test Client] Received event: TickCompleted

stdout | src/tests/server_v2/sse_integration.test.ts > SSE Event Stream Integration (Reproduction)
[SSE Handler] Received event: TickCompleted
[Test Client] Received event: TickCompleted

stdout | src/tests/server_v2/sse_integration.test.ts > SSE Event Stream Integration (Reproduction)
[World] Recording event: ViewStateUpdated
[SSE Handler] Received event: ViewStateUpdated
[World] Recording event: ViewStateUpdated
[SSE Handler] Received event: ViewStateUpdated
[World] Recording event: ViewStateUpdated
[SSE Handler] Received event: ViewStateUpdated
[SSE Handler] Received event: TickCompleted
[Test Client] Received event: ViewStateUpdated
[Test Client] Received event: ViewStateUpdated
[Test Client] Received event: ViewStateUpdated
[Test Client] Received event: TickCompleted

stdout | src/tests/server_v2/sse_integration.test.ts > SSE Event Stream Integration (Reproduction)
[World] Recording event: ViewStateUpdated
[SSE Handler] Received event: ViewStateUpdated
[World] Recording event: ViewStateUpdated
[SSE Handler] Received event: ViewStateUpdated
[World] Recording event: ViewStateUpdated
[SSE Handler] Received event: ViewStateUpdated
[SSE Handler] Received event: TickCompleted
[Test Client] Received event: ViewStateUpdated
[Test Client] Received event: ViewStateUpdated
[Test Client] Received event: ViewStateUpdated
[Test Client] Received event: TickCompleted

stdout | src/tests/server_v2/sse_integration.test.ts > SSE Event Stream Integration (Reproduction)
[World] Recording event: ViewStateUpdated
[SSE Handler] Received event: ViewStateUpdated
[World] Recording event: ViewStateUpdated
[SSE Handler] Received event: ViewStateUpdated
[World] Recording event: ViewStateUpdated
[SSE Handler] Received event: ViewStateUpdated
[SSE Handler] Received event: TickCompleted
[Test Client] Received event: ViewStateUpdated
[Test Client] Received event: ViewStateUpdated
[Test Client] Received event: ViewStateUpdated
[Test Client] Received event: TickCompleted

stdout | src/tests/server_v2/sse_integration.test.ts > SSE Event Stream Integration (Reproduction)
[World] Recording event: ViewStateUpdated
[SSE Handler] Received event: ViewStateUpdated
[World] Recording event: ViewStateUpdated
[SSE Handler] Received event: ViewStateUpdated
[World] Recording event: ViewStateUpdated
[SSE Handler] Received event: ViewStateUpdated
[SSE Handler] Received event: TickCompleted
[Test Client] Received event: ViewStateUpdated
[Test Client] Received event: ViewStateUpdated
[Test Client] Received event: ViewStateUpdated
[Test Client] Received event: TickCompleted

stdout | src/tests/server_v2/sse_integration.test.ts > SSE Event Stream Integration (Reproduction)
[World] Recording event: ViewStateUpdated
[SSE Handler] Received event: ViewStateUpdated
[World] Recording event: ViewStateUpdated
[SSE Handler] Received event: ViewStateUpdated
[World] Recording event: ViewStateUpdated
[SSE Handler] Received event: ViewStateUpdated
[SSE Handler] Received event: TickCompleted
[Test Client] Received event: ViewStateUpdated
[Test Client] Received event: ViewStateUpdated
[Test Client] Received event: ViewStateUpdated
[Test Client] Received event: TickCompleted

stdout | src/tests/server_v2/sse_integration.test.ts > SSE Event Stream Integration (Reproduction)
[World] Recording event: ViewStateUpdated
[SSE Handler] Received event: ViewStateUpdated
[World] Recording event: ViewStateUpdated
[SSE Handler] Received event: ViewStateUpdated
[World] Recording event: ViewStateUpdated
[SSE Handler] Received event: ViewStateUpdated
[SSE Handler] Received event: TickCompleted
[Test Client] Received event: ViewStateUpdated
[Test Client] Received event: ViewStateUpdated
[Test Client] Received event: ViewStateUpdated
[Test Client] Received event: TickCompleted

stdout | src/tests/server_v2/sse_integration.test.ts > SSE Event Stream Integration (Reproduction)
[World] Recording event: ViewStateUpdated
[SSE Handler] Received event: ViewStateUpdated
[World] Recording event: ViewStateUpdated
[SSE Handler] Received event: ViewStateUpdated
[World] Recording event: ViewStateUpdated
[SSE Handler] Received event: ViewStateUpdated
[SSE Handler] Received event: TickCompleted
[Test Client] Received event: ViewStateUpdated
[Test Client] Received event: ViewStateUpdated
[Test Client] Received event: ViewStateUpdated
[Test Client] Received event: TickCompleted

stdout | src/tests/server_v2/sse_integration.test.ts > SSE Event Stream Integration (Reproduction)
[SSE Handler] Received event: TickCompleted
[Test Client] Received event: TickCompleted

stdout | src/tests/server_v2/sse_integration.test.ts > SSE Event Stream Integration (Reproduction)
[World] Recording event: ViewStateUpdated
[SSE Handler] Received event: ViewStateUpdated
[World] Recording event: ViewStateUpdated
[SSE Handler] Received event: ViewStateUpdated
[World] Recording event: ViewStateUpdated
[SSE Handler] Received event: ViewStateUpdated
[SSE Handler] Received event: TickCompleted
[Test Client] Received event: ViewStateUpdated
[Test Client] Received event: ViewStateUpdated
[Test Client] Received event: ViewStateUpdated
[Test Client] Received event: TickCompleted

stdout | src/tests/server_v2/sse_integration.test.ts > SSE Event Stream Integration (Reproduction)
[SSE Handler] Received event: TickCompleted
[Test Client] Received event: TickCompleted

stdout | src/tests/server_v2/sse_integration.test.ts > SSE Event Stream Integration (Reproduction)
[World] Recording event: ViewStateUpdated
[SSE Handler] Received event: ViewStateUpdated
[World] Recording event: ViewStateUpdated
[SSE Handler] Received event: ViewStateUpdated
[World] Recording event: ViewStateUpdated
[SSE Handler] Received event: ViewStateUpdated
[SSE Handler] Received event: TickCompleted
[Test Client] Received event: ViewStateUpdated
[Test Client] Received event: ViewStateUpdated
[Test Client] Received event: ViewStateUpdated
[Test Client] Received event: TickCompleted

stdout | src/tests/server_v2/sse_integration.test.ts > SSE Event Stream Integration (Reproduction)
[SSE Handler] Received event: TickCompleted
[Test Client] Received event: TickCompleted

stdout | src/tests/server_v2/sse_integration.test.ts > SSE Event Stream Integration (Reproduction)
[World] Recording event: ViewStateUpdated
[SSE Handler] Received event: ViewStateUpdated
[World] Recording event: ViewStateUpdated
[SSE Handler] Received event: ViewStateUpdated
[World] Recording event: ViewStateUpdated
[SSE Handler] Received event: ViewStateUpdated
[SSE Handler] Received event: TickCompleted
[Test Client] Received event: ViewStateUpdated
[Test Client] Received event: ViewStateUpdated
[Test Client] Received event: ViewStateUpdated
[Test Client] Received event: TickCompleted

stdout | src/tests/server_v2/sse_integration.test.ts > SSE Event Stream Integration (Reproduction)
[World] Recording event: ViewStateUpdated
[SSE Handler] Received event: ViewStateUpdated
[World] Recording event: ViewStateUpdated
[SSE Handler] Received event: ViewStateUpdated
[World] Recording event: ViewStateUpdated
[SSE Handler] Received event: ViewStateUpdated
[SSE Handler] Received event: TickCompleted
[Test Client] Received event: ViewStateUpdated
[Test Client] Received event: ViewStateUpdated
[Test Client] Received event: ViewStateUpdated
[Test Client] Received event: TickCompleted

stdout | src/tests/server_v2/sse_integration.test.ts > SSE Event Stream Integration (Reproduction)
[SSE Handler] Received event: TickCompleted
[Test Client] Received event: TickCompleted

stdout | src/tests/server_v2/sse_integration.test.ts > SSE Event Stream Integration (Reproduction)
[World] Recording event: ViewStateUpdated
[SSE Handler] Received event: ViewStateUpdated
[World] Recording event: ViewStateUpdated
[SSE Handler] Received event: ViewStateUpdated
[World] Recording event: ViewStateUpdated
[SSE Handler] Received event: ViewStateUpdated
[SSE Handler] Received event: TickCompleted
[Test Client] Received event: ViewStateUpdated
[Test Client] Received event: ViewStateUpdated
[Test Client] Received event: ViewStateUpdated
[Test Client] Received event: TickCompleted

stdout | src/tests/server_v2/sse_integration.test.ts > SSE Event Stream Integration (Reproduction)
[SSE Handler] Received event: TickCompleted
[Test Client] Received event: TickCompleted

stdout | src/tests/server_v2/sse_integration.test.ts > SSE Event Stream Integration (Reproduction)
[World] Recording event: ViewStateUpdated
[SSE Handler] Received event: ViewStateUpdated
[World] Recording event: ViewStateUpdated
[SSE Handler] Received event: ViewStateUpdated
[World] Recording event: ViewStateUpdated
[SSE Handler] Received event: ViewStateUpdated
[SSE Handler] Received event: TickCompleted
[Test Client] Received event: ViewStateUpdated
[Test Client] Received event: ViewStateUpdated
[Test Client] Received event: ViewStateUpdated
[Test Client] Received event: TickCompleted

stdout | src/tests/server_v2/sse_integration.test.ts > SSE Event Stream Integration (Reproduction)
[World] Recording event: ViewStateUpdated
[SSE Handler] Received event: ViewStateUpdated
[World] Recording event: ViewStateUpdated
[SSE Handler] Received event: ViewStateUpdated
[World] Recording event: ViewStateUpdated
[SSE Handler] Received event: ViewStateUpdated
[SSE Handler] Received event: TickCompleted
[Test Client] Received event: ViewStateUpdated
[Test Client] Received event: ViewStateUpdated
[Test Client] Received event: ViewStateUpdated
[Test Client] Received event: TickCompleted

stdout | src/tests/server_v2/sse_integration.test.ts > SSE Event Stream Integration (Reproduction)
[World] Recording event: ViewStateUpdated
[SSE Handler] Received event: ViewStateUpdated
[World] Recording event: ViewStateUpdated
[SSE Handler] Received event: ViewStateUpdated
[World] Recording event: ViewStateUpdated
[SSE Handler] Received event: ViewStateUpdated
[SSE Handler] Received event: TickCompleted
[Test Client] Received event: ViewStateUpdated
[Test Client] Received event: ViewStateUpdated
[Test Client] Received event: ViewStateUpdated
[Test Client] Received event: TickCompleted

stdout | src/tests/server_v2/sse_integration.test.ts > SSE Event Stream Integration (Reproduction)
[World] Recording event: ViewStateUpdated
[SSE Handler] Received event: ViewStateUpdated
[World] Recording event: ViewStateUpdated
[SSE Handler] Received event: ViewStateUpdated
[World] Recording event: ViewStateUpdated
[SSE Handler] Received event: ViewStateUpdated
[SSE Handler] Received event: TickCompleted
[Test Client] Received event: ViewStateUpdated
[Test Client] Received event: ViewStateUpdated
[Test Client] Received event: ViewStateUpdated
[Test Client] Received event: TickCompleted

stdout | src/tests/server_v2/sse_integration.test.ts > SSE Event Stream Integration (Reproduction)
[World] Recording event: ViewStateUpdated
[SSE Handler] Received event: ViewStateUpdated
[World] Recording event: ViewStateUpdated
[SSE Handler] Received event: ViewStateUpdated
[World] Recording event: ViewStateUpdated
[SSE Handler] Received event: ViewStateUpdated
[SSE Handler] Received event: TickCompleted
[Test Client] Received event: ViewStateUpdated
[Test Client] Received event: ViewStateUpdated
[Test Client] Received event: ViewStateUpdated
[Test Client] Received event: TickCompleted

stdout | src/tests/server_v2/sse_integration.test.ts > SSE Event Stream Integration (Reproduction)
[SSE Handler] Received event: TickCompleted
[Test Client] Received event: TickCompleted

stdout | src/tests/server_v2/sse_integration.test.ts > SSE Event Stream Integration (Reproduction)
[World] Recording event: ViewStateUpdated
[SSE Handler] Received event: ViewStateUpdated
[World] Recording event: ViewStateUpdated
[SSE Handler] Received event: ViewStateUpdated
[World] Recording event: ViewStateUpdated
[SSE Handler] Received event: ViewStateUpdated
[SSE Handler] Received event: TickCompleted
[Test Client] Received event: ViewStateUpdated
[Test Client] Received event: ViewStateUpdated
[Test Client] Received event: ViewStateUpdated
[Test Client] Received event: TickCompleted

stdout | src/tests/server_v2/sse_integration.test.ts > SSE Event Stream Integration (Reproduction)
[SSE Handler] Received event: TickCompleted
[Test Client] Received event: TickCompleted

stdout | src/tests/server_v2/sse_integration.test.ts > SSE Event Stream Integration (Reproduction)
[World] Recording event: ViewStateUpdated
[SSE Handler] Received event: ViewStateUpdated
[World] Recording event: ViewStateUpdated
[SSE Handler] Received event: ViewStateUpdated
[World] Recording event: ViewStateUpdated
[SSE Handler] Received event: ViewStateUpdated
[SSE Handler] Received event: TickCompleted
[Test Client] Received event: ViewStateUpdated
[Test Client] Received event: ViewStateUpdated
[Test Client] Received event: ViewStateUpdated
[Test Client] Received event: TickCompleted

stdout | src/tests/server_v2/sse_integration.test.ts > SSE Event Stream Integration (Reproduction)
[World] Recording event: ViewStateUpdated
[SSE Handler] Received event: ViewStateUpdated
[World] Recording event: ViewStateUpdated
[SSE Handler] Received event: ViewStateUpdated
[World] Recording event: ViewStateUpdated
[SSE Handler] Received event: ViewStateUpdated
[SSE Handler] Received event: TickCompleted
[Test Client] Received event: ViewStateUpdated
[Test Client] Received event: ViewStateUpdated
[Test Client] Received event: ViewStateUpdated
[Test Client] Received event: TickCompleted

stdout | src/tests/server_v2/sse_integration.test.ts > SSE Event Stream Integration (Reproduction)
[World] Recording event: ViewStateUpdated
[SSE Handler] Received event: ViewStateUpdated
[World] Recording event: ViewStateUpdated
[SSE Handler] Received event: ViewStateUpdated
[World] Recording event: ViewStateUpdated
[SSE Handler] Received event: ViewStateUpdated
[SSE Handler] Received event: TickCompleted
[Test Client] Received event: ViewStateUpdated
[Test Client] Received event: ViewStateUpdated
[Test Client] Received event: ViewStateUpdated
[Test Client] Received event: TickCompleted

stdout | src/tests/server_v2/sse_integration.test.ts > SSE Event Stream Integration (Reproduction)
[World] Recording event: ViewStateUpdated
[SSE Handler] Received event: ViewStateUpdated
[World] Recording event: ViewStateUpdated
[SSE Handler] Received event: ViewStateUpdated
[World] Recording event: ViewStateUpdated
[SSE Handler] Received event: ViewStateUpdated
[SSE Handler] Received event: TickCompleted
[Test Client] Received event: ViewStateUpdated
[Test Client] Received event: ViewStateUpdated
[Test Client] Received event: ViewStateUpdated
[Test Client] Received event: TickCompleted

stdout | src/tests/server_v2/sse_integration.test.ts > SSE Event Stream Integration (Reproduction)
[World] Recording event: ViewStateUpdated
[SSE Handler] Received event: ViewStateUpdated
[World] Recording event: ViewStateUpdated
[SSE Handler] Received event: ViewStateUpdated
[World] Recording event: ViewStateUpdated
[SSE Handler] Received event: ViewStateUpdated
[SSE Handler] Received event: TickCompleted
[Test Client] Received event: ViewStateUpdated
[Test Client] Received event: ViewStateUpdated
[Test Client] Received event: ViewStateUpdated
[Test Client] Received event: TickCompleted

stdout | src/tests/server_v2/sse_integration.test.ts > SSE Event Stream Integration (Reproduction)
[World] Recording event: ViewStateUpdated
[SSE Handler] Received event: ViewStateUpdated
[World] Recording event: ViewStateUpdated
[SSE Handler] Received event: ViewStateUpdated
[World] Recording event: ViewStateUpdated
[SSE Handler] Received event: ViewStateUpdated
[SSE Handler] Received event: TickCompleted
[Test Client] Received event: ViewStateUpdated
[Test Client] Received event: ViewStateUpdated
[Test Client] Received event: ViewStateUpdated
[Test Client] Received event: TickCompleted

stdout | src/tests/server_v2/sse_integration.test.ts > SSE Event Stream Integration (Reproduction)
[World] Recording event: ViewStateUpdated
[SSE Handler] Received event: ViewStateUpdated
[World] Recording event: ViewStateUpdated
[SSE Handler] Received event: ViewStateUpdated
[World] Recording event: ViewStateUpdated
[SSE Handler] Received event: ViewStateUpdated
[SSE Handler] Received event: TickCompleted
[Test Client] Received event: ViewStateUpdated
[Test Client] Received event: ViewStateUpdated
[Test Client] Received event: ViewStateUpdated
[Test Client] Received event: TickCompleted

stdout | src/tests/server_v2/sse_integration.test.ts > SSE Event Stream Integration (Reproduction)
[World] Recording event: ViewStateUpdated
[SSE Handler] Received event: ViewStateUpdated
[World] Recording event: ViewStateUpdated
[SSE Handler] Received event: ViewStateUpdated
[World] Recording event: ViewStateUpdated
[SSE Handler] Received event: ViewStateUpdated
[SSE Handler] Received event: TickCompleted
[Test Client] Received event: ViewStateUpdated
[Test Client] Received event: ViewStateUpdated
[Test Client] Received event: ViewStateUpdated
[Test Client] Received event: TickCompleted

stdout | src/tests/server_v2/sse_integration.test.ts > SSE Event Stream Integration (Reproduction)
[World] Recording event: ViewStateUpdated
[SSE Handler] Received event: ViewStateUpdated
[World] Recording event: ViewStateUpdated
[SSE Handler] Received event: ViewStateUpdated
[World] Recording event: ViewStateUpdated
[SSE Handler] Received event: ViewStateUpdated
[SSE Handler] Received event: TickCompleted
[Test Client] Received event: ViewStateUpdated
[Test Client] Received event: ViewStateUpdated
[Test Client] Received event: ViewStateUpdated
[Test Client] Received event: TickCompleted

stdout | src/tests/server_v2/sse_integration.test.ts > SSE Event Stream Integration (Reproduction)
[World] Recording event: ViewStateUpdated
[SSE Handler] Received event: ViewStateUpdated
[World] Recording event: ViewStateUpdated
[SSE Handler] Received event: ViewStateUpdated
[World] Recording event: ViewStateUpdated
[SSE Handler] Received event: ViewStateUpdated
[SSE Handler] Received event: TickCompleted
[Test Client] Received event: ViewStateUpdated
[Test Client] Received event: ViewStateUpdated
[Test Client] Received event: ViewStateUpdated
[Test Client] Received event: TickCompleted

stdout | src/tests/server_v2/sse_integration.test.ts > SSE Event Stream Integration (Reproduction)
[World] Recording event: ViewStateUpdated
[SSE Handler] Received event: ViewStateUpdated
[World] Recording event: ViewStateUpdated
[SSE Handler] Received event: ViewStateUpdated
[World] Recording event: ViewStateUpdated
[SSE Handler] Received event: ViewStateUpdated
[SSE Handler] Received event: TickCompleted
[Test Client] Received event: ViewStateUpdated
[Test Client] Received event: ViewStateUpdated
[Test Client] Received event: ViewStateUpdated
[Test Client] Received event: TickCompleted

stdout | src/tests/server_v2/sse_integration.test.ts > SSE Event Stream Integration (Reproduction)
[SSE Handler] Received event: TickCompleted
[Test Client] Received event: TickCompleted

stdout | src/tests/server_v2/sse_integration.test.ts > SSE Event Stream Integration (Reproduction)
[World] Recording event: ViewStateUpdated
[SSE Handler] Received event: ViewStateUpdated
[World] Recording event: ViewStateUpdated
[SSE Handler] Received event: ViewStateUpdated
[World] Recording event: ViewStateUpdated
[SSE Handler] Received event: ViewStateUpdated
[SSE Handler] Received event: TickCompleted
[Test Client] Received event: ViewStateUpdated
[Test Client] Received event: ViewStateUpdated
[Test Client] Received event: ViewStateUpdated
[Test Client] Received event: TickCompleted

stdout | src/tests/server_v2/sse_integration.test.ts > SSE Event Stream Integration (Reproduction)
[World] Recording event: ViewStateUpdated
[SSE Handler] Received event: ViewStateUpdated
[World] Recording event: ViewStateUpdated
[SSE Handler] Received event: ViewStateUpdated
[World] Recording event: ViewStateUpdated
[SSE Handler] Received event: ViewStateUpdated
[SSE Handler] Received event: TickCompleted
[Test Client] Received event: ViewStateUpdated
[Test Client] Received event: ViewStateUpdated
[Test Client] Received event: ViewStateUpdated
[Test Client] Received event: TickCompleted

stdout | src/tests/server_v2/sse_integration.test.ts > SSE Event Stream Integration (Reproduction)
[SSE Handler] Received event: TickCompleted
[Test Client] Received event: TickCompleted

stdout | src/tests/server_v2/sse_integration.test.ts > SSE Event Stream Integration (Reproduction)
[World] Recording event: ViewStateUpdated
[SSE Handler] Received event: ViewStateUpdated
[World] Recording event: ViewStateUpdated
[SSE Handler] Received event: ViewStateUpdated
[World] Recording event: ViewStateUpdated
[SSE Handler] Received event: ViewStateUpdated
[SSE Handler] Received event: TickCompleted
[Test Client] Received event: ViewStateUpdated
[Test Client] Received event: ViewStateUpdated
[Test Client] Received event: ViewStateUpdated
[Test Client] Received event: TickCompleted

stdout | src/tests/server_v2/sse_integration.test.ts > SSE Event Stream Integration (Reproduction)
[World] Recording event: ViewStateUpdated
[SSE Handler] Received event: ViewStateUpdated
[World] Recording event: ViewStateUpdated
[SSE Handler] Received event: ViewStateUpdated
[World] Recording event: ViewStateUpdated
[SSE Handler] Received event: ViewStateUpdated
[SSE Handler] Received event: TickCompleted
[Test Client] Received event: ViewStateUpdated
[Test Client] Received event: ViewStateUpdated
[Test Client] Received event: ViewStateUpdated
[Test Client] Received event: TickCompleted

stdout | src/tests/server_v2/sse_integration.test.ts > SSE Event Stream Integration (Reproduction)
[World] Recording event: ViewStateUpdated
[SSE Handler] Received event: ViewStateUpdated
[World] Recording event: ViewStateUpdated
[SSE Handler] Received event: ViewStateUpdated
[World] Recording event: ViewStateUpdated
[SSE Handler] Received event: ViewStateUpdated
[SSE Handler] Received event: TickCompleted
[Test Client] Received event: ViewStateUpdated
[Test Client] Received event: ViewStateUpdated
[Test Client] Received event: ViewStateUpdated
[Test Client] Received event: TickCompleted

stdout | src/tests/server_v2/sse_integration.test.ts > SSE Event Stream Integration (Reproduction)
[SSE Handler] Received event: TickCompleted
[Test Client] Received event: TickCompleted

stdout | src/tests/server_v2/sse_integration.test.ts > SSE Event Stream Integration (Reproduction)
[World] Recording event: ViewStateUpdated
[SSE Handler] Received event: ViewStateUpdated
[World] Recording event: ViewStateUpdated
[SSE Handler] Received event: ViewStateUpdated
[World] Recording event: ViewStateUpdated
[SSE Handler] Received event: ViewStateUpdated
[SSE Handler] Received event: TickCompleted
[Test Client] Received event: ViewStateUpdated
[Test Client] Received event: ViewStateUpdated
[Test Client] Received event: ViewStateUpdated
[Test Client] Received event: TickCompleted

stdout | src/tests/server_v2/sse_integration.test.ts > SSE Event Stream Integration (Reproduction)
[World] Recording event: ViewStateUpdated
[SSE Handler] Received event: ViewStateUpdated
[World] Recording event: ViewStateUpdated
[SSE Handler] Received event: ViewStateUpdated
[World] Recording event: ViewStateUpdated
[SSE Handler] Received event: ViewStateUpdated
[SSE Handler] Received event: TickCompleted
[Test Client] Received event: ViewStateUpdated
[Test Client] Received event: ViewStateUpdated
[Test Client] Received event: ViewStateUpdated
[Test Client] Received event: TickCompleted

stdout | src/tests/server_v2/sse_integration.test.ts > SSE Event Stream Integration (Reproduction)
[World] Recording event: ViewStateUpdated
[SSE Handler] Received event: ViewStateUpdated
[World] Recording event: ViewStateUpdated
[SSE Handler] Received event: ViewStateUpdated
[World] Recording event: ViewStateUpdated
[SSE Handler] Received event: ViewStateUpdated
[SSE Handler] Received event: TickCompleted
[Test Client] Received event: ViewStateUpdated
[Test Client] Received event: ViewStateUpdated
[Test Client] Received event: ViewStateUpdated
[Test Client] Received event: TickCompleted

stdout | src/tests/server_v2/sse_integration.test.ts > SSE Event Stream Integration (Reproduction)
[World] Recording event: ViewStateUpdated
[SSE Handler] Received event: ViewStateUpdated
[World] Recording event: ViewStateUpdated
[SSE Handler] Received event: ViewStateUpdated
[World] Recording event: ViewStateUpdated
[SSE Handler] Received event: ViewStateUpdated
[SSE Handler] Received event: TickCompleted
[Test Client] Received event: ViewStateUpdated
[Test Client] Received event: ViewStateUpdated
[Test Client] Received event: ViewStateUpdated
[Test Client] Received event: TickCompleted

stdout | src/tests/server_v2/sse_integration.test.ts > SSE Event Stream Integration (Reproduction)
[World] Recording event: ViewStateUpdated
[SSE Handler] Received event: ViewStateUpdated
[World] Recording event: ViewStateUpdated
[SSE Handler] Received event: ViewStateUpdated
[World] Recording event: ViewStateUpdated
[SSE Handler] Received event: ViewStateUpdated
[SSE Handler] Received event: TickCompleted
[Test Client] Received event: ViewStateUpdated
[Test Client] Received event: ViewStateUpdated
[Test Client] Received event: ViewStateUpdated
[Test Client] Received event: TickCompleted

stdout | src/tests/server_v2/sse_integration.test.ts > SSE Event Stream Integration (Reproduction)
[World] Recording event: ViewStateUpdated
[SSE Handler] Received event: ViewStateUpdated
[World] Recording event: ViewStateUpdated
[SSE Handler] Received event: ViewStateUpdated
[World] Recording event: ViewStateUpdated
[SSE Handler] Received event: ViewStateUpdated
[SSE Handler] Received event: TickCompleted
[Test Client] Received event: ViewStateUpdated
[Test Client] Received event: ViewStateUpdated
[Test Client] Received event: ViewStateUpdated
[Test Client] Received event: TickCompleted

stdout | src/tests/server_v2/sse_integration.test.ts > SSE Event Stream Integration (Reproduction)
[SSE Handler] Received event: TickCompleted
[Test Client] Received event: TickCompleted

stdout | src/tests/server_v2/sse_integration.test.ts > SSE Event Stream Integration (Reproduction)
[World] Recording event: ViewStateUpdated
[SSE Handler] Received event: ViewStateUpdated
[World] Recording event: ViewStateUpdated
[SSE Handler] Received event: ViewStateUpdated
[World] Recording event: ViewStateUpdated
[SSE Handler] Received event: ViewStateUpdated
[SSE Handler] Received event: TickCompleted
[Test Client] Received event: ViewStateUpdated
[Test Client] Received event: ViewStateUpdated
[Test Client] Received event: ViewStateUpdated
[Test Client] Received event: TickCompleted

stdout | src/tests/server_v2/sse_integration.test.ts > SSE Event Stream Integration (Reproduction)
[World] Recording event: ViewStateUpdated
[SSE Handler] Received event: ViewStateUpdated
[World] Recording event: ViewStateUpdated
[SSE Handler] Received event: ViewStateUpdated
[World] Recording event: ViewStateUpdated
[SSE Handler] Received event: ViewStateUpdated
[SSE Handler] Received event: TickCompleted
[Test Client] Received event: ViewStateUpdated
[Test Client] Received event: ViewStateUpdated
[Test Client] Received event: ViewStateUpdated
[Test Client] Received event: TickCompleted

stdout | src/tests/server_v2/sse_integration.test.ts > SSE Event Stream Integration (Reproduction)
[World] Recording event: ViewStateUpdated
[SSE Handler] Received event: ViewStateUpdated
[World] Recording event: ViewStateUpdated
[SSE Handler] Received event: ViewStateUpdated
[World] Recording event: ViewStateUpdated
[SSE Handler] Received event: ViewStateUpdated
[SSE Handler] Received event: TickCompleted
[Test Client] Received event: ViewStateUpdated
[Test Client] Received event: ViewStateUpdated
[Test Client] Received event: ViewStateUpdated
[Test Client] Received event: TickCompleted

stdout | src/tests/server_v2/sse_integration.test.ts > SSE Event Stream Integration (Reproduction)
[World] Recording event: ViewStateUpdated
[SSE Handler] Received event: ViewStateUpdated
[World] Recording event: ViewStateUpdated
[SSE Handler] Received event: ViewStateUpdated
[World] Recording event: ViewStateUpdated
[SSE Handler] Received event: ViewStateUpdated
[SSE Handler] Received event: TickCompleted
[Test Client] Received event: ViewStateUpdated
[Test Client] Received event: ViewStateUpdated
[Test Client] Received event: ViewStateUpdated
[Test Client] Received event: TickCompleted

stdout | src/tests/server_v2/sse_integration.test.ts > SSE Event Stream Integration (Reproduction)
[SSE Handler] Received event: TickCompleted
[Test Client] Received event: TickCompleted

stdout | src/tests/server_v2/sse_integration.test.ts > SSE Event Stream Integration (Reproduction)
[World] Recording event: ViewStateUpdated
[SSE Handler] Received event: ViewStateUpdated
[World] Recording event: ViewStateUpdated
[SSE Handler] Received event: ViewStateUpdated
[World] Recording event: ViewStateUpdated
[SSE Handler] Received event: ViewStateUpdated
[SSE Handler] Received event: TickCompleted
[Test Client] Received event: ViewStateUpdated
[Test Client] Received event: ViewStateUpdated
[Test Client] Received event: ViewStateUpdated
[Test Client] Received event: TickCompleted

stdout | src/tests/server_v2/sse_integration.test.ts > SSE Event Stream Integration (Reproduction)
[World] Recording event: ViewStateUpdated
[SSE Handler] Received event: ViewStateUpdated
[World] Recording event: ViewStateUpdated
[SSE Handler] Received event: ViewStateUpdated
[World] Recording event: ViewStateUpdated
[SSE Handler] Received event: ViewStateUpdated
[SSE Handler] Received event: TickCompleted
[Test Client] Received event: ViewStateUpdated
[Test Client] Received event: ViewStateUpdated
[Test Client] Received event: ViewStateUpdated
[Test Client] Received event: TickCompleted

stdout | src/tests/server_v2/sse_integration.test.ts > SSE Event Stream Integration (Reproduction)
[SSE Handler] Received event: TickCompleted
[Test Client] Received event: TickCompleted

stdout | src/tests/server_v2/sse_integration.test.ts > SSE Event Stream Integration (Reproduction)
[World] Recording event: ViewStateUpdated
[SSE Handler] Received event: ViewStateUpdated
[World] Recording event: ViewStateUpdated
[SSE Handler] Received event: ViewStateUpdated
[World] Recording event: ViewStateUpdated
[SSE Handler] Received event: ViewStateUpdated
[SSE Handler] Received event: TickCompleted
[Test Client] Received event: ViewStateUpdated
[Test Client] Received event: ViewStateUpdated
[Test Client] Received event: ViewStateUpdated
[Test Client] Received event: TickCompleted

stdout | src/tests/server_v2/sse_integration.test.ts > SSE Event Stream Integration (Reproduction)
[World] Recording event: ViewStateUpdated
[SSE Handler] Received event: ViewStateUpdated
[World] Recording event: ViewStateUpdated
[SSE Handler] Received event: ViewStateUpdated
[World] Recording event: ViewStateUpdated
[SSE Handler] Received event: ViewStateUpdated
[SSE Handler] Received event: TickCompleted
[Test Client] Received event: ViewStateUpdated
[Test Client] Received event: ViewStateUpdated
[Test Client] Received event: ViewStateUpdated
[Test Client] Received event: TickCompleted

stdout | src/tests/server_v2/sse_integration.test.ts > SSE Event Stream Integration (Reproduction)
[SSE Handler] Received event: TickCompleted
[Test Client] Received event: TickCompleted

stdout | src/tests/server_v2/sse_integration.test.ts > SSE Event Stream Integration (Reproduction)
[World] Recording event: ViewStateUpdated
[SSE Handler] Received event: ViewStateUpdated
[World] Recording event: ViewStateUpdated
[SSE Handler] Received event: ViewStateUpdated
[World] Recording event: ViewStateUpdated
[SSE Handler] Received event: ViewStateUpdated
[SSE Handler] Received event: TickCompleted
[Test Client] Received event: ViewStateUpdated
[Test Client] Received event: ViewStateUpdated
[Test Client] Received event: ViewStateUpdated
[Test Client] Received event: TickCompleted

stdout | src/tests/server_v2/sse_integration.test.ts > SSE Event Stream Integration (Reproduction)
[World] Recording event: ViewStateUpdated
[SSE Handler] Received event: ViewStateUpdated
[World] Recording event: ViewStateUpdated
[SSE Handler] Received event: ViewStateUpdated
[World] Recording event: ViewStateUpdated
[SSE Handler] Received event: ViewStateUpdated
[SSE Handler] Received event: TickCompleted
[Test Client] Received event: ViewStateUpdated
[Test Client] Received event: ViewStateUpdated
[Test Client] Received event: ViewStateUpdated
[Test Client] Received event: TickCompleted

stdout | src/tests/server_v2/sse_integration.test.ts > SSE Event Stream Integration (Reproduction)
[World] Recording event: ViewStateUpdated
[SSE Handler] Received event: ViewStateUpdated
[World] Recording event: ViewStateUpdated
[SSE Handler] Received event: ViewStateUpdated
[World] Recording event: ViewStateUpdated
[SSE Handler] Received event: ViewStateUpdated
[SSE Handler] Received event: TickCompleted
[Test Client] Received event: ViewStateUpdated
[Test Client] Received event: ViewStateUpdated
[Test Client] Received event: ViewStateUpdated
[Test Client] Received event: TickCompleted

stdout | src/tests/server_v2/sse_integration.test.ts > SSE Event Stream Integration (Reproduction)
[World] Recording event: ViewStateUpdated
[SSE Handler] Received event: ViewStateUpdated
[World] Recording event: ViewStateUpdated
[SSE Handler] Received event: ViewStateUpdated
[World] Recording event: ViewStateUpdated
[SSE Handler] Received event: ViewStateUpdated
[SSE Handler] Received event: TickCompleted
[Test Client] Received event: ViewStateUpdated
[Test Client] Received event: ViewStateUpdated
[Test Client] Received event: ViewStateUpdated
[Test Client] Received event: TickCompleted

stdout | src/tests/server_v2/sse_integration.test.ts > SSE Event Stream Integration (Reproduction)
[World] Recording event: ViewStateUpdated
[SSE Handler] Received event: ViewStateUpdated
[World] Recording event: ViewStateUpdated
[SSE Handler] Received event: ViewStateUpdated
[World] Recording event: ViewStateUpdated
[SSE Handler] Received event: ViewStateUpdated
[SSE Handler] Received event: TickCompleted
[Test Client] Received event: ViewStateUpdated
[Test Client] Received event: ViewStateUpdated
[Test Client] Received event: ViewStateUpdated
[Test Client] Received event: TickCompleted

stdout | src/tests/server_v2/sse_integration.test.ts > SSE Event Stream Integration (Reproduction)
[World] Recording event: ViewStateUpdated
[SSE Handler] Received event: ViewStateUpdated
[World] Recording event: ViewStateUpdated
[SSE Handler] Received event: ViewStateUpdated
[World] Recording event: ViewStateUpdated
[SSE Handler] Received event: ViewStateUpdated
[SSE Handler] Received event: TickCompleted
[Test Client] Received event: ViewStateUpdated
[Test Client] Received event: ViewStateUpdated
[Test Client] Received event: ViewStateUpdated
[Test Client] Received event: TickCompleted

stdout | src/tests/server_v2/sse_integration.test.ts > SSE Event Stream Integration (Reproduction)
[World] Recording event: ViewStateUpdated
[SSE Handler] Received event: ViewStateUpdated
[World] Recording event: ViewStateUpdated
[SSE Handler] Received event: ViewStateUpdated
[World] Recording event: ViewStateUpdated
[SSE Handler] Received event: ViewStateUpdated
[SSE Handler] Received event: TickCompleted
[Test Client] Received event: ViewStateUpdated
[Test Client] Received event: ViewStateUpdated
[Test Client] Received event: ViewStateUpdated
[Test Client] Received event: TickCompleted

stdout | src/tests/server_v2/sse_integration.test.ts > SSE Event Stream Integration (Reproduction)
[World] Recording event: ViewStateUpdated
[SSE Handler] Received event: ViewStateUpdated
[World] Recording event: ViewStateUpdated
[SSE Handler] Received event: ViewStateUpdated
[World] Recording event: ViewStateUpdated
[SSE Handler] Received event: ViewStateUpdated
[SSE Handler] Received event: TickCompleted
[Test Client] Received event: ViewStateUpdated
[Test Client] Received event: ViewStateUpdated
[Test Client] Received event: ViewStateUpdated
[Test Client] Received event: TickCompleted

stdout | src/tests/server_v2/sse_integration.test.ts > SSE Event Stream Integration (Reproduction)
[SSE Handler] Received event: TickCompleted
[Test Client] Received event: TickCompleted

stdout | src/tests/server_v2/sse_integration.test.ts > SSE Event Stream Integration (Reproduction)
[World] Recording event: ViewStateUpdated
[SSE Handler] Received event: ViewStateUpdated
[World] Recording event: ViewStateUpdated
[SSE Handler] Received event: ViewStateUpdated
[World] Recording event: ViewStateUpdated
[SSE Handler] Received event: ViewStateUpdated
[SSE Handler] Received event: TickCompleted
[Test Client] Received event: ViewStateUpdated
[Test Client] Received event: ViewStateUpdated
[Test Client] Received event: ViewStateUpdated
[Test Client] Received event: TickCompleted

stdout | src/tests/server_v2/sse_integration.test.ts > SSE Event Stream Integration (Reproduction)
[SSE Handler] Received event: TickCompleted
[Test Client] Received event: TickCompleted

stdout | src/tests/server_v2/sse_integration.test.ts > SSE Event Stream Integration (Reproduction)
[World] Recording event: ViewStateUpdated
[SSE Handler] Received event: ViewStateUpdated
[World] Recording event: ViewStateUpdated
[SSE Handler] Received event: ViewStateUpdated
[World] Recording event: ViewStateUpdated
[SSE Handler] Received event: ViewStateUpdated
[SSE Handler] Received event: TickCompleted
[Test Client] Received event: ViewStateUpdated
[Test Client] Received event: ViewStateUpdated
[Test Client] Received event: ViewStateUpdated
[Test Client] Received event: TickCompleted

stdout | src/tests/server_v2/sse_integration.test.ts > SSE Event Stream Integration (Reproduction)
[World] Recording event: ViewStateUpdated
[SSE Handler] Received event: ViewStateUpdated
[World] Recording event: ViewStateUpdated
[SSE Handler] Received event: ViewStateUpdated
[World] Recording event: ViewStateUpdated
[SSE Handler] Received event: ViewStateUpdated
[SSE Handler] Received event: TickCompleted
[Test Client] Received event: ViewStateUpdated
[Test Client] Received event: ViewStateUpdated
[Test Client] Received event: ViewStateUpdated
[Test Client] Received event: TickCompleted

stdout | src/tests/server_v2/sse_integration.test.ts > SSE Event Stream Integration (Reproduction)
[World] Recording event: ViewStateUpdated
[SSE Handler] Received event: ViewStateUpdated
[World] Recording event: ViewStateUpdated
[SSE Handler] Received event: ViewStateUpdated
[World] Recording event: ViewStateUpdated
[SSE Handler] Received event: ViewStateUpdated
[SSE Handler] Received event: TickCompleted
[Test Client] Received event: ViewStateUpdated
[Test Client] Received event: ViewStateUpdated
[Test Client] Received event: ViewStateUpdated
[Test Client] Received event: TickCompleted

stdout | src/tests/server_v2/sse_integration.test.ts > SSE Event Stream Integration (Reproduction)
[SSE Handler] Received event: TickCompleted
[Test Client] Received event: TickCompleted

stdout | src/tests/server_v2/sse_integration.test.ts > SSE Event Stream Integration (Reproduction)
[World] Recording event: ViewStateUpdated
[SSE Handler] Received event: ViewStateUpdated
[World] Recording event: ViewStateUpdated
[SSE Handler] Received event: ViewStateUpdated
[World] Recording event: ViewStateUpdated
[SSE Handler] Received event: ViewStateUpdated
[SSE Handler] Received event: TickCompleted
[Test Client] Received event: ViewStateUpdated
[Test Client] Received event: ViewStateUpdated
[Test Client] Received event: ViewStateUpdated
[Test Client] Received event: TickCompleted

stdout | src/tests/server_v2/sse_integration.test.ts > SSE Event Stream Integration (Reproduction)
[World] Recording event: ViewStateUpdated
[SSE Handler] Received event: ViewStateUpdated
[World] Recording event: ViewStateUpdated
[SSE Handler] Received event: ViewStateUpdated
[World] Recording event: ViewStateUpdated
[SSE Handler] Received event: ViewStateUpdated
[SSE Handler] Received event: TickCompleted
[Test Client] Received event: ViewStateUpdated
[Test Client] Received event: ViewStateUpdated
[Test Client] Received event: ViewStateUpdated
[Test Client] Received event: TickCompleted

stdout | src/tests/server_v2/sse_integration.test.ts > SSE Event Stream Integration (Reproduction)
[World] Recording event: ViewStateUpdated
[SSE Handler] Received event: ViewStateUpdated
[World] Recording event: ViewStateUpdated
[SSE Handler] Received event: ViewStateUpdated
[World] Recording event: ViewStateUpdated
[SSE Handler] Received event: ViewStateUpdated
[SSE Handler] Received event: TickCompleted
[Test Client] Received event: ViewStateUpdated
[Test Client] Received event: ViewStateUpdated
[Test Client] Received event: ViewStateUpdated
[Test Client] Received event: TickCompleted

stdout | src/tests/server_v2/sse_integration.test.ts > SSE Event Stream Integration (Reproduction)
[SSE Handler] Received event: TickCompleted
[Test Client] Received event: TickCompleted

stdout | src/tests/server_v2/sse_integration.test.ts > SSE Event Stream Integration (Reproduction)
[World] Recording event: ViewStateUpdated
[SSE Handler] Received event: ViewStateUpdated
[World] Recording event: ViewStateUpdated
[SSE Handler] Received event: ViewStateUpdated
[World] Recording event: ViewStateUpdated
[SSE Handler] Received event: ViewStateUpdated
[SSE Handler] Received event: TickCompleted
[Test Client] Received event: ViewStateUpdated
[Test Client] Received event: ViewStateUpdated
[Test Client] Received event: ViewStateUpdated
[Test Client] Received event: TickCompleted

stdout | src/tests/server_v2/sse_integration.test.ts > SSE Event Stream Integration (Reproduction)
[World] Recording event: ViewStateUpdated
[SSE Handler] Received event: ViewStateUpdated
[World] Recording event: ViewStateUpdated
[SSE Handler] Received event: ViewStateUpdated
[World] Recording event: ViewStateUpdated
[SSE Handler] Received event: ViewStateUpdated
[SSE Handler] Received event: TickCompleted
[Test Client] Received event: ViewStateUpdated
[Test Client] Received event: ViewStateUpdated
[Test Client] Received event: ViewStateUpdated
[Test Client] Received event: TickCompleted

stdout | src/tests/server_v2/sse_integration.test.ts > SSE Event Stream Integration (Reproduction)
[SSE Handler] Received event: TickCompleted
[Test Client] Received event: TickCompleted

stdout | src/tests/server_v2/sse_integration.test.ts > SSE Event Stream Integration (Reproduction)
[World] Recording event: ViewStateUpdated
[SSE Handler] Received event: ViewStateUpdated
[World] Recording event: ViewStateUpdated
[SSE Handler] Received event: ViewStateUpdated
[World] Recording event: ViewStateUpdated
[SSE Handler] Received event: ViewStateUpdated
[SSE Handler] Received event: TickCompleted
[Test Client] Received event: ViewStateUpdated
[Test Client] Received event: ViewStateUpdated
[Test Client] Received event: ViewStateUpdated
[Test Client] Received event: TickCompleted

stdout | src/tests/server_v2/sse_integration.test.ts > SSE Event Stream Integration (Reproduction)
[World] Recording event: ViewStateUpdated
[SSE Handler] Received event: ViewStateUpdated
[World] Recording event: ViewStateUpdated
[SSE Handler] Received event: ViewStateUpdated
[World] Recording event: ViewStateUpdated
[SSE Handler] Received event: ViewStateUpdated
[SSE Handler] Received event: TickCompleted
[Test Client] Received event: ViewStateUpdated
[Test Client] Received event: ViewStateUpdated
[Test Client] Received event: ViewStateUpdated
[Test Client] Received event: TickCompleted

stdout | src/tests/server_v2/sse_integration.test.ts > SSE Event Stream Integration (Reproduction)
[World] Recording event: ViewStateUpdated
[SSE Handler] Received event: ViewStateUpdated
[World] Recording event: ViewStateUpdated
[SSE Handler] Received event: ViewStateUpdated
[World] Recording event: ViewStateUpdated
[SSE Handler] Received event: ViewStateUpdated
[SSE Handler] Received event: TickCompleted
[Test Client] Received event: ViewStateUpdated
[Test Client] Received event: ViewStateUpdated
[Test Client] Received event: ViewStateUpdated
[Test Client] Received event: TickCompleted

stdout | src/tests/server_v2/sse_integration.test.ts > SSE Event Stream Integration (Reproduction)
[SSE Handler] Received event: TickCompleted
[Test Client] Received event: TickCompleted

stdout | src/tests/server_v2/sse_integration.test.ts > SSE Event Stream Integration (Reproduction)
[World] Recording event: ViewStateUpdated
[SSE Handler] Received event: ViewStateUpdated
[World] Recording event: ViewStateUpdated
[SSE Handler] Received event: ViewStateUpdated
[World] Recording event: ViewStateUpdated
[SSE Handler] Received event: ViewStateUpdated
[SSE Handler] Received event: TickCompleted
[Test Client] Received event: ViewStateUpdated
[Test Client] Received event: ViewStateUpdated
[Test Client] Received event: ViewStateUpdated
[Test Client] Received event: TickCompleted

stdout | src/tests/server_v2/sse_integration.test.ts > SSE Event Stream Integration (Reproduction)
[SSE Handler] Received event: TickCompleted
[Test Client] Received event: TickCompleted

stdout | src/tests/server_v2/sse_integration.test.ts > SSE Event Stream Integration (Reproduction)
[World] Recording event: ViewStateUpdated
[SSE Handler] Received event: ViewStateUpdated
[World] Recording event: ViewStateUpdated
[SSE Handler] Received event: ViewStateUpdated
[World] Recording event: ViewStateUpdated
[SSE Handler] Received event: ViewStateUpdated
[SSE Handler] Received event: TickCompleted
[Test Client] Received event: ViewStateUpdated
[Test Client] Received event: ViewStateUpdated
[Test Client] Received event: ViewStateUpdated
[Test Client] Received event: TickCompleted

stdout | src/tests/server_v2/sse_integration.test.ts > SSE Event Stream Integration (Reproduction)
[World] Recording event: ViewStateUpdated
[SSE Handler] Received event: ViewStateUpdated
[World] Recording event: ViewStateUpdated
[SSE Handler] Received event: ViewStateUpdated
[World] Recording event: ViewStateUpdated
[SSE Handler] Received event: ViewStateUpdated
[SSE Handler] Received event: TickCompleted
[Test Client] Received event: ViewStateUpdated
[Test Client] Received event: ViewStateUpdated
[Test Client] Received event: ViewStateUpdated
[Test Client] Received event: TickCompleted

stdout | src/tests/server_v2/sse_integration.test.ts > SSE Event Stream Integration (Reproduction)
[World] Recording event: ViewStateUpdated
[SSE Handler] Received event: ViewStateUpdated
[World] Recording event: ViewStateUpdated
[SSE Handler] Received event: ViewStateUpdated
[World] Recording event: ViewStateUpdated
[SSE Handler] Received event: ViewStateUpdated
[SSE Handler] Received event: TickCompleted
[Test Client] Received event: ViewStateUpdated
[Test Client] Received event: ViewStateUpdated
[Test Client] Received event: ViewStateUpdated
[Test Client] Received event: TickCompleted
[World] Recording event: ViewStateUpdated
[SSE Handler] Received event: ViewStateUpdated
[World] Recording event: ViewStateUpdated
[SSE Handler] Received event: ViewStateUpdated
[World] Recording event: ViewStateUpdated
[SSE Handler] Received event: ViewStateUpdated
[SSE Handler] Received event: TickCompleted
[Test Client] Received event: ViewStateUpdated
[Test Client] Received event: ViewStateUpdated
[Test Client] Received event: ViewStateUpdated
[Test Client] Received event: TickCompleted

stdout | src/tests/server_v2/sse_integration.test.ts > SSE Event Stream Integration (Reproduction)
[SSE Handler] Received event: TickCompleted
[Test Client] Received event: TickCompleted

stdout | src/tests/server_v2/sse_integration.test.ts > SSE Event Stream Integration (Reproduction)
[World] Recording event: ViewStateUpdated
[SSE Handler] Received event: ViewStateUpdated
[World] Recording event: ViewStateUpdated
[SSE Handler] Received event: ViewStateUpdated
[World] Recording event: ViewStateUpdated
[SSE Handler] Received event: ViewStateUpdated
[SSE Handler] Received event: TickCompleted
[Test Client] Received event: ViewStateUpdated
[Test Client] Received event: ViewStateUpdated
[Test Client] Received event: ViewStateUpdated
[Test Client] Received event: TickCompleted

stdout | src/tests/server_v2/sse_integration.test.ts > SSE Event Stream Integration (Reproduction)
[World] Recording event: ViewStateUpdated
[SSE Handler] Received event: ViewStateUpdated
[World] Recording event: ViewStateUpdated
[SSE Handler] Received event: ViewStateUpdated
[World] Recording event: ViewStateUpdated
[SSE Handler] Received event: ViewStateUpdated
[SSE Handler] Received event: TickCompleted
[Test Client] Received event: ViewStateUpdated
[Test Client] Received event: ViewStateUpdated
[Test Client] Received event: ViewStateUpdated
[Test Client] Received event: TickCompleted

stdout | src/tests/server_v2/sse_integration.test.ts > SSE Event Stream Integration (Reproduction)
[World] Recording event: ViewStateUpdated
[SSE Handler] Received event: ViewStateUpdated
[World] Recording event: ViewStateUpdated
[SSE Handler] Received event: ViewStateUpdated
[World] Recording event: ViewStateUpdated
[SSE Handler] Received event: ViewStateUpdated
[SSE Handler] Received event: TickCompleted
[Test Client] Received event: ViewStateUpdated
[Test Client] Received event: ViewStateUpdated
[Test Client] Received event: ViewStateUpdated
[Test Client] Received event: TickCompleted

stdout | src/tests/server_v2/sse_integration.test.ts > SSE Event Stream Integration (Reproduction)
[World] Recording event: ViewStateUpdated
[SSE Handler] Received event: ViewStateUpdated
[World] Recording event: ViewStateUpdated
[SSE Handler] Received event: ViewStateUpdated
[World] Recording event: ViewStateUpdated
[SSE Handler] Received event: ViewStateUpdated
[SSE Handler] Received event: TickCompleted
[Test Client] Received event: ViewStateUpdated
[Test Client] Received event: ViewStateUpdated
[Test Client] Received event: ViewStateUpdated
[Test Client] Received event: TickCompleted

stdout | src/tests/server_v2/sse_integration.test.ts > SSE Event Stream Integration (Reproduction)
[World] Recording event: ViewStateUpdated
[SSE Handler] Received event: ViewStateUpdated
[World] Recording event: ViewStateUpdated
[SSE Handler] Received event: ViewStateUpdated
[World] Recording event: ViewStateUpdated
[SSE Handler] Received event: ViewStateUpdated
[SSE Handler] Received event: TickCompleted
[Test Client] Received event: ViewStateUpdated
[Test Client] Received event: ViewStateUpdated
[Test Client] Received event: ViewStateUpdated
[Test Client] Received event: TickCompleted

stdout | src/tests/server_v2/sse_integration.test.ts > SSE Event Stream Integration (Reproduction)
[SSE Handler] Received event: TickCompleted
[Test Client] Received event: TickCompleted

stdout | src/tests/server_v2/sse_integration.test.ts > SSE Event Stream Integration (Reproduction)
[World] Recording event: ViewStateUpdated
[SSE Handler] Received event: ViewStateUpdated
[World] Recording event: ViewStateUpdated
[SSE Handler] Received event: ViewStateUpdated
[World] Recording event: ViewStateUpdated
[SSE Handler] Received event: ViewStateUpdated
[SSE Handler] Received event: TickCompleted
[Test Client] Received event: ViewStateUpdated
[Test Client] Received event: ViewStateUpdated
[Test Client] Received event: ViewStateUpdated
[Test Client] Received event: TickCompleted

stdout | src/tests/server_v2/sse_integration.test.ts > SSE Event Stream Integration (Reproduction)
[SSE Handler] Received event: TickCompleted
[Test Client] Received event: TickCompleted

stdout | src/tests/server_v2/sse_integration.test.ts > SSE Event Stream Integration (Reproduction)
[World] Recording event: ViewStateUpdated
[SSE Handler] Received event: ViewStateUpdated
[World] Recording event: ViewStateUpdated
[SSE Handler] Received event: ViewStateUpdated
[World] Recording event: ViewStateUpdated
[SSE Handler] Received event: ViewStateUpdated
[SSE Handler] Received event: TickCompleted
[Test Client] Received event: ViewStateUpdated
[Test Client] Received event: ViewStateUpdated
[Test Client] Received event: ViewStateUpdated
[Test Client] Received event: TickCompleted

stdout | src/tests/server_v2/sse_integration.test.ts > SSE Event Stream Integration (Reproduction)
[SSE Handler] Received event: TickCompleted
[Test Client] Received event: TickCompleted

stdout | src/tests/server_v2/sse_integration.test.ts > SSE Event Stream Integration (Reproduction)
[World] Recording event: ViewStateUpdated
[SSE Handler] Received event: ViewStateUpdated
[World] Recording event: ViewStateUpdated
[SSE Handler] Received event: ViewStateUpdated
[World] Recording event: ViewStateUpdated
[SSE Handler] Received event: ViewStateUpdated
[SSE Handler] Received event: TickCompleted
[Test Client] Received event: ViewStateUpdated
[Test Client] Received event: ViewStateUpdated
[Test Client] Received event: ViewStateUpdated
[Test Client] Received event: TickCompleted

stdout | src/tests/server_v2/sse_integration.test.ts > SSE Event Stream Integration (Reproduction)
[SSE Handler] Received event: TickCompleted
[Test Client] Received event: TickCompleted

stdout | src/tests/server_v2/sse_integration.test.ts > SSE Event Stream Integration (Reproduction)
[World] Recording event: ViewStateUpdated
[SSE Handler] Received event: ViewStateUpdated
[World] Recording event: ViewStateUpdated
[SSE Handler] Received event: ViewStateUpdated
[World] Recording event: ViewStateUpdated
[SSE Handler] Received event: ViewStateUpdated
[SSE Handler] Received event: TickCompleted
[Test Client] Received event: ViewStateUpdated
[Test Client] Received event: ViewStateUpdated
[Test Client] Received event: ViewStateUpdated
[Test Client] Received event: TickCompleted

stdout | src/tests/server_v2/sse_integration.test.ts > SSE Event Stream Integration (Reproduction)
[SSE Handler] Received event: TickCompleted
[Test Client] Received event: TickCompleted

stdout | src/tests/server_v2/sse_integration.test.ts > SSE Event Stream Integration (Reproduction)
[World] Recording event: ViewStateUpdated
[SSE Handler] Received event: ViewStateUpdated
[World] Recording event: ViewStateUpdated
[SSE Handler] Received event: ViewStateUpdated
[World] Recording event: ViewStateUpdated
[SSE Handler] Received event: ViewStateUpdated
[SSE Handler] Received event: TickCompleted
[Test Client] Received event: ViewStateUpdated
[Test Client] Received event: ViewStateUpdated
[Test Client] Received event: ViewStateUpdated
[Test Client] Received event: TickCompleted

stdout | src/tests/server_v2/sse_integration.test.ts > SSE Event Stream Integration (Reproduction)
[World] Recording event: ViewStateUpdated
[SSE Handler] Received event: ViewStateUpdated
[World] Recording event: ViewStateUpdated
[SSE Handler] Received event: ViewStateUpdated
[World] Recording event: ViewStateUpdated
[SSE Handler] Received event: ViewStateUpdated
[SSE Handler] Received event: TickCompleted
[Test Client] Received event: ViewStateUpdated
[Test Client] Received event: ViewStateUpdated
[Test Client] Received event: ViewStateUpdated
[Test Client] Received event: TickCompleted

stdout | src/tests/server_v2/sse_integration.test.ts > SSE Event Stream Integration (Reproduction)
[World] Recording event: ViewStateUpdated
[SSE Handler] Received event: ViewStateUpdated
[World] Recording event: ViewStateUpdated
[SSE Handler] Received event: ViewStateUpdated
[World] Recording event: ViewStateUpdated
[SSE Handler] Received event: ViewStateUpdated
[SSE Handler] Received event: TickCompleted
[Test Client] Received event: ViewStateUpdated
[Test Client] Received event: ViewStateUpdated
[Test Client] Received event: ViewStateUpdated
[Test Client] Received event: TickCompleted

stdout | src/tests/server_v2/sse_integration.test.ts > SSE Event Stream Integration (Reproduction)
[World] Recording event: ViewStateUpdated
[SSE Handler] Received event: ViewStateUpdated
[World] Recording event: ViewStateUpdated
[SSE Handler] Received event: ViewStateUpdated
[World] Recording event: ViewStateUpdated
[SSE Handler] Received event: ViewStateUpdated
[SSE Handler] Received event: TickCompleted
[Test Client] Received event: ViewStateUpdated
[Test Client] Received event: ViewStateUpdated
[Test Client] Received event: ViewStateUpdated
[Test Client] Received event: TickCompleted

stdout | src/tests/server_v2/sse_integration.test.ts > SSE Event Stream Integration (Reproduction)
[World] Recording event: ViewStateUpdated
[SSE Handler] Received event: ViewStateUpdated
[World] Recording event: ViewStateUpdated
[SSE Handler] Received event: ViewStateUpdated
[World] Recording event: ViewStateUpdated
[SSE Handler] Received event: ViewStateUpdated
[SSE Handler] Received event: TickCompleted
[Test Client] Received event: ViewStateUpdated
[Test Client] Received event: ViewStateUpdated
[Test Client] Received event: ViewStateUpdated
[Test Client] Received event: TickCompleted

stdout | src/tests/server_v2/sse_integration.test.ts > SSE Event Stream Integration (Reproduction)
[World] Recording event: ViewStateUpdated
[SSE Handler] Received event: ViewStateUpdated
[World] Recording event: ViewStateUpdated
[SSE Handler] Received event: ViewStateUpdated
[World] Recording event: ViewStateUpdated
[SSE Handler] Received event: ViewStateUpdated
[SSE Handler] Received event: TickCompleted
[Test Client] Received event: ViewStateUpdated
[Test Client] Received event: ViewStateUpdated
[Test Client] Received event: ViewStateUpdated
[Test Client] Received event: TickCompleted

stdout | src/tests/server_v2/sse_integration.test.ts > SSE Event Stream Integration (Reproduction)
[SSE Handler] Received event: TickCompleted
[Test Client] Received event: TickCompleted

stdout | src/tests/server_v2/sse_integration.test.ts > SSE Event Stream Integration (Reproduction)
[World] Recording event: ViewStateUpdated
[SSE Handler] Received event: ViewStateUpdated
[World] Recording event: ViewStateUpdated
[SSE Handler] Received event: ViewStateUpdated
[World] Recording event: ViewStateUpdated
[SSE Handler] Received event: ViewStateUpdated
[SSE Handler] Received event: TickCompleted
[Test Client] Received event: ViewStateUpdated
[Test Client] Received event: ViewStateUpdated
[Test Client] Received event: ViewStateUpdated
[Test Client] Received event: TickCompleted

stdout | src/tests/server_v2/sse_integration.test.ts > SSE Event Stream Integration (Reproduction)
[World] Recording event: ViewStateUpdated
[SSE Handler] Received event: ViewStateUpdated
[World] Recording event: ViewStateUpdated
[SSE Handler] Received event: ViewStateUpdated
[World] Recording event: ViewStateUpdated
[SSE Handler] Received event: ViewStateUpdated
[SSE Handler] Received event: TickCompleted
[Test Client] Received event: ViewStateUpdated
[Test Client] Received event: ViewStateUpdated
[Test Client] Received event: ViewStateUpdated
[Test Client] Received event: TickCompleted

stdout | src/tests/server_v2/sse_integration.test.ts > SSE Event Stream Integration (Reproduction)
[World] Recording event: ViewStateUpdated
[SSE Handler] Received event: ViewStateUpdated
[World] Recording event: ViewStateUpdated
[SSE Handler] Received event: ViewStateUpdated
[World] Recording event: ViewStateUpdated
[SSE Handler] Received event: ViewStateUpdated
[SSE Handler] Received event: TickCompleted
[Test Client] Received event: ViewStateUpdated
[Test Client] Received event: ViewStateUpdated
[Test Client] Received event: ViewStateUpdated
[Test Client] Received event: TickCompleted

stdout | src/tests/server_v2/sse_integration.test.ts > SSE Event Stream Integration (Reproduction)
[World] Recording event: ViewStateUpdated
[SSE Handler] Received event: ViewStateUpdated
[World] Recording event: ViewStateUpdated
[SSE Handler] Received event: ViewStateUpdated
[World] Recording event: ViewStateUpdated
[SSE Handler] Received event: ViewStateUpdated
[SSE Handler] Received event: TickCompleted
[Test Client] Received event: ViewStateUpdated
[Test Client] Received event: ViewStateUpdated
[Test Client] Received event: ViewStateUpdated
[Test Client] Received event: TickCompleted

stdout | src/tests/server_v2/sse_integration.test.ts > SSE Event Stream Integration (Reproduction)
[SSE Handler] Received event: TickCompleted
[Test Client] Received event: TickCompleted

stdout | src/tests/server_v2/sse_integration.test.ts > SSE Event Stream Integration (Reproduction)
[World] Recording event: ViewStateUpdated
[SSE Handler] Received event: ViewStateUpdated
[World] Recording event: ViewStateUpdated
[SSE Handler] Received event: ViewStateUpdated
[World] Recording event: ViewStateUpdated
[SSE Handler] Received event: ViewStateUpdated
[SSE Handler] Received event: TickCompleted
[Test Client] Received event: ViewStateUpdated
[Test Client] Received event: ViewStateUpdated
[Test Client] Received event: ViewStateUpdated
[Test Client] Received event: TickCompleted

stdout | src/tests/server_v2/sse_integration.test.ts > SSE Event Stream Integration (Reproduction)
[SSE Handler] Received event: TickCompleted
[Test Client] Received event: TickCompleted

stdout | src/tests/server_v2/sse_integration.test.ts > SSE Event Stream Integration (Reproduction)
[World] Recording event: ViewStateUpdated
[SSE Handler] Received event: ViewStateUpdated
[World] Recording event: ViewStateUpdated
[SSE Handler] Received event: ViewStateUpdated
[World] Recording event: ViewStateUpdated
[SSE Handler] Received event: ViewStateUpdated
[SSE Handler] Received event: TickCompleted
[Test Client] Received event: ViewStateUpdated
[Test Client] Received event: ViewStateUpdated
[Test Client] Received event: ViewStateUpdated
[Test Client] Received event: TickCompleted

stdout | src/tests/server_v2/sse_integration.test.ts > SSE Event Stream Integration (Reproduction)
[SSE Handler] Received event: TickCompleted
[Test Client] Received event: TickCompleted

stdout | src/tests/server_v2/sse_integration.test.ts > SSE Event Stream Integration (Reproduction)
[World] Recording event: ViewStateUpdated
[SSE Handler] Received event: ViewStateUpdated
[World] Recording event: ViewStateUpdated
[SSE Handler] Received event: ViewStateUpdated
[World] Recording event: ViewStateUpdated
[SSE Handler] Received event: ViewStateUpdated
[SSE Handler] Received event: TickCompleted
[Test Client] Received event: ViewStateUpdated
[Test Client] Received event: ViewStateUpdated
[Test Client] Received event: ViewStateUpdated
[Test Client] Received event: TickCompleted

stdout | src/tests/server_v2/sse_integration.test.ts > SSE Event Stream Integration (Reproduction)
[SSE Handler] Received event: TickCompleted
[Test Client] Received event: TickCompleted

stdout | src/tests/server_v2/sse_integration.test.ts > SSE Event Stream Integration (Reproduction)
[World] Recording event: ViewStateUpdated
[SSE Handler] Received event: ViewStateUpdated
[World] Recording event: ViewStateUpdated
[SSE Handler] Received event: ViewStateUpdated
[World] Recording event: ViewStateUpdated
[SSE Handler] Received event: ViewStateUpdated
[SSE Handler] Received event: TickCompleted
[Test Client] Received event: ViewStateUpdated
[Test Client] Received event: ViewStateUpdated
[Test Client] Received event: ViewStateUpdated
[Test Client] Received event: TickCompleted

stdout | src/tests/server_v2/sse_integration.test.ts > SSE Event Stream Integration (Reproduction)
[World] Recording event: ViewStateUpdated
[SSE Handler] Received event: ViewStateUpdated
[World] Recording event: ViewStateUpdated
[SSE Handler] Received event: ViewStateUpdated
[World] Recording event: ViewStateUpdated
[SSE Handler] Received event: ViewStateUpdated
[SSE Handler] Received event: TickCompleted
[Test Client] Received event: ViewStateUpdated
[Test Client] Received event: ViewStateUpdated
[Test Client] Received event: ViewStateUpdated
[Test Client] Received event: TickCompleted

stdout | src/tests/server_v2/sse_integration.test.ts > SSE Event Stream Integration (Reproduction)
[World] Recording event: ViewStateUpdated
[SSE Handler] Received event: ViewStateUpdated
[World] Recording event: ViewStateUpdated
[SSE Handler] Received event: ViewStateUpdated
[World] Recording event: ViewStateUpdated
[SSE Handler] Received event: ViewStateUpdated
[SSE Handler] Received event: TickCompleted
[Test Client] Received event: ViewStateUpdated
[Test Client] Received event: ViewStateUpdated
[Test Client] Received event: ViewStateUpdated
[Test Client] Received event: TickCompleted

stdout | src/tests/server_v2/sse_integration.test.ts > SSE Event Stream Integration (Reproduction)
[SSE Handler] Received event: TickCompleted
[Test Client] Received event: TickCompleted

stdout | src/tests/server_v2/sse_integration.test.ts > SSE Event Stream Integration (Reproduction)
[World] Recording event: ViewStateUpdated
[SSE Handler] Received event: ViewStateUpdated
[World] Recording event: ViewStateUpdated
[SSE Handler] Received event: ViewStateUpdated
[World] Recording event: ViewStateUpdated
[SSE Handler] Received event: ViewStateUpdated
[SSE Handler] Received event: TickCompleted
[Test Client] Received event: ViewStateUpdated
[Test Client] Received event: ViewStateUpdated
[Test Client] Received event: ViewStateUpdated
[Test Client] Received event: TickCompleted

stdout | src/tests/server_v2/sse_integration.test.ts > SSE Event Stream Integration (Reproduction)
[World] Recording event: ViewStateUpdated
[SSE Handler] Received event: ViewStateUpdated
[World] Recording event: ViewStateUpdated
[SSE Handler] Received event: ViewStateUpdated
[World] Recording event: ViewStateUpdated
[SSE Handler] Received event: ViewStateUpdated
[SSE Handler] Received event: TickCompleted
[Test Client] Received event: ViewStateUpdated
[Test Client] Received event: ViewStateUpdated
[Test Client] Received event: ViewStateUpdated
[Test Client] Received event: TickCompleted

stdout | src/tests/server_v2/sse_integration.test.ts > SSE Event Stream Integration (Reproduction)
[World] Recording event: ViewStateUpdated
[SSE Handler] Received event: ViewStateUpdated
[World] Recording event: ViewStateUpdated
[SSE Handler] Received event: ViewStateUpdated
[World] Recording event: ViewStateUpdated
[SSE Handler] Received event: ViewStateUpdated
[SSE Handler] Received event: TickCompleted
[Test Client] Received event: ViewStateUpdated
[Test Client] Received event: ViewStateUpdated
[Test Client] Received event: ViewStateUpdated
[Test Client] Received event: TickCompleted

stdout | src/tests/server_v2/sse_integration.test.ts > SSE Event Stream Integration (Reproduction)
[World] Recording event: ViewStateUpdated
[SSE Handler] Received event: ViewStateUpdated
[World] Recording event: ViewStateUpdated
[SSE Handler] Received event: ViewStateUpdated
[World] Recording event: ViewStateUpdated
[SSE Handler] Received event: ViewStateUpdated
[SSE Handler] Received event: TickCompleted
[Test Client] Received event: ViewStateUpdated
[Test Client] Received event: ViewStateUpdated
[Test Client] Received event: ViewStateUpdated
[Test Client] Received event: TickCompleted

stdout | src/tests/server_v2/sse_integration.test.ts > SSE Event Stream Integration (Reproduction)
[World] Recording event: ViewStateUpdated
[SSE Handler] Received event: ViewStateUpdated
[World] Recording event: ViewStateUpdated
[SSE Handler] Received event: ViewStateUpdated
[World] Recording event: ViewStateUpdated
[SSE Handler] Received event: ViewStateUpdated
[SSE Handler] Received event: TickCompleted
[Test Client] Received event: ViewStateUpdated
[Test Client] Received event: ViewStateUpdated
[Test Client] Received event: ViewStateUpdated
[Test Client] Received event: TickCompleted

stdout | src/tests/server_v2/sse_integration.test.ts > SSE Event Stream Integration (Reproduction)
[World] Recording event: ViewStateUpdated
[SSE Handler] Received event: ViewStateUpdated
[World] Recording event: ViewStateUpdated
[SSE Handler] Received event: ViewStateUpdated
[World] Recording event: ViewStateUpdated
[SSE Handler] Received event: ViewStateUpdated
[SSE Handler] Received event: TickCompleted
[Test Client] Received event: ViewStateUpdated
[Test Client] Received event: ViewStateUpdated
[Test Client] Received event: ViewStateUpdated
[Test Client] Received event: TickCompleted

stdout | src/tests/server_v2/sse_integration.test.ts > SSE Event Stream Integration (Reproduction)
[World] Recording event: ViewStateUpdated
[SSE Handler] Received event: ViewStateUpdated
[World] Recording event: ViewStateUpdated
[SSE Handler] Received event: ViewStateUpdated
[World] Recording event: ViewStateUpdated
[SSE Handler] Received event: ViewStateUpdated
[SSE Handler] Received event: TickCompleted
[Test Client] Received event: ViewStateUpdated
[Test Client] Received event: ViewStateUpdated
[Test Client] Received event: ViewStateUpdated
[Test Client] Received event: TickCompleted

stdout | src/tests/server_v2/sse_integration.test.ts > SSE Event Stream Integration (Reproduction)
[World] Recording event: ViewStateUpdated
[SSE Handler] Received event: ViewStateUpdated
[World] Recording event: ViewStateUpdated
[SSE Handler] Received event: ViewStateUpdated
[World] Recording event: ViewStateUpdated
[SSE Handler] Received event: ViewStateUpdated
[SSE Handler] Received event: TickCompleted
[Test Client] Received event: ViewStateUpdated
[Test Client] Received event: ViewStateUpdated
[Test Client] Received event: ViewStateUpdated
[Test Client] Received event: TickCompleted

stdout | src/tests/server_v2/sse_integration.test.ts > SSE Event Stream Integration (Reproduction)
[World] Recording event: ViewStateUpdated
[SSE Handler] Received event: ViewStateUpdated
[World] Recording event: ViewStateUpdated
[SSE Handler] Received event: ViewStateUpdated
[World] Recording event: ViewStateUpdated
[SSE Handler] Received event: ViewStateUpdated
[SSE Handler] Received event: TickCompleted
[Test Client] Received event: ViewStateUpdated
[Test Client] Received event: ViewStateUpdated
[Test Client] Received event: ViewStateUpdated
[Test Client] Received event: TickCompleted

stdout | src/tests/server_v2/sse_integration.test.ts > SSE Event Stream Integration (Reproduction)
[SSE Handler] Received event: TickCompleted
[Test Client] Received event: TickCompleted

stdout | src/tests/server_v2/sse_integration.test.ts > SSE Event Stream Integration (Reproduction)
[World] Recording event: ViewStateUpdated
[SSE Handler] Received event: ViewStateUpdated
[World] Recording event: ViewStateUpdated
[SSE Handler] Received event: ViewStateUpdated
[World] Recording event: ViewStateUpdated
[SSE Handler] Received event: ViewStateUpdated
[SSE Handler] Received event: TickCompleted
[Test Client] Received event: ViewStateUpdated
[Test Client] Received event: ViewStateUpdated
[Test Client] Received event: ViewStateUpdated
[Test Client] Received event: TickCompleted

stdout | src/tests/server_v2/sse_integration.test.ts > SSE Event Stream Integration (Reproduction)
[World] Recording event: ViewStateUpdated
[SSE Handler] Received event: ViewStateUpdated
[World] Recording event: ViewStateUpdated
[SSE Handler] Received event: ViewStateUpdated
[World] Recording event: ViewStateUpdated
[SSE Handler] Received event: ViewStateUpdated
[SSE Handler] Received event: TickCompleted
[Test Client] Received event: ViewStateUpdated
[Test Client] Received event: ViewStateUpdated
[Test Client] Received event: ViewStateUpdated
[Test Client] Received event: TickCompleted

stdout | src/tests/server_v2/sse_integration.test.ts > SSE Event Stream Integration (Reproduction)
[World] Recording event: ViewStateUpdated
[SSE Handler] Received event: ViewStateUpdated
[World] Recording event: ViewStateUpdated
[SSE Handler] Received event: ViewStateUpdated
[World] Recording event: ViewStateUpdated
[SSE Handler] Received event: ViewStateUpdated
[SSE Handler] Received event: TickCompleted
[Test Client] Received event: ViewStateUpdated
[Test Client] Received event: ViewStateUpdated
[Test Client] Received event: ViewStateUpdated
[Test Client] Received event: TickCompleted

stdout | src/tests/server_v2/sse_integration.test.ts > SSE Event Stream Integration (Reproduction)
[SSE Handler] Received event: TickCompleted
[Test Client] Received event: TickCompleted

stdout | src/tests/server_v2/sse_integration.test.ts > SSE Event Stream Integration (Reproduction)
[World] Recording event: ViewStateUpdated
[SSE Handler] Received event: ViewStateUpdated
[World] Recording event: ViewStateUpdated
[SSE Handler] Received event: ViewStateUpdated
[World] Recording event: ViewStateUpdated
[SSE Handler] Received event: ViewStateUpdated
[SSE Handler] Received event: TickCompleted
[Test Client] Received event: ViewStateUpdated
[Test Client] Received event: ViewStateUpdated
[Test Client] Received event: ViewStateUpdated
[Test Client] Received event: TickCompleted

stdout | src/tests/server_v2/sse_integration.test.ts > SSE Event Stream Integration (Reproduction)
[World] Recording event: ViewStateUpdated
[SSE Handler] Received event: ViewStateUpdated
[World] Recording event: ViewStateUpdated
[SSE Handler] Received event: ViewStateUpdated
[World] Recording event: ViewStateUpdated
[SSE Handler] Received event: ViewStateUpdated
[SSE Handler] Received event: TickCompleted
[Test Client] Received event: ViewStateUpdated
[Test Client] Received event: ViewStateUpdated
[Test Client] Received event: ViewStateUpdated
[Test Client] Received event: TickCompleted

stdout | src/tests/server_v2/sse_integration.test.ts > SSE Event Stream Integration (Reproduction)
[SSE Handler] Received event: TickCompleted
[Test Client] Received event: TickCompleted

stdout | src/tests/server_v2/sse_integration.test.ts > SSE Event Stream Integration (Reproduction)
[World] Recording event: ViewStateUpdated
[SSE Handler] Received event: ViewStateUpdated
[World] Recording event: ViewStateUpdated
[SSE Handler] Received event: ViewStateUpdated
[World] Recording event: ViewStateUpdated
[SSE Handler] Received event: ViewStateUpdated
[SSE Handler] Received event: TickCompleted
[Test Client] Received event: ViewStateUpdated
[Test Client] Received event: ViewStateUpdated
[Test Client] Received event: ViewStateUpdated
[Test Client] Received event: TickCompleted

stdout | src/tests/server_v2/sse_integration.test.ts > SSE Event Stream Integration (Reproduction)
[World] Recording event: ViewStateUpdated
[SSE Handler] Received event: ViewStateUpdated
[World] Recording event: ViewStateUpdated
[SSE Handler] Received event: ViewStateUpdated
[World] Recording event: ViewStateUpdated
[SSE Handler] Received event: ViewStateUpdated
[SSE Handler] Received event: TickCompleted
[Test Client] Received event: ViewStateUpdated
[Test Client] Received event: ViewStateUpdated
[Test Client] Received event: ViewStateUpdated
[Test Client] Received event: TickCompleted

stdout | src/tests/server_v2/sse_integration.test.ts > SSE Event Stream Integration (Reproduction)
[World] Recording event: ViewStateUpdated
[SSE Handler] Received event: ViewStateUpdated
[World] Recording event: ViewStateUpdated
[SSE Handler] Received event: ViewStateUpdated
[World] Recording event: ViewStateUpdated
[SSE Handler] Received event: ViewStateUpdated
[SSE Handler] Received event: TickCompleted
[Test Client] Received event: ViewStateUpdated
[Test Client] Received event: ViewStateUpdated
[Test Client] Received event: ViewStateUpdated
[Test Client] Received event: TickCompleted

stdout | src/tests/server_v2/sse_integration.test.ts > SSE Event Stream Integration (Reproduction)
[World] Recording event: ViewStateUpdated
[SSE Handler] Received event: ViewStateUpdated
[World] Recording event: ViewStateUpdated
[SSE Handler] Received event: ViewStateUpdated
[World] Recording event: ViewStateUpdated
[SSE Handler] Received event: ViewStateUpdated
[SSE Handler] Received event: TickCompleted
[Test Client] Received event: ViewStateUpdated
[Test Client] Received event: ViewStateUpdated
[Test Client] Received event: ViewStateUpdated
[Test Client] Received event: TickCompleted

stdout | src/tests/server_v2/sse_integration.test.ts > SSE Event Stream Integration (Reproduction)
[SSE Handler] Received event: TickCompleted
[Test Client] Received event: TickCompleted

stdout | src/tests/server_v2/sse_integration.test.ts > SSE Event Stream Integration (Reproduction)
[World] Recording event: ViewStateUpdated
[SSE Handler] Received event: ViewStateUpdated
[World] Recording event: ViewStateUpdated
[SSE Handler] Received event: ViewStateUpdated
[World] Recording event: ViewStateUpdated
[SSE Handler] Received event: ViewStateUpdated
[SSE Handler] Received event: TickCompleted
[Test Client] Received event: ViewStateUpdated
[Test Client] Received event: ViewStateUpdated
[Test Client] Received event: ViewStateUpdated
[Test Client] Received event: TickCompleted

stdout | src/tests/server_v2/sse_integration.test.ts > SSE Event Stream Integration (Reproduction)
[SSE Handler] Received event: TickCompleted
[Test Client] Received event: TickCompleted

stdout | src/tests/server_v2/sse_integration.test.ts > SSE Event Stream Integration (Reproduction)
[World] Recording event: ViewStateUpdated
[SSE Handler] Received event: ViewStateUpdated
[World] Recording event: ViewStateUpdated
[SSE Handler] Received event: ViewStateUpdated
[World] Recording event: ViewStateUpdated
[SSE Handler] Received event: ViewStateUpdated
[SSE Handler] Received event: TickCompleted
[Test Client] Received event: ViewStateUpdated
[Test Client] Received event: ViewStateUpdated
[Test Client] Received event: ViewStateUpdated
[Test Client] Received event: TickCompleted

stdout | src/tests/server_v2/sse_integration.test.ts > SSE Event Stream Integration (Reproduction)
[World] Recording event: ViewStateUpdated
[SSE Handler] Received event: ViewStateUpdated
[World] Recording event: ViewStateUpdated
[SSE Handler] Received event: ViewStateUpdated
[World] Recording event: ViewStateUpdated
[SSE Handler] Received event: ViewStateUpdated
[SSE Handler] Received event: TickCompleted
[Test Client] Received event: ViewStateUpdated
[Test Client] Received event: ViewStateUpdated
[Test Client] Received event: ViewStateUpdated
[Test Client] Received event: TickCompleted

stdout | src/tests/server_v2/sse_integration.test.ts > SSE Event Stream Integration (Reproduction)
[SSE Handler] Received event: TickCompleted
[Test Client] Received event: TickCompleted

stdout | src/tests/server_v2/sse_integration.test.ts > SSE Event Stream Integration (Reproduction)
[World] Recording event: ViewStateUpdated
[SSE Handler] Received event: ViewStateUpdated
[World] Recording event: ViewStateUpdated
[SSE Handler] Received event: ViewStateUpdated
[World] Recording event: ViewStateUpdated
[SSE Handler] Received event: ViewStateUpdated
[SSE Handler] Received event: TickCompleted
[Test Client] Received event: ViewStateUpdated
[Test Client] Received event: ViewStateUpdated
[Test Client] Received event: ViewStateUpdated
[Test Client] Received event: TickCompleted

stdout | src/tests/server_v2/sse_integration.test.ts > SSE Event Stream Integration (Reproduction)
[SSE Handler] Received event: TickCompleted
[Test Client] Received event: TickCompleted

stdout | src/tests/server_v2/sse_integration.test.ts > SSE Event Stream Integration (Reproduction)
[World] Recording event: ViewStateUpdated
[SSE Handler] Received event: ViewStateUpdated
[World] Recording event: ViewStateUpdated
[SSE Handler] Received event: ViewStateUpdated
[World] Recording event: ViewStateUpdated
[SSE Handler] Received event: ViewStateUpdated
[SSE Handler] Received event: TickCompleted
[Test Client] Received event: ViewStateUpdated
[Test Client] Received event: ViewStateUpdated
[Test Client] Received event: ViewStateUpdated
[Test Client] Received event: TickCompleted

stdout | src/tests/server_v2/sse_integration.test.ts > SSE Event Stream Integration (Reproduction)
[SSE Handler] Received event: TickCompleted
[Test Client] Received event: TickCompleted

stdout | src/tests/server_v2/sse_integration.test.ts > SSE Event Stream Integration (Reproduction)
[World] Recording event: ViewStateUpdated
[SSE Handler] Received event: ViewStateUpdated
[World] Recording event: ViewStateUpdated
[SSE Handler] Received event: ViewStateUpdated
[World] Recording event: ViewStateUpdated
[SSE Handler] Received event: ViewStateUpdated
[SSE Handler] Received event: TickCompleted
[Test Client] Received event: ViewStateUpdated
[Test Client] Received event: ViewStateUpdated
[Test Client] Received event: ViewStateUpdated
[Test Client] Received event: TickCompleted

stdout | src/tests/server_v2/sse_integration.test.ts > SSE Event Stream Integration (Reproduction)
[World] Recording event: ViewStateUpdated
[SSE Handler] Received event: ViewStateUpdated
[World] Recording event: ViewStateUpdated
[SSE Handler] Received event: ViewStateUpdated
[World] Recording event: ViewStateUpdated
[SSE Handler] Received event: ViewStateUpdated
[SSE Handler] Received event: TickCompleted
[Test Client] Received event: ViewStateUpdated
[Test Client] Received event: ViewStateUpdated
[Test Client] Received event: ViewStateUpdated
[Test Client] Received event: TickCompleted

stdout | src/tests/server_v2/sse_integration.test.ts > SSE Event Stream Integration (Reproduction)
[World] Recording event: ViewStateUpdated
[SSE Handler] Received event: ViewStateUpdated
[World] Recording event: ViewStateUpdated
[SSE Handler] Received event: ViewStateUpdated
[World] Recording event: ViewStateUpdated
[SSE Handler] Received event: ViewStateUpdated
[SSE Handler] Received event: TickCompleted
[Test Client] Received event: ViewStateUpdated
[Test Client] Received event: ViewStateUpdated
[Test Client] Received event: ViewStateUpdated
[Test Client] Received event: TickCompleted

stdout | src/tests/server_v2/sse_integration.test.ts > SSE Event Stream Integration (Reproduction)
[SSE Handler] Received event: TickCompleted
[Test Client] Received event: TickCompleted

stdout | src/tests/server_v2/sse_integration.test.ts > SSE Event Stream Integration (Reproduction)
[World] Recording event: ViewStateUpdated
[SSE Handler] Received event: ViewStateUpdated
[World] Recording event: ViewStateUpdated
[SSE Handler] Received event: ViewStateUpdated
[World] Recording event: ViewStateUpdated
[SSE Handler] Received event: ViewStateUpdated
[SSE Handler] Received event: TickCompleted
[Test Client] Received event: ViewStateUpdated
[Test Client] Received event: ViewStateUpdated
[Test Client] Received event: ViewStateUpdated
[Test Client] Received event: TickCompleted

stdout | src/tests/server_v2/sse_integration.test.ts > SSE Event Stream Integration (Reproduction)
[SSE Handler] Received event: TickCompleted
[Test Client] Received event: TickCompleted

stdout | src/tests/server_v2/sse_integration.test.ts > SSE Event Stream Integration (Reproduction)
[World] Recording event: ViewStateUpdated
[SSE Handler] Received event: ViewStateUpdated
[World] Recording event: ViewStateUpdated
[SSE Handler] Received event: ViewStateUpdated
[World] Recording event: ViewStateUpdated
[SSE Handler] Received event: ViewStateUpdated
[SSE Handler] Received event: TickCompleted
[Test Client] Received event: ViewStateUpdated
[Test Client] Received event: ViewStateUpdated
[Test Client] Received event: ViewStateUpdated
[Test Client] Received event: TickCompleted

stdout | src/tests/server_v2/sse_integration.test.ts > SSE Event Stream Integration (Reproduction)
[World] Recording event: ViewStateUpdated
[SSE Handler] Received event: ViewStateUpdated
[World] Recording event: ViewStateUpdated
[SSE Handler] Received event: ViewStateUpdated
[World] Recording event: ViewStateUpdated
[SSE Handler] Received event: ViewStateUpdated
[SSE Handler] Received event: TickCompleted
[Test Client] Received event: ViewStateUpdated
[Test Client] Received event: ViewStateUpdated
[Test Client] Received event: ViewStateUpdated
[Test Client] Received event: TickCompleted

stdout | src/tests/server_v2/sse_integration.test.ts > SSE Event Stream Integration (Reproduction)
[World] Recording event: ViewStateUpdated
[SSE Handler] Received event: ViewStateUpdated
[World] Recording event: ViewStateUpdated
[SSE Handler] Received event: ViewStateUpdated
[World] Recording event: ViewStateUpdated
[SSE Handler] Received event: ViewStateUpdated
[SSE Handler] Received event: TickCompleted
[Test Client] Received event: ViewStateUpdated
[Test Client] Received event: ViewStateUpdated
[Test Client] Received event: ViewStateUpdated
[Test Client] Received event: TickCompleted

stdout | src/tests/server_v2/sse_integration.test.ts > SSE Event Stream Integration (Reproduction)
[World] Recording event: ViewStateUpdated
[SSE Handler] Received event: ViewStateUpdated
[World] Recording event: ViewStateUpdated
[SSE Handler] Received event: ViewStateUpdated
[World] Recording event: ViewStateUpdated
[SSE Handler] Received event: ViewStateUpdated
[SSE Handler] Received event: TickCompleted
[Test Client] Received event: ViewStateUpdated
[Test Client] Received event: ViewStateUpdated
[Test Client] Received event: ViewStateUpdated
[Test Client] Received event: TickCompleted

stdout | src/tests/server_v2/sse_integration.test.ts > SSE Event Stream Integration (Reproduction)
[SSE Handler] Received event: TickCompleted
[Test Client] Received event: TickCompleted

stdout | src/tests/server_v2/sse_integration.test.ts > SSE Event Stream Integration (Reproduction)
[World] Recording event: ViewStateUpdated
[SSE Handler] Received event: ViewStateUpdated
[World] Recording event: ViewStateUpdated
[SSE Handler] Received event: ViewStateUpdated
[World] Recording event: ViewStateUpdated
[SSE Handler] Received event: ViewStateUpdated
[SSE Handler] Received event: TickCompleted
[Test Client] Received event: ViewStateUpdated
[Test Client] Received event: ViewStateUpdated
[Test Client] Received event: ViewStateUpdated
[Test Client] Received event: TickCompleted

stdout | src/tests/server_v2/sse_integration.test.ts > SSE Event Stream Integration (Reproduction)
[World] Recording event: ViewStateUpdated
[SSE Handler] Received event: ViewStateUpdated
[World] Recording event: ViewStateUpdated
[SSE Handler] Received event: ViewStateUpdated
[World] Recording event: ViewStateUpdated
[SSE Handler] Received event: ViewStateUpdated
[SSE Handler] Received event: TickCompleted
[Test Client] Received event: ViewStateUpdated
[Test Client] Received event: ViewStateUpdated
[Test Client] Received event: ViewStateUpdated
[Test Client] Received event: TickCompleted

stdout | src/tests/server_v2/sse_integration.test.ts > SSE Event Stream Integration (Reproduction)
[World] Recording event: ViewStateUpdated
[SSE Handler] Received event: ViewStateUpdated
[World] Recording event: ViewStateUpdated
[SSE Handler] Received event: ViewStateUpdated
[World] Recording event: ViewStateUpdated
[SSE Handler] Received event: ViewStateUpdated
[SSE Handler] Received event: TickCompleted
[Test Client] Received event: ViewStateUpdated
[Test Client] Received event: ViewStateUpdated
[Test Client] Received event: ViewStateUpdated
[Test Client] Received event: TickCompleted

stdout | src/tests/server_v2/sse_integration.test.ts > SSE Event Stream Integration (Reproduction)
[World] Recording event: ViewStateUpdated
[SSE Handler] Received event: ViewStateUpdated
[World] Recording event: ViewStateUpdated
[SSE Handler] Received event: ViewStateUpdated
[World] Recording event: ViewStateUpdated
[SSE Handler] Received event: ViewStateUpdated
[SSE Handler] Received event: TickCompleted
[Test Client] Received event: ViewStateUpdated
[Test Client] Received event: ViewStateUpdated
[Test Client] Received event: ViewStateUpdated
[Test Client] Received event: TickCompleted

stdout | src/tests/server_v2/sse_integration.test.ts > SSE Event Stream Integration (Reproduction)
[SSE Handler] Received event: TickCompleted
[Test Client] Received event: TickCompleted

stdout | src/tests/server_v2/sse_integration.test.ts > SSE Event Stream Integration (Reproduction)
[World] Recording event: ViewStateUpdated
[SSE Handler] Received event: ViewStateUpdated
[World] Recording event: ViewStateUpdated
[SSE Handler] Received event: ViewStateUpdated
[World] Recording event: ViewStateUpdated
[SSE Handler] Received event: ViewStateUpdated
[SSE Handler] Received event: TickCompleted
[Test Client] Received event: ViewStateUpdated
[Test Client] Received event: ViewStateUpdated
[Test Client] Received event: ViewStateUpdated
[Test Client] Received event: TickCompleted

stdout | src/tests/server_v2/sse_integration.test.ts > SSE Event Stream Integration (Reproduction)
[SSE Handler] Received event: TickCompleted
[Test Client] Received event: TickCompleted

stdout | src/tests/server_v2/sse_integration.test.ts > SSE Event Stream Integration (Reproduction)
[World] Recording event: ViewStateUpdated
[SSE Handler] Received event: ViewStateUpdated
[World] Recording event: ViewStateUpdated
[SSE Handler] Received event: ViewStateUpdated
[World] Recording event: ViewStateUpdated
[SSE Handler] Received event: ViewStateUpdated
[SSE Handler] Received event: TickCompleted
[Test Client] Received event: ViewStateUpdated
[Test Client] Received event: ViewStateUpdated
[Test Client] Received event: ViewStateUpdated
[Test Client] Received event: TickCompleted

stdout | src/tests/server_v2/sse_integration.test.ts > SSE Event Stream Integration (Reproduction)
[World] Recording event: ViewStateUpdated
[SSE Handler] Received event: ViewStateUpdated
[World] Recording event: ViewStateUpdated
[SSE Handler] Received event: ViewStateUpdated
[World] Recording event: ViewStateUpdated
[SSE Handler] Received event: ViewStateUpdated
[SSE Handler] Received event: TickCompleted
[Test Client] Received event: ViewStateUpdated
[Test Client] Received event: ViewStateUpdated
[Test Client] Received event: ViewStateUpdated
[Test Client] Received event: TickCompleted

stdout | src/tests/server_v2/sse_integration.test.ts > SSE Event Stream Integration (Reproduction)
[SSE Handler] Received event: TickCompleted
[Test Client] Received event: TickCompleted

stdout | src/tests/server_v2/sse_integration.test.ts > SSE Event Stream Integration (Reproduction)
[World] Recording event: ViewStateUpdated
[SSE Handler] Received event: ViewStateUpdated
[World] Recording event: ViewStateUpdated
[SSE Handler] Received event: ViewStateUpdated
[World] Recording event: ViewStateUpdated
[SSE Handler] Received event: ViewStateUpdated
[SSE Handler] Received event: TickCompleted
[Test Client] Received event: ViewStateUpdated
[Test Client] Received event: ViewStateUpdated
[Test Client] Received event: ViewStateUpdated
[Test Client] Received event: TickCompleted

stdout | src/tests/server_v2/sse_integration.test.ts > SSE Event Stream Integration (Reproduction)
[SSE Handler] Received event: TickCompleted
[Test Client] Received event: TickCompleted

stdout | src/tests/server_v2/sse_integration.test.ts > SSE Event Stream Integration (Reproduction)
[World] Recording event: ViewStateUpdated
[SSE Handler] Received event: ViewStateUpdated
[World] Recording event: ViewStateUpdated
[SSE Handler] Received event: ViewStateUpdated
[World] Recording event: ViewStateUpdated
[SSE Handler] Received event: ViewStateUpdated
[SSE Handler] Received event: TickCompleted
[Test Client] Received event: ViewStateUpdated
[Test Client] Received event: ViewStateUpdated
[Test Client] Received event: ViewStateUpdated
[Test Client] Received event: TickCompleted

stdout | src/tests/server_v2/sse_integration.test.ts > SSE Event Stream Integration (Reproduction)
[SSE Handler] Received event: TickCompleted
[Test Client] Received event: TickCompleted

stdout | src/tests/server_v2/sse_integration.test.ts > SSE Event Stream Integration (Reproduction)
[World] Recording event: ViewStateUpdated
[SSE Handler] Received event: ViewStateUpdated
[World] Recording event: ViewStateUpdated
[SSE Handler] Received event: ViewStateUpdated
[World] Recording event: ViewStateUpdated
[SSE Handler] Received event: ViewStateUpdated
[SSE Handler] Received event: TickCompleted
[Test Client] Received event: ViewStateUpdated
[Test Client] Received event: ViewStateUpdated
[Test Client] Received event: ViewStateUpdated
[Test Client] Received event: TickCompleted

stdout | src/tests/server_v2/sse_integration.test.ts > SSE Event Stream Integration (Reproduction)
[World] Recording event: ViewStateUpdated
[SSE Handler] Received event: ViewStateUpdated
[World] Recording event: ViewStateUpdated
[SSE Handler] Received event: ViewStateUpdated
[World] Recording event: ViewStateUpdated
[SSE Handler] Received event: ViewStateUpdated
[SSE Handler] Received event: TickCompleted
[Test Client] Received event: ViewStateUpdated
[Test Client] Received event: ViewStateUpdated
[Test Client] Received event: ViewStateUpdated
[Test Client] Received event: TickCompleted

stdout | src/tests/server_v2/sse_integration.test.ts > SSE Event Stream Integration (Reproduction)
[World] Recording event: ViewStateUpdated
[SSE Handler] Received event: ViewStateUpdated
[World] Recording event: ViewStateUpdated
[SSE Handler] Received event: ViewStateUpdated
[World] Recording event: ViewStateUpdated
[SSE Handler] Received event: ViewStateUpdated
[SSE Handler] Received event: TickCompleted
[Test Client] Received event: ViewStateUpdated
[Test Client] Received event: ViewStateUpdated
[Test Client] Received event: ViewStateUpdated
[Test Client] Received event: TickCompleted

stdout | src/tests/server_v2/sse_integration.test.ts > SSE Event Stream Integration (Reproduction)
[World] Recording event: ViewStateUpdated
[SSE Handler] Received event: ViewStateUpdated
[World] Recording event: ViewStateUpdated
[SSE Handler] Received event: ViewStateUpdated
[World] Recording event: ViewStateUpdated
[SSE Handler] Received event: ViewStateUpdated
[SSE Handler] Received event: TickCompleted
[Test Client] Received event: ViewStateUpdated
[Test Client] Received event: ViewStateUpdated
[Test Client] Received event: ViewStateUpdated
[Test Client] Received event: TickCompleted

stdout | src/tests/server_v2/sse_integration.test.ts > SSE Event Stream Integration (Reproduction)
[SSE Handler] Received event: TickCompleted
[Test Client] Received event: TickCompleted

stdout | src/tests/server_v2/sse_integration.test.ts > SSE Event Stream Integration (Reproduction)
[World] Recording event: ViewStateUpdated
[SSE Handler] Received event: ViewStateUpdated
[World] Recording event: ViewStateUpdated
[SSE Handler] Received event: ViewStateUpdated
[World] Recording event: ViewStateUpdated
[SSE Handler] Received event: ViewStateUpdated
[SSE Handler] Received event: TickCompleted
[Test Client] Received event: ViewStateUpdated
[Test Client] Received event: ViewStateUpdated
[Test Client] Received event: ViewStateUpdated
[Test Client] Received event: TickCompleted

stdout | src/tests/server_v2/sse_integration.test.ts > SSE Event Stream Integration (Reproduction)
[SSE Handler] Received event: TickCompleted
[Test Client] Received event: TickCompleted

stdout | src/tests/server_v2/sse_integration.test.ts > SSE Event Stream Integration (Reproduction)
[World] Recording event: ViewStateUpdated
[SSE Handler] Received event: ViewStateUpdated
[World] Recording event: ViewStateUpdated
[SSE Handler] Received event: ViewStateUpdated
[World] Recording event: ViewStateUpdated
[SSE Handler] Received event: ViewStateUpdated
[SSE Handler] Received event: TickCompleted
[Test Client] Received event: ViewStateUpdated
[Test Client] Received event: ViewStateUpdated
[Test Client] Received event: ViewStateUpdated
[Test Client] Received event: TickCompleted

stdout | src/tests/server_v2/sse_integration.test.ts > SSE Event Stream Integration (Reproduction)
[SSE Handler] Received event: TickCompleted
[Test Client] Received event: TickCompleted

stdout | src/tests/server_v2/sse_integration.test.ts > SSE Event Stream Integration (Reproduction)
[World] Recording event: ViewStateUpdated
[SSE Handler] Received event: ViewStateUpdated
[World] Recording event: ViewStateUpdated
[SSE Handler] Received event: ViewStateUpdated
[World] Recording event: ViewStateUpdated
[SSE Handler] Received event: ViewStateUpdated
[SSE Handler] Received event: TickCompleted
[Test Client] Received event: ViewStateUpdated
[Test Client] Received event: ViewStateUpdated
[Test Client] Received event: ViewStateUpdated
[Test Client] Received event: TickCompleted

stdout | src/tests/server_v2/sse_integration.test.ts > SSE Event Stream Integration (Reproduction)
[World] Recording event: ViewStateUpdated
[SSE Handler] Received event: ViewStateUpdated
[World] Recording event: ViewStateUpdated
[SSE Handler] Received event: ViewStateUpdated
[World] Recording event: ViewStateUpdated
[SSE Handler] Received event: ViewStateUpdated
[SSE Handler] Received event: TickCompleted
[Test Client] Received event: ViewStateUpdated
[Test Client] Received event: ViewStateUpdated
[Test Client] Received event: ViewStateUpdated
[Test Client] Received event: TickCompleted

stdout | src/tests/server_v2/sse_integration.test.ts > SSE Event Stream Integration (Reproduction)
[SSE Handler] Received event: TickCompleted
[Test Client] Received event: TickCompleted

stdout | src/tests/server_v2/sse_integration.test.ts > SSE Event Stream Integration (Reproduction)
[World] Recording event: ViewStateUpdated
[SSE Handler] Received event: ViewStateUpdated
[World] Recording event: ViewStateUpdated
[SSE Handler] Received event: ViewStateUpdated
[World] Recording event: ViewStateUpdated
[SSE Handler] Received event: ViewStateUpdated
[SSE Handler] Received event: TickCompleted
[Test Client] Received event: ViewStateUpdated
[Test Client] Received event: ViewStateUpdated
[Test Client] Received event: ViewStateUpdated
[Test Client] Received event: TickCompleted

stdout | src/tests/server_v2/sse_integration.test.ts > SSE Event Stream Integration (Reproduction)
[World] Recording event: ViewStateUpdated
[SSE Handler] Received event: ViewStateUpdated
[World] Recording event: ViewStateUpdated
[SSE Handler] Received event: ViewStateUpdated
[World] Recording event: ViewStateUpdated
[SSE Handler] Received event: ViewStateUpdated
[SSE Handler] Received event: TickCompleted
[Test Client] Received event: ViewStateUpdated
[Test Client] Received event: ViewStateUpdated
[Test Client] Received event: ViewStateUpdated
[Test Client] Received event: TickCompleted

stdout | src/tests/server_v2/sse_integration.test.ts > SSE Event Stream Integration (Reproduction)
[SSE Handler] Received event: TickCompleted
[Test Client] Received event: TickCompleted

stdout | src/tests/server_v2/sse_integration.test.ts > SSE Event Stream Integration (Reproduction)
[World] Recording event: ViewStateUpdated
[SSE Handler] Received event: ViewStateUpdated
[World] Recording event: ViewStateUpdated
[SSE Handler] Received event: ViewStateUpdated
[World] Recording event: ViewStateUpdated
[SSE Handler] Received event: ViewStateUpdated
[SSE Handler] Received event: TickCompleted
[Test Client] Received event: ViewStateUpdated
[Test Client] Received event: ViewStateUpdated
[Test Client] Received event: ViewStateUpdated
[Test Client] Received event: TickCompleted

stdout | src/tests/server_v2/sse_integration.test.ts > SSE Event Stream Integration (Reproduction)
[World] Recording event: ViewStateUpdated
[SSE Handler] Received event: ViewStateUpdated
[World] Recording event: ViewStateUpdated
[SSE Handler] Received event: ViewStateUpdated
[World] Recording event: ViewStateUpdated
[SSE Handler] Received event: ViewStateUpdated
[SSE Handler] Received event: TickCompleted
[Test Client] Received event: ViewStateUpdated
[Test Client] Received event: ViewStateUpdated
[Test Client] Received event: ViewStateUpdated
[Test Client] Received event: TickCompleted

stdout | src/tests/server_v2/sse_integration.test.ts > SSE Event Stream Integration (Reproduction)
[World] Recording event: ViewStateUpdated
[SSE Handler] Received event: ViewStateUpdated
[World] Recording event: ViewStateUpdated
[SSE Handler] Received event: ViewStateUpdated
[World] Recording event: ViewStateUpdated
[SSE Handler] Received event: ViewStateUpdated
[SSE Handler] Received event: TickCompleted
[Test Client] Received event: ViewStateUpdated
[Test Client] Received event: ViewStateUpdated
[Test Client] Received event: ViewStateUpdated
[Test Client] Received event: TickCompleted

stdout | src/tests/server_v2/sse_integration.test.ts > SSE Event Stream Integration (Reproduction)
[SSE Handler] Received event: TickCompleted
[Test Client] Received event: TickCompleted

stdout | src/tests/server_v2/sse_integration.test.ts > SSE Event Stream Integration (Reproduction)
[World] Recording event: ViewStateUpdated
[SSE Handler] Received event: ViewStateUpdated
[World] Recording event: ViewStateUpdated
[SSE Handler] Received event: ViewStateUpdated
[World] Recording event: ViewStateUpdated
[SSE Handler] Received event: ViewStateUpdated
[SSE Handler] Received event: TickCompleted
[Test Client] Received event: ViewStateUpdated
[Test Client] Received event: ViewStateUpdated
[Test Client] Received event: ViewStateUpdated
[Test Client] Received event: TickCompleted

stdout | src/tests/server_v2/sse_integration.test.ts > SSE Event Stream Integration (Reproduction)
[SSE Handler] Received event: TickCompleted
[Test Client] Received event: TickCompleted

stdout | src/tests/server_v2/sse_integration.test.ts > SSE Event Stream Integration (Reproduction)
[World] Recording event: ViewStateUpdated
[SSE Handler] Received event: ViewStateUpdated
[World] Recording event: ViewStateUpdated
[SSE Handler] Received event: ViewStateUpdated
[World] Recording event: ViewStateUpdated
[SSE Handler] Received event: ViewStateUpdated
[SSE Handler] Received event: TickCompleted
[Test Client] Received event: ViewStateUpdated
[Test Client] Received event: ViewStateUpdated
[Test Client] Received event: ViewStateUpdated
[Test Client] Received event: TickCompleted

stdout | src/tests/server_v2/sse_integration.test.ts > SSE Event Stream Integration (Reproduction)
[World] Recording event: ViewStateUpdated
[SSE Handler] Received event: ViewStateUpdated
[World] Recording event: ViewStateUpdated
[SSE Handler] Received event: ViewStateUpdated
[World] Recording event: ViewStateUpdated
[SSE Handler] Received event: ViewStateUpdated
[SSE Handler] Received event: TickCompleted
[Test Client] Received event: ViewStateUpdated
[Test Client] Received event: ViewStateUpdated
[Test Client] Received event: ViewStateUpdated
[Test Client] Received event: TickCompleted

stdout | src/tests/server_v2/sse_integration.test.ts > SSE Event Stream Integration (Reproduction)
[SSE Handler] Received event: TickCompleted
[Test Client] Received event: TickCompleted

stdout | src/tests/server_v2/sse_integration.test.ts > SSE Event Stream Integration (Reproduction)
[World] Recording event: ViewStateUpdated
[SSE Handler] Received event: ViewStateUpdated
[World] Recording event: ViewStateUpdated
[SSE Handler] Received event: ViewStateUpdated
[World] Recording event: ViewStateUpdated
[SSE Handler] Received event: ViewStateUpdated
[SSE Handler] Received event: TickCompleted
[Test Client] Received event: ViewStateUpdated
[Test Client] Received event: ViewStateUpdated
[Test Client] Received event: ViewStateUpdated
[Test Client] Received event: TickCompleted

stdout | src/tests/server_v2/sse_integration.test.ts > SSE Event Stream Integration (Reproduction)
[SSE Handler] Received event: TickCompleted
[Test Client] Received event: TickCompleted

stdout | src/tests/server_v2/sse_integration.test.ts > SSE Event Stream Integration (Reproduction)
[World] Recording event: ViewStateUpdated
[SSE Handler] Received event: ViewStateUpdated
[World] Recording event: ViewStateUpdated
[SSE Handler] Received event: ViewStateUpdated
[World] Recording event: ViewStateUpdated
[SSE Handler] Received event: ViewStateUpdated
[SSE Handler] Received event: TickCompleted
[Test Client] Received event: ViewStateUpdated
[Test Client] Received event: ViewStateUpdated
[Test Client] Received event: ViewStateUpdated
[Test Client] Received event: TickCompleted

stdout | src/tests/server_v2/sse_integration.test.ts > SSE Event Stream Integration (Reproduction)
[World] Recording event: ViewStateUpdated
[SSE Handler] Received event: ViewStateUpdated
[World] Recording event: ViewStateUpdated
[SSE Handler] Received event: ViewStateUpdated
[World] Recording event: ViewStateUpdated
[SSE Handler] Received event: ViewStateUpdated
[SSE Handler] Received event: TickCompleted
[Test Client] Received event: ViewStateUpdated
[Test Client] Received event: ViewStateUpdated
[Test Client] Received event: ViewStateUpdated
[Test Client] Received event: TickCompleted

stdout | src/tests/server_v2/sse_integration.test.ts > SSE Event Stream Integration (Reproduction)
[World] Recording event: ViewStateUpdated
[SSE Handler] Received event: ViewStateUpdated
[World] Recording event: ViewStateUpdated
[SSE Handler] Received event: ViewStateUpdated
[World] Recording event: ViewStateUpdated
[SSE Handler] Received event: ViewStateUpdated
[SSE Handler] Received event: TickCompleted
[Test Client] Received event: ViewStateUpdated
[Test Client] Received event: ViewStateUpdated
[Test Client] Received event: ViewStateUpdated
[Test Client] Received event: TickCompleted

stdout | src/tests/server_v2/sse_integration.test.ts > SSE Event Stream Integration (Reproduction)
[SSE Handler] Received event: TickCompleted
[Test Client] Received event: TickCompleted

stdout | src/tests/server_v2/sse_integration.test.ts > SSE Event Stream Integration (Reproduction)
[World] Recording event: ViewStateUpdated
[SSE Handler] Received event: ViewStateUpdated
[World] Recording event: ViewStateUpdated
[SSE Handler] Received event: ViewStateUpdated
[World] Recording event: ViewStateUpdated
[SSE Handler] Received event: ViewStateUpdated
[SSE Handler] Received event: TickCompleted
[Test Client] Received event: ViewStateUpdated
[Test Client] Received event: ViewStateUpdated
[Test Client] Received event: ViewStateUpdated
[Test Client] Received event: TickCompleted

stdout | src/tests/server_v2/sse_integration.test.ts > SSE Event Stream Integration (Reproduction)
[World] Recording event: ViewStateUpdated
[SSE Handler] Received event: ViewStateUpdated
[World] Recording event: ViewStateUpdated
[SSE Handler] Received event: ViewStateUpdated
[World] Recording event: ViewStateUpdated
[SSE Handler] Received event: ViewStateUpdated
[SSE Handler] Received event: TickCompleted
[Test Client] Received event: ViewStateUpdated
[Test Client] Received event: ViewStateUpdated
[Test Client] Received event: ViewStateUpdated
[Test Client] Received event: TickCompleted

stdout | src/tests/server_v2/sse_integration.test.ts > SSE Event Stream Integration (Reproduction)
[World] Recording event: ViewStateUpdated
[SSE Handler] Received event: ViewStateUpdated
[World] Recording event: ViewStateUpdated
[SSE Handler] Received event: ViewStateUpdated
[World] Recording event: ViewStateUpdated
[SSE Handler] Received event: ViewStateUpdated
[SSE Handler] Received event: TickCompleted
[Test Client] Received event: ViewStateUpdated
[Test Client] Received event: ViewStateUpdated
[Test Client] Received event: ViewStateUpdated
[Test Client] Received event: TickCompleted

stdout | src/tests/server_v2/sse_integration.test.ts > SSE Event Stream Integration (Reproduction)
[SSE Handler] Received event: TickCompleted
[Test Client] Received event: TickCompleted

stdout | src/tests/server_v2/sse_integration.test.ts > SSE Event Stream Integration (Reproduction)
[World] Recording event: ViewStateUpdated
[SSE Handler] Received event: ViewStateUpdated
[World] Recording event: ViewStateUpdated
[SSE Handler] Received event: ViewStateUpdated
[World] Recording event: ViewStateUpdated
[SSE Handler] Received event: ViewStateUpdated
[SSE Handler] Received event: TickCompleted
[Test Client] Received event: ViewStateUpdated
[Test Client] Received event: ViewStateUpdated
[Test Client] Received event: ViewStateUpdated
[Test Client] Received event: TickCompleted

stdout | src/tests/server_v2/sse_integration.test.ts > SSE Event Stream Integration (Reproduction)
[World] Recording event: ViewStateUpdated
[SSE Handler] Received event: ViewStateUpdated
[World] Recording event: ViewStateUpdated
[SSE Handler] Received event: ViewStateUpdated
[World] Recording event: ViewStateUpdated
[SSE Handler] Received event: ViewStateUpdated
[SSE Handler] Received event: TickCompleted
[Test Client] Received event: ViewStateUpdated
[Test Client] Received event: ViewStateUpdated
[Test Client] Received event: ViewStateUpdated
[Test Client] Received event: TickCompleted

stdout | src/tests/server_v2/sse_integration.test.ts > SSE Event Stream Integration (Reproduction)
[World] Recording event: ViewStateUpdated
[SSE Handler] Received event: ViewStateUpdated
[World] Recording event: ViewStateUpdated
[SSE Handler] Received event: ViewStateUpdated
[World] Recording event: ViewStateUpdated
[SSE Handler] Received event: ViewStateUpdated
[SSE Handler] Received event: TickCompleted
[Test Client] Received event: ViewStateUpdated
[Test Client] Received event: ViewStateUpdated
[Test Client] Received event: ViewStateUpdated
[Test Client] Received event: TickCompleted

stdout | src/tests/server_v2/sse_integration.test.ts > SSE Event Stream Integration (Reproduction)
[World] Recording event: ViewStateUpdated
[SSE Handler] Received event: ViewStateUpdated
[World] Recording event: ViewStateUpdated
[SSE Handler] Received event: ViewStateUpdated
[World] Recording event: ViewStateUpdated
[SSE Handler] Received event: ViewStateUpdated
[SSE Handler] Received event: TickCompleted
[Test Client] Received event: ViewStateUpdated
[Test Client] Received event: ViewStateUpdated
[Test Client] Received event: ViewStateUpdated
[Test Client] Received event: TickCompleted

stdout | src/tests/server_v2/sse_integration.test.ts > SSE Event Stream Integration (Reproduction)
[SSE Handler] Received event: TickCompleted
[Test Client] Received event: TickCompleted

stdout | src/tests/server_v2/sse_integration.test.ts > SSE Event Stream Integration (Reproduction)
[World] Recording event: ViewStateUpdated
[SSE Handler] Received event: ViewStateUpdated
[World] Recording event: ViewStateUpdated
[SSE Handler] Received event: ViewStateUpdated
[World] Recording event: ViewStateUpdated
[SSE Handler] Received event: ViewStateUpdated
[SSE Handler] Received event: TickCompleted
[Test Client] Received event: ViewStateUpdated
[Test Client] Received event: ViewStateUpdated
[Test Client] Received event: ViewStateUpdated
[Test Client] Received event: TickCompleted

stdout | src/tests/server_v2/sse_integration.test.ts > SSE Event Stream Integration (Reproduction)
[World] Recording event: ViewStateUpdated
[SSE Handler] Received event: ViewStateUpdated
[World] Recording event: ViewStateUpdated
[SSE Handler] Received event: ViewStateUpdated
[World] Recording event: ViewStateUpdated
[SSE Handler] Received event: ViewStateUpdated
[SSE Handler] Received event: TickCompleted
[Test Client] Received event: ViewStateUpdated
[Test Client] Received event: ViewStateUpdated
[Test Client] Received event: ViewStateUpdated
[Test Client] Received event: TickCompleted

stdout | src/tests/server_v2/sse_integration.test.ts > SSE Event Stream Integration (Reproduction)
[SSE Handler] Received event: TickCompleted
[Test Client] Received event: TickCompleted

stdout | src/tests/server_v2/sse_integration.test.ts > SSE Event Stream Integration (Reproduction)
[World] Recording event: ViewStateUpdated
[SSE Handler] Received event: ViewStateUpdated
[World] Recording event: ViewStateUpdated
[SSE Handler] Received event: ViewStateUpdated
[World] Recording event: ViewStateUpdated
[SSE Handler] Received event: ViewStateUpdated
[SSE Handler] Received event: TickCompleted
[Test Client] Received event: ViewStateUpdated
[Test Client] Received event: ViewStateUpdated
[Test Client] Received event: ViewStateUpdated
[Test Client] Received event: TickCompleted

stdout | src/tests/server_v2/sse_integration.test.ts > SSE Event Stream Integration (Reproduction)
[SSE Handler] Received event: TickCompleted
[Test Client] Received event: TickCompleted

stdout | src/tests/server_v2/sse_integration.test.ts > SSE Event Stream Integration (Reproduction)
[World] Recording event: ViewStateUpdated
[SSE Handler] Received event: ViewStateUpdated
[World] Recording event: ViewStateUpdated
[SSE Handler] Received event: ViewStateUpdated
[World] Recording event: ViewStateUpdated
[SSE Handler] Received event: ViewStateUpdated
[SSE Handler] Received event: TickCompleted
[Test Client] Received event: ViewStateUpdated
[Test Client] Received event: ViewStateUpdated
[Test Client] Received event: ViewStateUpdated
[Test Client] Received event: TickCompleted

stdout | src/tests/server_v2/sse_integration.test.ts > SSE Event Stream Integration (Reproduction)
[World] Recording event: ViewStateUpdated
[SSE Handler] Received event: ViewStateUpdated
[World] Recording event: ViewStateUpdated
[SSE Handler] Received event: ViewStateUpdated
[World] Recording event: ViewStateUpdated
[SSE Handler] Received event: ViewStateUpdated
[SSE Handler] Received event: TickCompleted
[Test Client] Received event: ViewStateUpdated
[Test Client] Received event: ViewStateUpdated
[Test Client] Received event: ViewStateUpdated
[Test Client] Received event: TickCompleted

stdout | src/tests/server_v2/sse_integration.test.ts > SSE Event Stream Integration (Reproduction)
[SSE Handler] Received event: TickCompleted
[Test Client] Received event: TickCompleted

stdout | src/tests/server_v2/sse_integration.test.ts > SSE Event Stream Integration (Reproduction)
[World] Recording event: ViewStateUpdated
[SSE Handler] Received event: ViewStateUpdated
[World] Recording event: ViewStateUpdated
[SSE Handler] Received event: ViewStateUpdated
[World] Recording event: ViewStateUpdated
[SSE Handler] Received event: ViewStateUpdated
[SSE Handler] Received event: TickCompleted
[Test Client] Received event: ViewStateUpdated
[Test Client] Received event: ViewStateUpdated
[Test Client] Received event: ViewStateUpdated
[Test Client] Received event: TickCompleted

stdout | src/tests/server_v2/sse_integration.test.ts > SSE Event Stream Integration (Reproduction)
[SSE Handler] Received event: TickCompleted
[Test Client] Received event: TickCompleted

stdout | src/tests/server_v2/sse_integration.test.ts > SSE Event Stream Integration (Reproduction)
[World] Recording event: ViewStateUpdated
[SSE Handler] Received event: ViewStateUpdated
[World] Recording event: ViewStateUpdated
[SSE Handler] Received event: ViewStateUpdated
[World] Recording event: ViewStateUpdated
[SSE Handler] Received event: ViewStateUpdated
[SSE Handler] Received event: TickCompleted
[Test Client] Received event: ViewStateUpdated
[Test Client] Received event: ViewStateUpdated
[Test Client] Received event: ViewStateUpdated
[Test Client] Received event: TickCompleted

stdout | src/tests/server_v2/sse_integration.test.ts > SSE Event Stream Integration (Reproduction)
[SSE Handler] Received event: TickCompleted
[Test Client] Received event: TickCompleted

stdout | src/tests/server_v2/sse_integration.test.ts > SSE Event Stream Integration (Reproduction)
[World] Recording event: ViewStateUpdated
[SSE Handler] Received event: ViewStateUpdated
[World] Recording event: ViewStateUpdated
[SSE Handler] Received event: ViewStateUpdated
[World] Recording event: ViewStateUpdated
[SSE Handler] Received event: ViewStateUpdated
[SSE Handler] Received event: TickCompleted
[Test Client] Received event: ViewStateUpdated
[Test Client] Received event: ViewStateUpdated
[Test Client] Received event: ViewStateUpdated
[Test Client] Received event: TickCompleted

stdout | src/tests/server_v2/sse_integration.test.ts > SSE Event Stream Integration (Reproduction)
[World] Recording event: ViewStateUpdated
[SSE Handler] Received event: ViewStateUpdated
[World] Recording event: ViewStateUpdated
[SSE Handler] Received event: ViewStateUpdated
[World] Recording event: ViewStateUpdated
[SSE Handler] Received event: ViewStateUpdated
[SSE Handler] Received event: TickCompleted
[Test Client] Received event: ViewStateUpdated
[Test Client] Received event: ViewStateUpdated
[Test Client] Received event: ViewStateUpdated
[Test Client] Received event: TickCompleted

stdout | src/tests/server_v2/sse_integration.test.ts > SSE Event Stream Integration (Reproduction)
[SSE Handler] Received event: TickCompleted
[Test Client] Received event: TickCompleted

stdout | src/tests/server_v2/sse_integration.test.ts > SSE Event Stream Integration (Reproduction)
[World] Recording event: ViewStateUpdated
[SSE Handler] Received event: ViewStateUpdated
[World] Recording event: ViewStateUpdated
[SSE Handler] Received event: ViewStateUpdated
[World] Recording event: ViewStateUpdated
[SSE Handler] Received event: ViewStateUpdated
[SSE Handler] Received event: TickCompleted
[Test Client] Received event: ViewStateUpdated
[Test Client] Received event: ViewStateUpdated
[Test Client] Received event: ViewStateUpdated
[Test Client] Received event: TickCompleted
[World] Recording event: ViewStateUpdated
[SSE Handler] Received event: ViewStateUpdated
[World] Recording event: ViewStateUpdated
[SSE Handler] Received event: ViewStateUpdated
[World] Recording event: ViewStateUpdated
[SSE Handler] Received event: ViewStateUpdated
[SSE Handler] Received event: TickCompleted
[Test Client] Received event: ViewStateUpdated
[Test Client] Received event: ViewStateUpdated
[Test Client] Received event: ViewStateUpdated
[Test Client] Received event: TickCompleted

stdout | src/tests/server_v2/sse_integration.test.ts > SSE Event Stream Integration (Reproduction)
[World] Recording event: ViewStateUpdated
[SSE Handler] Received event: ViewStateUpdated
[World] Recording event: ViewStateUpdated
[SSE Handler] Received event: ViewStateUpdated
[World] Recording event: ViewStateUpdated
[SSE Handler] Received event: ViewStateUpdated
[SSE Handler] Received event: TickCompleted
[Test Client] Received event: ViewStateUpdated
[Test Client] Received event: ViewStateUpdated
[Test Client] Received event: ViewStateUpdated
[Test Client] Received event: TickCompleted

stdout | src/tests/server_v2/sse_integration.test.ts > SSE Event Stream Integration (Reproduction)
[SSE Handler] Received event: TickCompleted
[Test Client] Received event: TickCompleted

stdout | src/tests/server_v2/sse_integration.test.ts > SSE Event Stream Integration (Reproduction)
[World] Recording event: ViewStateUpdated
[SSE Handler] Received event: ViewStateUpdated
[World] Recording event: ViewStateUpdated
[SSE Handler] Received event: ViewStateUpdated
[World] Recording event: ViewStateUpdated
[SSE Handler] Received event: ViewStateUpdated
[SSE Handler] Received event: TickCompleted
[Test Client] Received event: ViewStateUpdated
[Test Client] Received event: ViewStateUpdated
[Test Client] Received event: ViewStateUpdated
[Test Client] Received event: TickCompleted

 ❯ src/tests/server_v2/sse_integration.test.ts  (1 test | 1 failed) 69484ms
   ❯ src/tests/server_v2/sse_integration.test.ts > SSE Event Stream Integration (Reproduction) > SHOULD receive EntitySpawned and Detection events via SDK stream
     → Timeout waiting for events
stdout | src/tests/server_v2/sse_integration.test.ts
[World] Recording event: ViewStateUpdated
[SSE Handler] Received event: ViewStateUpdated
[World] Recording event: ViewStateUpdated
[SSE Handler] Received event: ViewStateUpdated
[World] Recording event: ViewStateUpdated
[SSE Handler] Received event: ViewStateUpdated
[SSE Handler] Received event: TickCompleted
[Test Client] Received event: ViewStateUpdated
[Test Client] Received event: ViewStateUpdated
[Test Client] Received event: ViewStateUpdated
[Test Client] Received event: TickCompleted

stdout | src/tests/server_v2/sse_integration.test.ts:47:29
[Test Client] Received event: ViewStateUpdated
[Test Client] Received event: ViewStateUpdated
[Test Client] Received event: ViewStateUpdated
[Test Client] Received event: TickCompleted


⎯⎯⎯⎯⎯⎯ Failed Suites 1 ⎯⎯⎯⎯⎯⎯⎯

 FAIL  src/tests/server_v2/sse_integration.test.ts > SSE Event Stream Integration (Reproduction)
Error: Hook timed out in 60000ms.
If this is a long-running hook, pass a timeout value as the last argument or configure it globally with "hookTimeout".
⎯⎯⎯⎯⎯⎯⎯⎯⎯⎯⎯⎯⎯⎯⎯⎯⎯⎯⎯⎯⎯⎯⎯⎯[1/2]⎯

⎯⎯⎯⎯⎯⎯⎯ Failed Tests 1 ⎯⎯⎯⎯⎯⎯⎯

 FAIL  src/tests/server_v2/sse_integration.test.ts > SSE Event Stream Integration (Reproduction) > SHOULD receive EntitySpawned and Detection events via SDK stream
Error: Timeout waiting for events
 ❯ Timeout._onTimeout src/tests/server_v2/sse_integration.test.ts:99:64
     97|         await Promise.race([
     98|             consumePromise,
     99|             new Promise((_, reject) => setTimeout(() => reject(new Err…
       |                                                                ^
    100|         ]);
    101| 

⎯⎯⎯⎯⎯⎯⎯⎯⎯⎯⎯⎯⎯⎯⎯⎯⎯⎯⎯⎯⎯⎯⎯⎯[2/2]⎯

 Test Files  1 failed (1)
      Tests  1 failed (1)
   Start at  19:42:51
   Duration  71.93s (transform 1.08s, setup 0ms, collect 1.30s, tests 69.48s, environment 0ms, prepare 78ms)


 FAIL  Tests failed. Watching for file changes...
       press h to show help, press q to quit
[3Jc
 RERUN  src/server_v2/tools/entity/entity_create.ts x1

stdout | src/tests/server_v2/sse_integration.test.ts > SSE Event Stream Integration (Reproduction)
Database initialized with tables
📡 Sim Engine: Using remote terrain worker at LOCAL_ONLY

{"level":30,"time":1778543075211,"pid":546636,"hostname":"ubuntu-Surface-Laptop-Go","msg":"Server listening at http://127.0.0.1:3006"}
stdout | src/tests/server_v2/sse_integration.test.ts > SSE Event Stream Integration (Reproduction)
[Server] Registering route: POST /api/v2/agents (agent_create)
[Server] Registering route: GET /api/v2/agents (agent_list)
[Server] Registering route: DELETE /api/v2/agents/:agentId (agent_delete)
[Server] Registering route: POST /api/v2/agents/seed (agent_seed)
[Server] Registering route: POST /api/v2/agents/:agentId/threads (agent_thread_create)
[Server] Registering route: GET /api/v2/threads/:threadId/history (agent_thread_history)
[Server] Registering route: PATCH /api/v2/agents/:agentId (agent_update)
[Server] Registering route: GET /api/v2/threads (agent_thread_list)
[Server] Registering route: PATCH /api/v2/threads/:threadId (agent_thread_update)
[Server] Registering route: DELETE /api/v2/threads/:threadId (agent_thread_delete)
[Server] Registering route: PATCH /api/v2/messages/:messageId (agent_message_update)
[Server] Registering route: DELETE /api/v2/messages/:messageId (agent_message_delete)
[Server] Registering route: POST /api/v2/threads/:threadId/run (agent_run_stream)
[Server] Registering route: GET /api/v2/matches/:matchId/automation/events (automation_list_events)
[Server] Registering route: POST /api/v2/matches/:matchId/automation/events/:eventId/trigger (automation_trigger_event)
[Server] Registering route: GET /api/v2/matches/:matchId/automation/assertions (automation_get_results)
[Server] Registering route: GET /api/v2/bugs (bug_list)
[Server] Registering route: POST /api/v2/bugs (bug_create)
[Server] Registering route: GET /api/v2/bugs/:id (bug_get)
[Server] Registering route: PATCH /api/v2/bugs/:id (bug_update)
[Server] Registering route: POST /api/v2/bugs/:bugId/comments (bug_add_comment)
[Server] Registering route: GET /api/v2/matches/:matchId/entities/:entityId/combat (combat_get)
[Server] Registering route: POST /api/v2/matches/:matchId/entities/:entityId/combat/fire (combat_fire)
[Server] Registering route: POST /api/v2/matches/:matchId/entities/:entityId/combat/salvo (combat_fire_salvo)
[Server] Registering route: GET /api/v2/matches/:matchId/entities/:entityId/combat/mounts (combat_list_mounts)
[Server] Registering route: GET /api/v2/matches/:matchId/entities/:entityId/combat/wra (combat_get_wra)
[Server] Registering route: PATCH /api/v2/matches/:matchId/entities/:entityId/combat/wra (combat_update_wra)
[Server] Registering route: PATCH /api/v2/matches/:matchId/entities/:entityId/combat/roe (combat_update_roe)
[Server] Registering route: GET /api/v2/matches/:matchId/entities/:entityId/datalink (datalink_get)
[Server] Registering route: PATCH /api/v2/matches/:matchId/entities/:entityId/datalink/network (datalink_update_network)
[Server] Registering route: PATCH /api/v2/matches/:matchId/entities/:entityId/datalink/emissions (datalink_set_emissions)
[Server] Registering route: GET /api/v2/db/profiles (db_profile_list)
[Server] Registering route: GET /api/v2/db/profiles/:id (db_profile_get)
[Server] Registering route: POST /api/v2/db/profiles (db_profile_create)
[Server] Registering route: GET /api/v2/db/weapons (db_weapon_list)
[Server] Registering route: GET /api/v2/db/weapons/:id (db_weapon_get)
[Server] Registering route: GET /api/v2/db/scenarios (db_scenario_list)
[Server] Registering route: GET /api/v2/db/scenarios/:id (db_scenario_get)
[Server] Registering route: POST /api/v2/db/seed (db_seed)
[Server] Registering route: GET /api/v2/matches/:matchId/entities (entity_list)
[Server] Registering route: GET /api/v2/matches/:matchId/entities/:entityId (entity_get)
[Server] Registering route: POST /api/v2/matches/:matchId/entities (entity_create)
[Server] Registering route: DELETE /api/v2/matches/:matchId/entities/:entityId (entity_delete)
[Server] Registering route: GET /api/v2/matches/:matchId/entities/:entityId/status (entity_get_status)
[Server] Registering route: GET /api/v2/matches/:matchId/environment (env_get)
[Server] Registering route: PATCH /api/v2/matches/:matchId/environment (env_update)
[Server] Registering route: GET /api/v2/matches/:matchId/environment/terrain (env_sample_terrain)
[Server] Registering route: GET /api/v2/matches/:matchId/environment/ocean (env_sample_ocean)
[Server] Registering route: GET /api/v2/matches/:matchId/environment/borders (env_get_borders)
[Server] Registering route: PUT /api/v2/matches/:matchId/environment/time (env_set_time)
[Server] Registering route: POST /api/v2/matches/:matchId/environment/terrain/prefetch (env_prefetch_terrain)
[Server] Registering route: GET /api/v2/env/terrain/cache (env_get_cache_stats)
[Server] Registering route: GET /api/v2/env/terrain/tile (env_get_terrain_tile)
[Server] Registering route: GET /api/v2/matches/:matchId/entities/:entityId/ew/jammer (ew_get_jammer)
[Server] Registering route: PATCH /api/v2/matches/:matchId/entities/:entityId/ew/jammer/state (ew_set_jammer_state)
[Server] Registering route: PUT /api/v2/matches/:matchId/entities/:entityId/ew/jammer/target (ew_assign_jammer_target)
[Server] Registering route: GET /api/v2/matches/:matchId/entities/:entityId/ew/sigint (ew_get_sigint)
[Server] Registering route: GET /api/v2/matches/:matchId/groups (group_list)
[Server] Registering route: GET /api/v2/matches/:matchId/groups/:groupId (group_get)
[Server] Registering route: POST /api/v2/matches/:matchId/groups (group_create)
[Server] Registering route: PUT /api/v2/matches/:matchId/groups/:groupId/leader (group_set_leader)
[Server] Registering route: PATCH /api/v2/matches/:matchId/groups/:groupId/parameters (group_set_parameters)
[Server] Registering route: GET /api/v2/matches/:matchId/entities/:entityId/guidance (guidance_get)
[Server] Registering route: PATCH /api/v2/matches/:matchId/entities/:entityId/guidance (guidance_update)
[Server] Registering route: PUT /api/v2/matches/:matchId/entities/:entityId/guidance/target (guidance_set_target)
[Server] Registering route: GET /api/v2/history/:batchId/telemetry/:entityId (history_list_telemetry)
[Server] Registering route: GET /api/v2/history/:batchId/heatmap (history_get_heatmap)
[Server] Registering route: GET /api/v2/history/:batchId/events (history_list_events)
[Server] Registering route: GET /api/v2/history/:batchId/losses (history_get_losses)
[Server] Registering route: GET /api/v2/history/:batchId/metrics (history_aggregate_metrics)
[Server] Registering route: GET /api/v2/history/:batchId/telemetry/:entityId/samples (history_get_entity_samples)
[Server] Registering route: GET /api/v2/matches/:matchId/entities/:entityId/kinematics (kinematics_get)
[Server] Registering route: PATCH /api/v2/matches/:matchId/entities/:entityId/kinematics (kinematics_update)
[Server] Registering route: PUT /api/v2/matches/:matchId/entities/:entityId/kinematics/position (kinematics_set_position)
[Server] Registering route: POST /api/v2/matches/:matchId/entities/:entityId/kinematics/force (kinematics_apply_force)
[Server] Registering route: GET /api/v2/matches/:matchId/entities/:entityId/logistics (logistics_get)
[Server] Registering route: PATCH /api/v2/matches/:matchId/entities/:entityId/logistics/state (logistics_update_state)
[Server] Registering route: POST /api/v2/matches/:matchId/logistics/transfer (logistics_transfer)
[Server] Registering route: POST /api/v2/matches/:matchId/entities/:entityId/logistics/damage (logistics_apply_damage)
[Server] Registering route: POST /api/v2/matches/:matchId/entities/:entityId/logistics/land (logistics_land)
[Server] Registering route: POST /api/v2/matches/:matchId/entities/:entityId/logistics/launch (logistics_launch)
[Server] Registering route: GET /api/v2/map/regions (map_list_regions)
[Server] Registering route: GET /api/v2/map/overlays/:overlayId (map_get_overlay)
[Server] Registering route: GET /api/v2/matches/:matchId/map/los (map_get_los)
[Server] Registering route: GET /api/v2/map/distance (map_calculate_distance)
[Server] Registering route: GET /api/v2/matches/:matchId/map/zones (map_list_zones)
[Server] Registering route: PATCH /api/v2/matches/:matchId/map/zones/:zoneId (map_update_zone)
[Server] Registering route: POST /api/v2/matches/:matchId/map/zones (map_create_zone)
[Server] Registering route: GET /api/v2/matches/:matchId/map/elevation-profile (map_get_elevation_profile)
[Server] Registering route: POST /api/v2/map/convert (map_convert)
[Server] Registering route: GET /api/v2/matches (match_list)
[Server] Registering route: POST /api/v2/matches (match_create)
[Server] Registering route: GET /api/v2/matches/:matchId (match_get)
[Server] Registering route: PATCH /api/v2/matches/:matchId (match_update)
[Server] Registering route: DELETE /api/v2/matches/:matchId (match_delete)
[Server] Registering route: GET /api/v2/matches/:matchId/win-state (match_get_win_state)
[Server] Registering route: GET /api/v2/matches/:matchId/ministries/:side/evaluation (ministry_get_evaluation)
[Server] Registering route: PATCH /api/v2/matches/:matchId/ministries/:side/doctrine (ministry_update_doctrine)
[Server] Registering route: GET /api/v2/matches/:matchId/entities/:entityId/missions (mission_list)
[Server] Registering route: POST /api/v2/matches/:matchId/entities/:entityId/missions (mission_create)
[Server] Registering route: GET /api/v2/matches/:matchId/entities/:entityId/tasks (mission_get_tasks)
[Server] Registering route: GET /api/v2/matches/:matchId/entities/:entityId/navigation (nav_get)
[Server] Registering route: PATCH /api/v2/matches/:matchId/entities/:entityId/navigation (nav_update)
[Server] Registering route: GET /api/v2/matches/:matchId/entities/:entityId/navigation/waypoints (nav_list_waypoints)
[Server] Registering route: POST /api/v2/matches/:matchId/entities/:entityId/navigation/waypoints (nav_add_waypoint)
[Server] Registering route: DELETE /api/v2/matches/:matchId/entities/:entityId/navigation/waypoints (nav_clear_waypoints)
[Server] Registering route: POST /api/v2/matches/:matchId/entities/:entityId/navigation/formation (nav_join_formation)
[Server] Registering route: DELETE /api/v2/matches/:matchId/entities/:entityId/navigation/formation (nav_break_formation)
[Server] Registering route: GET /api/v2/matches/:matchId/entities/:entityId/orbital (orbital_get_elements)
[Server] Registering route: PATCH /api/v2/matches/:matchId/entities/:entityId/orbital (orbital_update_elements)
[Server] Registering route: GET /api/v2/matches/:matchId/entities/:entityId/orbital/passes (orbital_predict_pass)
[Server] Registering route: GET /api/v2/matches/:matchId/entities/:entityId/propulsion (propulsion_get)
[Server] Registering route: PATCH /api/v2/matches/:matchId/entities/:entityId/propulsion (propulsion_update)
[Server] Registering route: PUT /api/v2/matches/:matchId/entities/:entityId/propulsion/state (propulsion_set_state)
[Server] Registering route: POST /api/v2/matches/:matchId/simulation/step (sim_step)
[Server] Registering route: POST /api/v2/matches/:matchId/entities/:entityId/detections (sensor_add_detection)
[Server] Registering route: POST /api/v2/qa/test-weapon (qa_test_weapon)
[Server] Registering route: GET /api/v2/matches/:matchId/entities/:entityId/sensors (sensor_list)
[Server] Registering route: PATCH /api/v2/matches/:matchId/entities/:entityId/sensors/:index (sensor_update)
[Server] Registering route: PATCH /api/v2/matches/:matchId/entities/:entityId/sensors/emcon (sensor_set_emcon)
[Server] Registering route: GET /api/v2/matches/:matchId/sides/:side/roe (side_get_roe)
[Server] Registering route: PATCH /api/v2/matches/:matchId/sides/:side/roe (side_update_roe)
[Server] Registering route: GET /api/v2/matches/:matchId/entities/:entityId/signature (signature_get)
[Server] Registering route: PATCH /api/v2/matches/:matchId/entities/:entityId/signature (signature_update)
[Server] Registering route: POST /api/v2/matches/:matchId/entities/:entityId/countermeasures/deploy (cm_deploy)
[Server] Registering route: GET /api/v2/matches/:matchId/entities/:entityId/countermeasures (cm_get_inventory)
[Server] Registering route: GET /api/v2/matches/:matchId/simulation (sim_get)
[Server] Registering route: PATCH /api/v2/matches/:matchId/simulation (sim_update)
[Server] Registering route: POST /api/v2/matches/:matchId/simulation/pause (sim_pause)
[Server] Registering route: POST /api/v2/matches/:matchId/simulation/resume (sim_resume)
[Server] Registering route: POST /api/v2/matches/:matchId/simulation/speed (sim_set_speed)
[Server] Registering route: GET /api/v2/simulation/metrics (sim_get_metrics)
[Server] Registering route: GET /api/v2/matches/:matchId/simulation/stream (sim_get_stream)
[Server] Registering route: GET /api/v2/matches/:matchId/tracks (track_list)
[Server] Registering route: GET /api/v2/matches/:matchId/tracks/:trackId (track_get)
[Server] Registering route: PATCH /api/v2/matches/:matchId/tracks/:trackId (track_update)
[Server] Registering route: DELETE /api/v2/matches/:matchId/tracks/:trackId (track_delete)

{"level":30,"time":1778543075655,"pid":546636,"hostname":"ubuntu-Surface-Laptop-Go","reqId":"req-1","req":{"method":"POST","url":"/api/v2/db/seed","host":"127.0.0.1:3006","remoteAddress":"127.0.0.1","remotePort":49508},"msg":"incoming request"}
{"level":30,"time":1778543077255,"pid":546636,"hostname":"ubuntu-Surface-Laptop-Go","reqId":"req-1","res":{"statusCode":200},"responseTime":1592.7393950223923,"msg":"request completed"}
{"level":30,"time":1778543077426,"pid":546636,"hostname":"ubuntu-Surface-Laptop-Go","reqId":"req-2","req":{"method":"GET","url":"/api/v2/db/scenarios?page=1&pageSize=10","host":"127.0.0.1:3006","remoteAddress":"127.0.0.1","remotePort":49510},"msg":"incoming request"}
{"level":30,"time":1778543077501,"pid":546636,"hostname":"ubuntu-Surface-Laptop-Go","reqId":"req-2","res":{"statusCode":200},"responseTime":72.83968698978424,"msg":"request completed"}
{"level":30,"time":1778543077544,"pid":546636,"hostname":"ubuntu-Surface-Laptop-Go","reqId":"req-3","req":{"method":"POST","url":"/api/v2/matches","host":"127.0.0.1:3006","remoteAddress":"127.0.0.1","remotePort":49508},"msg":"incoming request"}
{"level":30,"time":1778543077875,"pid":546636,"hostname":"ubuntu-Surface-Laptop-Go","reqId":"req-3","res":{"statusCode":200},"responseTime":329.38637804985046,"msg":"request completed"}
stdout | src/tests/server_v2/sse_integration.test.ts > SSE Event Stream Integration (Reproduction)
Loading Scenario: CAP Training
[2026-05-11T23:44:37.807Z] [ENGINE] [INFO] Automation Setup: 0 events, 0 assertions
--- STARTING TERRAIN PREFETCH ---
--- TERRAIN PREFETCH COMPLETE ---
[World] Recording event: ViewStateUpdated
[World] Recording event: ViewStateUpdated
[World] Recording event: ViewStateUpdated

{"level":30,"time":1778543078104,"pid":546636,"hostname":"ubuntu-Surface-Laptop-Go","reqId":"req-4","req":{"method":"GET","url":"/api/v2/matches/a2a09088-b5fa-4e6c-9492-2339627f853b/simulation/stream?matchId=a2a09088-b5fa-4e6c-9492-2339627f853b","host":"127.0.0.1:3006","remoteAddress":"127.0.0.1","remotePort":49510},"msg":"incoming request"}
stdout | src/tests/server_v2/sse_integration.test.ts > SSE Event Stream Integration (Reproduction) > SHOULD receive EntitySpawned and Detection events via SDK stream
[sim_get_stream] Streaming world owic4d

stdout | src/tests/server_v2/sse_integration.test.ts > SSE Event Stream Integration (Reproduction) > SHOULD receive EntitySpawned and Detection events via SDK stream
[World] Recording event: ViewStateUpdated
[SSE Handler] Received event: ViewStateUpdated
[World] Recording event: ViewStateUpdated
[SSE Handler] Received event: ViewStateUpdated
[World] Recording event: ViewStateUpdated
[SSE Handler] Received event: ViewStateUpdated
[SSE Handler] Received event: TickCompleted
[Test Client] Received event: ViewStateUpdated
[Test Client] Received event: ViewStateUpdated
[Test Client] Received event: ViewStateUpdated
[Test Client] Received event: TickCompleted
[World] Recording event: ViewStateUpdated
[SSE Handler] Received event: ViewStateUpdated
[World] Recording event: ViewStateUpdated
[SSE Handler] Received event: ViewStateUpdated
[World] Recording event: ViewStateUpdated
[SSE Handler] Received event: ViewStateUpdated
[SSE Handler] Received event: TickCompleted
[Test Client] Received event: ViewStateUpdated
[Test Client] Received event: ViewStateUpdated
[Test Client] Received event: ViewStateUpdated
[Test Client] Received event: TickCompleted

stdout | src/tests/server_v2/sse_integration.test.ts > SSE Event Stream Integration (Reproduction) > SHOULD receive EntitySpawned and Detection events via SDK stream
[World] Recording event: ViewStateUpdated
[SSE Handler] Received event: ViewStateUpdated
[World] Recording event: ViewStateUpdated
[SSE Handler] Received event: ViewStateUpdated
[World] Recording event: ViewStateUpdated
[SSE Handler] Received event: ViewStateUpdated
[SSE Handler] Received event: TickCompleted
[Test Client] Received event: ViewStateUpdated
[Test Client] Received event: ViewStateUpdated
[Test Client] Received event: ViewStateUpdated
[Test Client] Received event: TickCompleted

stdout | src/tests/server_v2/sse_integration.test.ts > SSE Event Stream Integration (Reproduction) > SHOULD receive EntitySpawned and Detection events via SDK stream
[World] Recording event: ViewStateUpdated
[SSE Handler] Received event: ViewStateUpdated
[World] Recording event: ViewStateUpdated
[SSE Handler] Received event: ViewStateUpdated
[World] Recording event: ViewStateUpdated
[SSE Handler] Received event: ViewStateUpdated
[SSE Handler] Received event: TickCompleted
[Test Client] Received event: ViewStateUpdated
[Test Client] Received event: ViewStateUpdated
[Test Client] Received event: ViewStateUpdated
[Test Client] Received event: TickCompleted

stdout | src/tests/server_v2/sse_integration.test.ts > SSE Event Stream Integration (Reproduction) > SHOULD receive EntitySpawned and Detection events via SDK stream
[World] Recording event: ViewStateUpdated
[SSE Handler] Received event: ViewStateUpdated
[World] Recording event: ViewStateUpdated
[SSE Handler] Received event: ViewStateUpdated
[World] Recording event: ViewStateUpdated
[SSE Handler] Received event: ViewStateUpdated
[SSE Handler] Received event: TickCompleted
[Test Client] Received event: ViewStateUpdated
[Test Client] Received event: ViewStateUpdated
[Test Client] Received event: ViewStateUpdated
[Test Client] Received event: TickCompleted

stdout | src/tests/server_v2/sse_integration.test.ts > SSE Event Stream Integration (Reproduction) > SHOULD receive EntitySpawned and Detection events via SDK stream
[World] Recording event: ViewStateUpdated
[SSE Handler] Received event: ViewStateUpdated
[World] Recording event: ViewStateUpdated
[SSE Handler] Received event: ViewStateUpdated
[World] Recording event: ViewStateUpdated
[SSE Handler] Received event: ViewStateUpdated
[SSE Handler] Received event: TickCompleted
[Test Client] Received event: ViewStateUpdated
[Test Client] Received event: ViewStateUpdated
[Test Client] Received event: ViewStateUpdated
[Test Client] Received event: TickCompleted

stdout | src/tests/server_v2/sse_integration.test.ts > SSE Event Stream Integration (Reproduction) > SHOULD receive EntitySpawned and Detection events via SDK stream
[World] Recording event: ViewStateUpdated
[SSE Handler] Received event: ViewStateUpdated
[World] Recording event: ViewStateUpdated
[SSE Handler] Received event: ViewStateUpdated
[World] Recording event: ViewStateUpdated
[SSE Handler] Received event: ViewStateUpdated
[SSE Handler] Received event: TickCompleted
[Test Client] Received event: ViewStateUpdated
[Test Client] Received event: ViewStateUpdated
[Test Client] Received event: ViewStateUpdated
[Test Client] Received event: TickCompleted

stdout | src/tests/server_v2/sse_integration.test.ts > SSE Event Stream Integration (Reproduction) > SHOULD receive EntitySpawned and Detection events via SDK stream
[SSE Handler] Received event: TickCompleted
[Test Client] Received event: TickCompleted

stdout | src/tests/server_v2/sse_integration.test.ts > SSE Event Stream Integration (Reproduction) > SHOULD receive EntitySpawned and Detection events via SDK stream
[World] Recording event: ViewStateUpdated
[SSE Handler] Received event: ViewStateUpdated
[World] Recording event: ViewStateUpdated
[SSE Handler] Received event: ViewStateUpdated
[World] Recording event: ViewStateUpdated
[SSE Handler] Received event: ViewStateUpdated
[SSE Handler] Received event: TickCompleted
[Test Client] Received event: ViewStateUpdated
[Test Client] Received event: ViewStateUpdated
[Test Client] Received event: ViewStateUpdated
[Test Client] Received event: TickCompleted

stdout | src/tests/server_v2/sse_integration.test.ts > SSE Event Stream Integration (Reproduction) > SHOULD receive EntitySpawned and Detection events via SDK stream
[World] Recording event: ViewStateUpdated
[SSE Handler] Received event: ViewStateUpdated
[World] Recording event: ViewStateUpdated
[SSE Handler] Received event: ViewStateUpdated
[World] Recording event: ViewStateUpdated
[SSE Handler] Received event: ViewStateUpdated
[SSE Handler] Received event: TickCompleted
[Test Client] Received event: ViewStateUpdated
[Test Client] Received event: ViewStateUpdated
[Test Client] Received event: ViewStateUpdated
[Test Client] Received event: TickCompleted

stdout | src/tests/server_v2/sse_integration.test.ts > SSE Event Stream Integration (Reproduction) > SHOULD receive EntitySpawned and Detection events via SDK stream
[World] Recording event: ViewStateUpdated
[SSE Handler] Received event: ViewStateUpdated
[World] Recording event: ViewStateUpdated
[SSE Handler] Received event: ViewStateUpdated
[World] Recording event: ViewStateUpdated
[SSE Handler] Received event: ViewStateUpdated
[SSE Handler] Received event: TickCompleted
[Test Client] Received event: ViewStateUpdated
[Test Client] Received event: ViewStateUpdated
[Test Client] Received event: ViewStateUpdated
[Test Client] Received event: TickCompleted

stdout | src/tests/server_v2/sse_integration.test.ts > SSE Event Stream Integration (Reproduction) > SHOULD receive EntitySpawned and Detection events via SDK stream
[World] Recording event: ViewStateUpdated
[SSE Handler] Received event: ViewStateUpdated
[World] Recording event: ViewStateUpdated
[SSE Handler] Received event: ViewStateUpdated
[World] Recording event: ViewStateUpdated
[SSE Handler] Received event: ViewStateUpdated
[SSE Handler] Received event: TickCompleted
[Test Client] Received event: ViewStateUpdated
[Test Client] Received event: ViewStateUpdated
[Test Client] Received event: ViewStateUpdated
[Test Client] Received event: TickCompleted

stdout | src/tests/server_v2/sse_integration.test.ts > SSE Event Stream Integration (Reproduction) > SHOULD receive EntitySpawned and Detection events via SDK stream
[World] Recording event: ViewStateUpdated
[SSE Handler] Received event: ViewStateUpdated
[World] Recording event: ViewStateUpdated
[SSE Handler] Received event: ViewStateUpdated
[World] Recording event: ViewStateUpdated
[SSE Handler] Received event: ViewStateUpdated
[SSE Handler] Received event: TickCompleted
[Test Client] Received event: ViewStateUpdated
[Test Client] Received event: ViewStateUpdated
[Test Client] Received event: ViewStateUpdated
[Test Client] Received event: TickCompleted

stdout | src/tests/server_v2/sse_integration.test.ts > SSE Event Stream Integration (Reproduction) > SHOULD receive EntitySpawned and Detection events via SDK stream
[SSE Handler] Received event: TickCompleted
[Test Client] Received event: TickCompleted

stdout | src/tests/server_v2/sse_integration.test.ts > SSE Event Stream Integration (Reproduction) > SHOULD receive EntitySpawned and Detection events via SDK stream
[World] Recording event: ViewStateUpdated
[SSE Handler] Received event: ViewStateUpdated
[World] Recording event: ViewStateUpdated
[SSE Handler] Received event: ViewStateUpdated
[World] Recording event: ViewStateUpdated
[SSE Handler] Received event: ViewStateUpdated
[SSE Handler] Received event: TickCompleted
[Test Client] Received event: ViewStateUpdated
[Test Client] Received event: ViewStateUpdated
[Test Client] Received event: ViewStateUpdated
[Test Client] Received event: TickCompleted

stdout | src/tests/server_v2/sse_integration.test.ts > SSE Event Stream Integration (Reproduction) > SHOULD receive EntitySpawned and Detection events via SDK stream
[World] Recording event: ViewStateUpdated
[SSE Handler] Received event: ViewStateUpdated
[World] Recording event: ViewStateUpdated
[SSE Handler] Received event: ViewStateUpdated
[World] Recording event: ViewStateUpdated
[SSE Handler] Received event: ViewStateUpdated
[SSE Handler] Received event: TickCompleted
[Test Client] Received event: ViewStateUpdated
[Test Client] Received event: ViewStateUpdated
[Test Client] Received event: ViewStateUpdated
[Test Client] Received event: TickCompleted

stdout | src/tests/server_v2/sse_integration.test.ts > SSE Event Stream Integration (Reproduction) > SHOULD receive EntitySpawned and Detection events via SDK stream
[World] Recording event: ViewStateUpdated
[SSE Handler] Received event: ViewStateUpdated
[World] Recording event: ViewStateUpdated
[SSE Handler] Received event: ViewStateUpdated
[World] Recording event: ViewStateUpdated
[SSE Handler] Received event: ViewStateUpdated
[SSE Handler] Received event: TickCompleted
[Test Client] Received event: ViewStateUpdated
[Test Client] Received event: ViewStateUpdated
[Test Client] Received event: ViewStateUpdated
[Test Client] Received event: TickCompleted

stdout | src/tests/server_v2/sse_integration.test.ts > SSE Event Stream Integration (Reproduction) > SHOULD receive EntitySpawned and Detection events via SDK stream
[SSE Handler] Received event: TickCompleted
[Test Client] Received event: TickCompleted

stdout | src/tests/server_v2/sse_integration.test.ts > SSE Event Stream Integration (Reproduction) > SHOULD receive EntitySpawned and Detection events via SDK stream
[World] Recording event: ViewStateUpdated
[SSE Handler] Received event: ViewStateUpdated
[World] Recording event: ViewStateUpdated
[SSE Handler] Received event: ViewStateUpdated
[World] Recording event: ViewStateUpdated
[SSE Handler] Received event: ViewStateUpdated
[SSE Handler] Received event: TickCompleted
[Test Client] Received event: ViewStateUpdated
[Test Client] Received event: ViewStateUpdated
[Test Client] Received event: ViewStateUpdated
[Test Client] Received event: TickCompleted

{"level":30,"time":1778543080101,"pid":546636,"hostname":"ubuntu-Surface-Laptop-Go","reqId":"req-5","req":{"method":"GET","url":"/api/v2/db/profiles?type=Aircraft&page=1&pageSize=10","host":"127.0.0.1:3006","remoteAddress":"127.0.0.1","remotePort":49508},"msg":"incoming request"}
{"level":30,"time":1778543080150,"pid":546636,"hostname":"ubuntu-Surface-Laptop-Go","reqId":"req-5","res":{"statusCode":200},"responseTime":47.39826798439026,"msg":"request completed"}
stdout | src/tests/server_v2/sse_integration.test.ts > SSE Event Stream Integration (Reproduction) > SHOULD receive EntitySpawned and Detection events via SDK stream
[World] Recording event: ViewStateUpdated
[SSE Handler] Received event: ViewStateUpdated
[World] Recording event: ViewStateUpdated
[SSE Handler] Received event: ViewStateUpdated
[World] Recording event: ViewStateUpdated
[SSE Handler] Received event: ViewStateUpdated
[SSE Handler] Received event: TickCompleted
[Test Client] Received event: ViewStateUpdated
[Test Client] Received event: ViewStateUpdated
[Test Client] Received event: ViewStateUpdated
[Test Client] Received event: TickCompleted

{"level":30,"time":1778543080212,"pid":546636,"hostname":"ubuntu-Surface-Laptop-Go","reqId":"req-6","req":{"method":"POST","url":"/api/v2/matches/a2a09088-b5fa-4e6c-9492-2339627f853b/entities","host":"127.0.0.1:3006","remoteAddress":"127.0.0.1","remotePort":58224},"msg":"incoming request"}
{"level":30,"time":1778543080277,"pid":546636,"hostname":"ubuntu-Surface-Laptop-Go","reqId":"req-6","res":{"statusCode":200},"responseTime":62.546406984329224,"msg":"request completed"}
stdout | src/tests/server_v2/sse_integration.test.ts > SSE Event Stream Integration (Reproduction) > SHOULD receive EntitySpawned and Detection events via SDK stream
[entity_create] Creating entity f-16c for match a2a09088-b5fa-4e6c-9492-2339627f853b
[entity_create] Calling entityMgr.spawn for f-16c
[EntityManager] Spawning entity-4434b462 in world owic4d
[World] Adding entity: entity-4434b462
[World] Recording event: EntitySpawned
[SSE Handler] Received event: EntitySpawned
[2026-05-11T23:44:40.269Z] [ENGINE] [INFO] Entity added: entity-4434b462 | {"side":"Blue"}
[entity_create] Spawn successful for entity-4434b462

stdout | src/tests/server_v2/sse_integration.test.ts > SSE Event Stream Integration (Reproduction) > SHOULD receive EntitySpawned and Detection events via SDK stream
[Test Client] Received event: EntitySpawned

{"level":30,"time":1778543080328,"pid":546636,"hostname":"ubuntu-Surface-Laptop-Go","reqId":"req-7","req":{"method":"POST","url":"/api/v2/matches/a2a09088-b5fa-4e6c-9492-2339627f853b/entities","host":"127.0.0.1:3006","remoteAddress":"127.0.0.1","remotePort":49508},"msg":"incoming request"}
{"level":30,"time":1778543080348,"pid":546636,"hostname":"ubuntu-Surface-Laptop-Go","reqId":"req-7","res":{"statusCode":200},"responseTime":18.81540298461914,"msg":"request completed"}
stdout | src/tests/server_v2/sse_integration.test.ts > SSE Event Stream Integration (Reproduction) > SHOULD receive EntitySpawned and Detection events via SDK stream
[entity_create] Creating entity f-16c for match a2a09088-b5fa-4e6c-9492-2339627f853b
[entity_create] Calling entityMgr.spawn for f-16c
[EntityManager] Spawning entity-159c37 in world owic4d
[World] Adding entity: entity-159c37
[World] Recording event: EntitySpawned
[SSE Handler] Received event: EntitySpawned
[2026-05-11T23:44:40.338Z] [ENGINE] [INFO] Entity added: entity-159c37 | {"side":"Red"}
[entity_create] Spawn successful for entity-159c37

{"level":30,"time":1778543080389,"pid":546636,"hostname":"ubuntu-Surface-Laptop-Go","reqId":"req-8","req":{"method":"POST","url":"/api/v2/matches/a2a09088-b5fa-4e6c-9492-2339627f853b/entities/entity-4434b462/detections","host":"127.0.0.1:3006","remoteAddress":"127.0.0.1","remotePort":58224},"msg":"incoming request"}
stdout | src/tests/server_v2/sse_integration.test.ts > SSE Event Stream Integration (Reproduction) > SHOULD receive EntitySpawned and Detection events via SDK stream
[Test Client] Received event: EntitySpawned

{"level":30,"time":1778543080407,"pid":546636,"hostname":"ubuntu-Surface-Laptop-Go","reqId":"req-8","res":{"statusCode":200},"responseTime":16.325222969055176,"msg":"request completed"}
{"level":30,"time":1778543080442,"pid":546636,"hostname":"ubuntu-Surface-Laptop-Go","reqId":"req-9","req":{"method":"POST","url":"/api/v2/matches/a2a09088-b5fa-4e6c-9492-2339627f853b/simulation/step","host":"127.0.0.1:3006","remoteAddress":"127.0.0.1","remotePort":49508},"msg":"incoming request"}
[TERRAIN-WORKER] Successfully downloaded tile: https://s3.amazonaws.com/elevation-tiles-prod/skadi/N00/N00E000.hgt.gz
